<html>
<body>
<pre>
<h1>µVision Build Log</h1>
<h2>Tool Versions:</h2>
IDE-Version: ¦ÌVision V5.22.0.0
Copyright (C) 2016 ARM Ltd and ARM Germany GmbH. All rights reserved.
License Information: a Lenovo, a, LIC=NHY12-9TXDR-BU94K-ZYWRL-WCZL6-RQJQW
 
Tool Versions:
Toolchain:       MDK-ARM Professional  Version: 5.22
Toolchain Path:  D:\Keil_v5\ARM\ARMCC\Bin
C Compiler:      Armcc.exe V5.06 update 4 (build 422)
Assembler:       Armasm.exe V5.06 update 4 (build 422)
Linker/Locator:  ArmLink.exe V5.06 update 4 (build 422)
Library Manager: ArmAr.exe V5.06 update 4 (build 422)
Hex Converter:   FromElf.exe V5.06 update 4 (build 422)
CPU DLL:         SARMCM3.DLL V5.22
Dialog DLL:      DCM.DLL V1.13.9.0
Target DLL:      CMSIS_AGDI.dll V1.27.0.0
Dialog DLL:      TCM.DLL V1.21.0.0
 
<h2>Project:</h2>
C:\Users\Lenovo\IdeaProjects\untitled\src\Calculation\RBC_CQUPT_HXC_RR\MDK-ARM\ROBOCON2023_CQUPT.uvprojx
Project File Date:  06/20/2023

<h2>Output:</h2>
*** Using Compiler 'V5.06 update 4 (build 422)', folder: 'D:\Keil_v5\ARM\ARMCC\Bin'
Build target 'ROBOCON2023_CQUPT'
assembling startup_stm32f427xx.s...
compiling dma.c...
compiling stm32f4xx_it.c...
../Core/Src/stm32f4xx_it.c(283): warning:  #223-D: function "printf" declared implicitly
                      printf("Y=%d    X=%d    yaw=%d  flag=%d\r\n", (int)set_pos_y,(int) set_pos_x, (int)set_zangle, move_flag);
../Core/Src/stm32f4xx_it.c(284): warning:  #223-D: function "Usart2Printf" declared implicitly
                      Usart2Printf("n20.val=%d\xff\xff\xff",(int)set_pos_y);
../Core/Src/stm32f4xx_it.c: 2 warnings, 0 errors
compiling spi.c...
compiling can.c...
compiling stm32f4xx_hal_msp.c...
compiling stm32f4xx_hal_flash_ex.c...
compiling usart.c...
compiling gpio.c...
compiling stm32f4xx_hal_can.c...
compiling stm32f4xx_hal_rcc_ex.c...
compiling freertos.c...
compiling stm32f4xx_hal_timebase_tim.c...
compiling stm32f4xx_hal_flash.c...
compiling main.c...
../Core/Src/main.c(38): warning:  #940-D: missing return statement at end of non-void function "fputc" 
  }
../Core/Src/main.c: 1 warning, 0 errors
compiling stm32f4xx_hal_rcc.c...
compiling croutine.c...
compiling event_groups.c...
compiling list.c...
compiling queue.c...
compiling stream_buffer.c...
compiling tasks.c...
compiling timers.c...
compiling cmsis_os.c...
compiling heap_4.c...
compiling port.c...
compiling stm32f4xx_hal_flash_ramfunc.c...
compiling stm32f4xx_hal_gpio.c...
compiling stm32f4xx_hal_cortex.c...
compiling stm32f4xx_hal_pwr.c...
compiling stm32f4xx_hal_exti.c...
compiling stm32f4xx_hal_dma_ex.c...
compiling stm32f4xx_hal_pwr_ex.c...
compiling stm32f4xx_hal.c...
compiling task.c...
..\Task\task.c(142): warning:  #940-D: missing return statement at end of non-void function "robot_stop" 
  }
..\Task\task.c(110): warning:  #550-D: variable "nextBehaviours"  was set but never used
      robot_behaviour_e nextBehaviours = ROBOT_STOP;
..\Task\task.c: 2 warnings, 0 errors
compiling stm32f4xx_hal_dma.c...
compiling system_stm32f4xx.c...
compiling stm32f4xx_hal_spi.c...
compiling stm32f4xx_hal_uart.c...
compiling stm32f4xx_hal_tim_ex.c...
compiling stm32f4xx_hal_tim.c...
compiling bsp_as5048.c...
compiling bsp_can.c...
compiling bsp_sbus.c...
compiling pid.c...
compiling action_usart.c...
..\Hardware\action_usart\action_usart.c(34): warning:  #1-D: last line of file ends without a newline
  //}
..\Hardware\action_usart\action_usart.c: 1 warning, 0 errors
compiling chassis_behaviour.c...
compiling test_task.c...
..\Task\test_task.c(74): warning:  #1035-D: single-precision operand implicitly converted to double-precision
  				if(
BS(upper_Move.Wheel_Dir[1].angle-0)<1.0){
..\Task\test_task.c(85): warning:  #1035-D: single-precision operand implicitly converted to double-precision
  				if(
BS(upper_Move.Wheel_Dir[1].angle-10)<1.0){
..\Task\test_task.c: 2 warnings, 0 errors
compiling upper_behaviour.c...
compiling chassis_task.c...
..\Task\chassis_task.c(110): warning:  #177-D: variable "i"  was declared but never referenced
      int i=0;
..\Task\chassis_task.c(253): warning:  #177-D: function "chassis_set_mode"  was declared but never referenced
  static void chassis_set_mode(chassis_move_t *Chassis_Move_Mode)
..\Task\chassis_task.c: 2 warnings, 0 errors
compiling led_task.c...
linking...
Program Size: Code=28804 RO-data=908 RW-data=200 ZI-data=23704  
FromELF: creating hex file...
"ROBOCON2023_CQUPT\ROBOCON2023_CQUPT.axf" - 0 Error(s), 10 Warning(s).

<h2>Software Packages used:</h2>

Package Vendor: ARM
                http://www.keil.com/pack/ARM.CMSIS.5.0.0.pack
                ARM::CMSIS:CORE:5.0.0
                CMSIS (Cortex Microcontroller Software Interface Standard)
   * Component: CORE Version: 5.0.0

<h2>Collection of Component include folders:</h2>
  C:\Users\Lenovo\IdeaProjects\untitled\src\Calculation\RBC_CQUPT_HXC_RR\MDK-ARM\RTE\_ROBOCON2023_CQUPT
  D:\Keil_v5\ARM\PACK\ARM\CMSIS\5.0.0\CMSIS\Include
  D:\Keil_v5\ARM\PACK\Keil\STM32F4xx_DFP\2.11.0\Drivers\CMSIS\Device\ST\STM32F4xx\Include

<h2>Collection of Component Files used:</h2>

   * Component: ARM::CMSIS:CORE:5.0.0
Build Time Elapsed:  00:00:40
</pre>
</body>
</html>
