Component: ARM Compiler 5.06 update 4 (build 422) Tool: armlink [4d35d2]

==============================================================================

Section Cross References

    startup_stm32f427xx.o(RESET) refers to startup_stm32f427xx.o(STACK) for __initial_sp
    startup_stm32f427xx.o(RESET) refers to startup_stm32f427xx.o(.text) for Reset_Handler
    startup_stm32f427xx.o(RESET) refers to stm32f4xx_it.o(i.NMI_Handler) for NMI_Handler
    startup_stm32f427xx.o(RESET) refers to stm32f4xx_it.o(i.HardFault_Handler) for HardFault_Handler
    startup_stm32f427xx.o(RESET) refers to stm32f4xx_it.o(i.MemManage_Handler) for MemManage_Handler
    startup_stm32f427xx.o(RESET) refers to stm32f4xx_it.o(i.BusFault_Handler) for BusFault_Handler
    startup_stm32f427xx.o(RESET) refers to stm32f4xx_it.o(i.UsageFault_Handler) for UsageFault_Handler
    startup_stm32f427xx.o(RESET) refers to port.o(.emb_text) for SVC_Handler
    startup_stm32f427xx.o(RESET) refers to stm32f4xx_it.o(i.DebugMon_Handler) for DebugMon_Handler
    startup_stm32f427xx.o(RESET) refers to port.o(i.SysTick_Handler) for SysTick_Handler
    startup_stm32f427xx.o(RESET) refers to stm32f4xx_it.o(i.DMA1_Stream3_IRQHandler) for DMA1_Stream3_IRQHandler
    startup_stm32f427xx.o(RESET) refers to stm32f4xx_it.o(i.DMA1_Stream5_IRQHandler) for DMA1_Stream5_IRQHandler
    startup_stm32f427xx.o(RESET) refers to stm32f4xx_it.o(i.CAN1_TX_IRQHandler) for CAN1_TX_IRQHandler
    startup_stm32f427xx.o(RESET) refers to stm32f4xx_it.o(i.CAN1_RX0_IRQHandler) for CAN1_RX0_IRQHandler
    startup_stm32f427xx.o(RESET) refers to stm32f4xx_it.o(i.TIM2_IRQHandler) for TIM2_IRQHandler
    startup_stm32f427xx.o(RESET) refers to stm32f4xx_it.o(i.TIM3_IRQHandler) for TIM3_IRQHandler
    startup_stm32f427xx.o(RESET) refers to stm32f4xx_it.o(i.USART1_IRQHandler) for USART1_IRQHandler
    startup_stm32f427xx.o(RESET) refers to stm32f4xx_it.o(i.USART2_IRQHandler) for USART2_IRQHandler
    startup_stm32f427xx.o(RESET) refers to stm32f4xx_it.o(i.TIM8_TRG_COM_TIM14_IRQHandler) for TIM8_TRG_COM_TIM14_IRQHandler
    startup_stm32f427xx.o(RESET) refers to stm32f4xx_it.o(i.DMA2_Stream1_IRQHandler) for DMA2_Stream1_IRQHandler
    startup_stm32f427xx.o(RESET) refers to stm32f4xx_it.o(i.DMA2_Stream2_IRQHandler) for DMA2_Stream2_IRQHandler
    startup_stm32f427xx.o(RESET) refers to stm32f4xx_it.o(i.CAN2_TX_IRQHandler) for CAN2_TX_IRQHandler
    startup_stm32f427xx.o(RESET) refers to stm32f4xx_it.o(i.CAN2_RX0_IRQHandler) for CAN2_RX0_IRQHandler
    startup_stm32f427xx.o(RESET) refers to stm32f4xx_it.o(i.USART6_IRQHandler) for USART6_IRQHandler
    startup_stm32f427xx.o(RESET) refers to stm32f4xx_it.o(i.UART7_IRQHandler) for UART7_IRQHandler
    startup_stm32f427xx.o(.text) refers to system_stm32f4xx.o(i.SystemInit) for SystemInit
    startup_stm32f427xx.o(.text) refers to entry.o(.ARM.Collect$$$$00000000) for __main
    main.o(i.HAL_TIM_PeriodElapsedCallback) refers to stm32f4xx_hal.o(i.HAL_IncTick) for HAL_IncTick
    main.o(i.HAL_TIM_PeriodElapsedCallback) refers to main.o(.data) for .data
    main.o(i.SystemClock_Config) refers to memseta.o(.text) for __aeabi_memclr4
    main.o(i.SystemClock_Config) refers to stm32f4xx_hal_rcc.o(i.HAL_RCC_OscConfig) for HAL_RCC_OscConfig
    main.o(i.SystemClock_Config) refers to stm32f4xx_hal_pwr_ex.o(i.HAL_PWREx_EnableOverDrive) for HAL_PWREx_EnableOverDrive
    main.o(i.SystemClock_Config) refers to stm32f4xx_hal_rcc.o(i.HAL_RCC_ClockConfig) for HAL_RCC_ClockConfig
    main.o(i.fputc) refers to stm32f4xx_hal_uart.o(i.HAL_UART_Transmit) for HAL_UART_Transmit
    main.o(i.fputc) refers to usart.o(.bss) for huart6
    main.o(i.main) refers to stm32f4xx_hal.o(i.HAL_Init) for HAL_Init
    main.o(i.main) refers to main.o(i.SystemClock_Config) for SystemClock_Config
    main.o(i.main) refers to gpio.o(i.MX_GPIO_Init) for MX_GPIO_Init
    main.o(i.main) refers to dma.o(i.MX_DMA_Init) for MX_DMA_Init
    main.o(i.main) refers to can.o(i.MX_CAN1_Init) for MX_CAN1_Init
    main.o(i.main) refers to can.o(i.MX_CAN2_Init) for MX_CAN2_Init
    main.o(i.main) refers to spi.o(i.MX_SPI4_Init) for MX_SPI4_Init
    main.o(i.main) refers to usart.o(i.MX_USART1_UART_Init) for MX_USART1_UART_Init
    main.o(i.main) refers to usart.o(i.MX_USART2_UART_Init) for MX_USART2_UART_Init
    main.o(i.main) refers to usart.o(i.MX_USART3_UART_Init) for MX_USART3_UART_Init
    main.o(i.main) refers to usart.o(i.MX_USART6_UART_Init) for MX_USART6_UART_Init
    main.o(i.main) refers to usart.o(i.MX_UART7_Init) for MX_UART7_Init
    main.o(i.main) refers to tim.o(i.MX_TIM2_Init) for MX_TIM2_Init
    main.o(i.main) refers to tim.o(i.MX_TIM3_Init) for MX_TIM3_Init
    main.o(i.main) refers to bsp_sbus.o(i.dbus_uart_init) for dbus_uart_init
    main.o(i.main) refers to bsp_can.o(i.my_can_filter_init_recv_all) for my_can_filter_init_recv_all
    main.o(i.main) refers to bsp_can.o(i.can_filter_recv_special) for can_filter_recv_special
[...]
    .data                                    0x20000054   Section       60  tasks.o(.data)
    uxDeletedTasksWaitingCleanUp             0x20000058   Data           4  tasks.o(.data)
    uxCurrentNumberOfTasks                   0x2000005c   Data           4  tasks.o(.data)
    xTickCount                               0x20000060   Data           4  tasks.o(.data)
    uxTopReadyPriority                       0x20000064   Data           4  tasks.o(.data)
    xSchedulerRunning                        0x20000068   Data           4  tasks.o(.data)
    xPendedTicks                             0x2000006c   Data           4  tasks.o(.data)
    xYieldPending                            0x20000070   Data           4  tasks.o(.data)
    xNumOfOverflows                          0x20000074   Data           4  tasks.o(.data)
    uxTaskNumber                             0x20000078   Data           4  tasks.o(.data)
    xNextTaskUnblockTime                     0x2000007c   Data           4  tasks.o(.data)
    xIdleTaskHandle                          0x20000080   Data           4  tasks.o(.data)
    uxSchedulerSuspended                     0x20000084   Data           4  tasks.o(.data)
    pxDelayedTaskList                        0x20000088   Data           4  tasks.o(.data)
    pxOverflowDelayedTaskList                0x2000008c   Data           4  tasks.o(.data)
    .data                                    0x20000090   Section       32  heap_4.o(.data)
    pxEnd                                    0x20000090   Data           4  heap_4.o(.data)
    xFreeBytesRemaining                      0x20000094   Data           4  heap_4.o(.data)
    xMinimumEverFreeBytesRemaining           0x20000098   Data           4  heap_4.o(.data)
    xNumberOfSuccessfulAllocations           0x2000009c   Data           4  heap_4.o(.data)
    xNumberOfSuccessfulFrees                 0x200000a0   Data           4  heap_4.o(.data)
    xBlockAllocatedBit                       0x200000a4   Data           4  heap_4.o(.data)
    xStart                                   0x200000a8   Data           8  heap_4.o(.data)
    .data                                    0x200000b0   Section       12  port.o(.data)
    ucMaxSysCallPriority                     0x200000b0   Data           1  port.o(.data)
    uxCriticalNesting                        0x200000b4   Data           4  port.o(.data)
    ulMaxPRIGROUPValue                       0x200000b8   Data           4  port.o(.data)
    .data                                    0x200000bc   Section        1  chassis_behaviour.o(.data)
    .data                                    0x200000c0   Section        4  chassis_task.o(.data)
    V0_last                                  0x200000c0   Data           4  chassis_task.o(.data)
    .data                                    0x200000c4   Section        4  stdout.o(.data)
    .data                                    0x200000c8   Section        4  errno.o(.data)
    _errno                                   0x200000c8   Data           4  errno.o(.data)
    .bss                                     0x200000cc   Section      255  main.o(.bss)
    .bss                                     0x200001cb   Section      255  main.o(.bss)
    .bss                                     0x200002cc   Section      596  freertos.o(.bss)
    xIdleTaskTCBBuffer                       0x200002cc   Data          84  freertos.o(.bss)
    xIdleStack                               0x20000320   Data         512  freertos.o(.bss)
    .bss                                     0x20000520   Section       80  can.o(.bss)
    .bss                                     0x20000570   Section       88  spi.o(.bss)
    .bss                                     0x200005c8   Section      144  tim.o(.bss)
    .bss                                     0x20000658   Section      724  usart.o(.bss)
    .bss                                     0x2000092c   Section       24  stm32f4xx_it.o(.bss)
    posture                                  0x2000092c   Data          24  stm32f4xx_it.o(.bss)
    .bss                                     0x20000944   Section       72  stm32f4xx_hal_timebase_tim.o(.bss)
    .bss                                     0x2000098c   Section      240  tasks.o(.bss)
    pxReadyTasksLists                        0x2000098c   Data         140  tasks.o(.bss)
    xDelayedTaskList1                        0x20000a18   Data          20  tasks.o(.bss)
    xDelayedTaskList2                        0x20000a2c   Data          20  tasks.o(.bss)
    xPendingReadyList                        0x20000a40   Data          20  tasks.o(.bss)
    xTasksWaitingTermination                 0x20000a54   Data          20  tasks.o(.bss)
    xSuspendedTaskList                       0x20000a68   Data          20  tasks.o(.bss)
    .bss                                     0x20000a7c   Section    15360  heap_4.o(.bss)
    ucHeap                                   0x20000a7c   Data       15360  heap_4.o(.bss)
    .bss                                     0x2000467c   Section      832  bsp_can.o(.bss)
    .bss                                     0x200049bc   Section       59  bsp_sbus.o(.bss)
    .bss                                     0x200049f8   Section     2132  chassis_task.o(.bss)
    .bss                                     0x2000524c   Section     2132  test_task.o(.bss)
    STACK                                    0x20005aa0   Section     1024  startup_stm32f427xx.o(STACK)

    Global Symbols

    Symbol Name                              Value     Ov Type        Size  Object(Section)

    BuildAttributes$$THM_ISAv4$E$P$D$K$B$S$7EM$VFPi3$EXTD16$VFPS$VFMA$PE$A:L22UL41UL21$X:L11$S22US41US21$IEEE1$IW$USESV6$~STKCKD$USESV7$~SHL$OTIME$ROPI$IEEEX$EBA8$MICROLIB$REQ8$PRES8$EABIv2 0x00000000   Number         0  anon$$obj.o ABSOLUTE
    __ARM_use_no_argv                        0x00000000   Number         0  main.o ABSOLUTE
    _printf_a                                0x00000000   Number         0  stubs.o ABSOLUTE
    _printf_c                                0x00000000   Number         0  stubs.o ABSOLUTE
    _printf_charcount                        0x00000000   Number         0  stubs.o ABSOLUTE
    _printf_d                                0x00000000   Number         0  stubs.o ABSOLUTE
    _printf_e                                0x00000000   Number         0  stubs.o ABSOLUTE
    _printf_f                                0x00000000   Number         0  stubs.o ABSOLUTE
    _printf_flags                            0x00000000   Number         0  stubs.o ABSOLUTE
    _printf_fp_dec                           0x00000000   Number         0  stubs.o ABSOLUTE
    _printf_fp_hex                           0x00000000   Number         0  stubs.o ABSOLUTE
    _printf_g                                0x00000000   Number         0  stubs.o ABSOLUTE
    _printf_i                                0x00000000   Number         0  stubs.o ABSOLUTE
    _printf_int_dec                          0x00000000   Number         0  stubs.o ABSOLUTE
    _printf_l                                0x00000000   Number         0  stubs.o ABSOLUTE
    _printf_lc                               0x00000000   Number         0  stubs.o ABSOLUTE
    _printf_ll                               0x00000000   Number         0  stubs.o ABSOLUTE
    _printf_lld                              0x00000000   Number         0  stubs.o ABSOLUTE
    _printf_lli                              0x00000000   Number         0  stubs.o ABSOLUTE
    _printf_llo                              0x00000000   Number         0  stubs.o ABSOLUTE
    _printf_llu                              0x00000000   Number         0  stubs.o ABSOLUTE
    _printf_llx                              0x00000000   Number         0  stubs.o ABSOLUTE
    _printf_longlong_dec                     0x00000000   Number         0  stubs.o ABSOLUTE
    _printf_longlong_hex                     0x00000000   Number         0  stubs.o ABSOLUTE
    _printf_longlong_oct                     0x00000000   Number         0  stubs.o ABSOLUTE
    _printf_ls                               0x00000000   Number         0  stubs.o ABSOLUTE
    _printf_mbtowc                           0x00000000   Number         0  stubs.o ABSOLUTE
    _printf_n                                0x00000000   Number         0  stubs.o ABSOLUTE
    _printf_o                                0x00000000   Number         0  stubs.o ABSOLUTE
    _printf_p                                0x00000000   Number         0  stubs.o ABSOLUTE
    _printf_percent                          0x00000000   Number         0  stubs.o ABSOLUTE
    _printf_pre_padding                      0x00000000   Number         0  stubs.o ABSOLUTE
    _printf_return_value                     0x00000000   Number         0  stubs.o ABSOLUTE
    _printf_s                                0x00000000   Number         0  stubs.o ABSOLUTE
    _printf_sizespec                         0x00000000   Number         0  stubs.o ABSOLUTE
    _printf_str                              0x00000000   Number         0  stubs.o ABSOLUTE
    _printf_truncate_signed                  0x00000000   Number         0  stubs.o ABSOLUTE
    _printf_truncate_unsigned                0x00000000   Number         0  stubs.o ABSOLUTE
    _printf_u                                0x00000000   Number         0  stubs.o ABSOLUTE
    _printf_wc                               0x00000000   Number         0  stubs.o ABSOLUTE
    _printf_wctomb                           0x00000000   Number         0  stubs.o ABSOLUTE
    _printf_widthprec                        0x00000000   Number         0  stubs.o ABSOLUTE
    _printf_x                                0x00000000   Number         0  stubs.o ABSOLUTE
    __cpp_initialize__aeabi_                  - Undefined Weak Reference
    __cxa_finalize                            - Undefined Weak Reference
    __decompress                              - Undefined Weak Reference
    _clock_init                               - Undefined Weak Reference
    _microlib_exit                            - Undefined Weak Reference
    __Vectors_Size                           0x000001ac   Number         0  startup_stm32f427xx.o ABSOLUTE
    __Vectors                                0x08000000   Data           4  startup_stm32f427xx.o(RESET)
    __Vectors_End                            0x080001ac   Data           0  startup_stm32f427xx.o(RESET)
    __main                                   0x080001ad   Thumb Code     0  entry.o(.ARM.Collect$$$$00000000)
    _main_stk                                0x080001ad   Thumb Code     0  entry2.o(.ARM.Collect$$$$00000001)
    _main_scatterload                        0x080001b1   Thumb Code     0  entry5.o(.ARM.Collect$$$$00000004)
    __main_after_scatterload                 0x080001b5   Thumb Code     0  entry5.o(.ARM.Collect$$$$00000004)
    _main_clock                              0x080001b5   Thumb Code     0  entry7b.o(.ARM.Collect$$$$00000008)
    _main_cpp_init                           0x080001b5   Thumb Code     0  entry8b.o(.ARM.Collect$$$$0000000A)
    _main_init                               0x080001b5   Thumb Code     0  entry9a.o(.ARM.Collect$$$$0000000B)
    __rt_final_cpp                           0x080001bd   Thumb Code     0  entry10a.o(.ARM.Collect$$$$0000000D)
    __rt_final_exit                          0x080001bd   Thumb Code     0  entry11a.o(.ARM.Collect$$$$0000000F)
    SVC_Handler                              0x080001c1   Thumb Code    28  port.o(.emb_text)
    __asm___6_port_c_39a90d8d__prvStartFirstTask 0x080001e1   Thumb Code    36  port.o(.emb_text)
    __asm___6_port_c_39a90d8d__prvEnableVFP  0x08000209   Thumb Code    16  port.o(.emb_text)
    PendSV_Handler                           0x0800021d   Thumb Code    88  port.o(.emb_text)
    vPortGetIPSR                             0x08000279   Thumb Code     6  port.o(.emb_text)
    Reset_Handler                            0x08000281   Thumb Code     8  startup_stm32f427xx.o(.text)
    ADC_IRQHandler                           0x0800029b   Thumb Code     0  startup_stm32f427xx.o(.text)
    CAN1_RX1_IRQHandler                      0x0800029b   Thumb Code     0  startup_stm32f427xx.o(.text)
    CAN1_SCE_IRQHandler                      0x0800029b   Thumb Code     0  startup_stm32f427xx.o(.text)
    CAN2_RX1_IRQHandler                      0x0800029b   Thumb Code     0  startup_stm32f427xx.o(.text)
    CAN2_SCE_IRQHandler                      0x0800029b   Thumb Code     0  startup_stm32f427xx.o(.text)
    DCMI_IRQHandler                          0x0800029b   Thumb Code     0  startup_stm32f427xx.o(.text)
    DMA1_Stream0_IRQHandler                  0x0800029b   Thumb Code     0  startup_stm32f427xx.o(.text)
    DMA1_Stream1_IRQHandler                  0x0800029b   Thumb Code     0  startup_stm32f427xx.o(.text)
    DMA1_Stream2_IRQHandler                  0x0800029b   Thumb Code     0  startup_stm32f427xx.o(.text)
    DMA1_Stream4_IRQHandler                  0x0800029b   Thumb Code     0  startup_stm32f427xx.o(.text)
    DMA1_Stream6_IRQHandler                  0x0800029b   Thumb Code     0  startup_stm32f427xx.o(.text)
    DMA1_Stream7_IRQHandler                  0x0800029b   Thumb Code     0  startup_stm32f427xx.o(.text)
    DMA2D_IRQHandler                         0x0800029b   Thumb Code     0  startup_stm32f427xx.o(.text)
    DMA2_Stream0_IRQHandler                  0x0800029b   Thumb Code     0  startup_stm32f427xx.o(.text)
    DMA2_Stream3_IRQHandler                  0x0800029b   Thumb Code     0  startup_stm32f427xx.o(.text)
    DMA2_Stream4_IRQHandler                  0x0800029b   Thumb Code     0  startup_stm32f427xx.o(.text)
    DMA2_Stream5_IRQHandler                  0x0800029b   Thumb Code     0  startup_stm32f427xx.o(.text)
    DMA2_Stream6_IRQHandler                  0x0800029b   Thumb Code     0  startup_stm32f427xx.o(.text)
    DMA2_Stream7_IRQHandler                  0x0800029b   Thumb Code     0  startup_stm32f427xx.o(.text)
    ETH_IRQHandler                           0x0800029b   Thumb Code     0  startup_stm32f427xx.o(.text)
    ETH_WKUP_IRQHandler                      0x0800029b   Thumb Code     0  startup_stm32f427xx.o(.text)
    EXTI0_IRQHandler                         0x0800029b   Thumb Code     0  startup_stm32f427xx.o(.text)
    EXTI15_10_IRQHandler                     0x0800029b   Thumb Code     0  startup_stm32f427xx.o(.text)
    EXTI1_IRQHandler                         0x0800029b   Thumb Code     0  startup_stm32f427xx.o(.text)
    EXTI2_IRQHandler                         0x0800029b   Thumb Code     0  startup_stm32f427xx.o(.text)
    EXTI3_IRQHandler                         0x0800029b   Thumb Code     0  startup_stm32f427xx.o(.text)
    EXTI4_IRQHandler                         0x0800029b   Thumb Code     0  startup_stm32f427xx.o(.text)
    EXTI9_5_IRQHandler                       0x0800029b   Thumb Code     0  startup_stm32f427xx.o(.text)
    FLASH_IRQHandler                         0x0800029b   Thumb Code     0  startup_stm32f427xx.o(.text)
    FMC_IRQHandler                           0x0800029b   Thumb Code     0  startup_stm32f427xx.o(.text)
    FPU_IRQHandler                           0x0800029b   Thumb Code     0  startup_stm32f427xx.o(.text)
    HASH_RNG_IRQHandler                      0x0800029b   Thumb Code     0  startup_stm32f427xx.o(.text)
    I2C1_ER_IRQHandler                       0x0800029b   Thumb Code     0  startup_stm32f427xx.o(.text)
    I2C1_EV_IRQHandler                       0x0800029b   Thumb Code     0  startup_stm32f427xx.o(.text)
    I2C2_ER_IRQHandler                       0x0800029b   Thumb Code     0  startup_stm32f427xx.o(.text)
    I2C2_EV_IRQHandler                       0x0800029b   Thumb Code     0  startup_stm32f427xx.o(.text)
    I2C3_ER_IRQHandler                       0x0800029b   Thumb Code     0  startup_stm32f427xx.o(.text)
    I2C3_EV_IRQHandler                       0x0800029b   Thumb Code     0  startup_stm32f427xx.o(.text)
    OTG_FS_IRQHandler                        0x0800029b   Thumb Code     0  startup_stm32f427xx.o(.text)
    OTG_FS_WKUP_IRQHandler                   0x0800029b   Thumb Code     0  startup_stm32f427xx.o(.text)
    OTG_HS_EP1_IN_IRQHandler                 0x0800029b   Thumb Code     0  startup_stm32f427xx.o(.text)
    OTG_HS_EP1_OUT_IRQHandler                0x0800029b   Thumb Code     0  startup_stm32f427xx.o(.text)
    OTG_HS_IRQHandler                        0x0800029b   Thumb Code     0  startup_stm32f427xx.o(.text)
    OTG_HS_WKUP_IRQHandler                   0x0800029b   Thumb Code     0  startup_stm32f427xx.o(.text)
    PVD_IRQHandler                           0x0800029b   Thumb Code     0  startup_stm32f427xx.o(.text)
    RCC_IRQHandler                           0x0800029b   Thumb Code     0  startup_stm32f427xx.o(.text)
    RTC_Alarm_IRQHandler                     0x0800029b   Thumb Code     0  startup_stm32f427xx.o(.text)
    RTC_WKUP_IRQHandler                      0x0800029b   Thumb Code     0  startup_stm32f427xx.o(.text)
    SAI1_IRQHandler                          0x0800029b   Thumb Code     0  startup_stm32f427xx.o(.text)
    SDIO_IRQHandler                          0x0800029b   Thumb Code     0  startup_stm32f427xx.o(.text)
    SPI1_IRQHandler                          0x0800029b   Thumb Code     0  startup_stm32f427xx.o(.text)
    SPI2_IRQHandler                          0x0800029b   Thumb Code     0  startup_stm32f427xx.o(.text)
    SPI3_IRQHandler                          0x0800029b   Thumb Code     0  startup_stm32f427xx.o(.text)
    SPI4_IRQHandler                          0x0800029b   Thumb Code     0  startup_stm32f427xx.o(.text)
    SPI5_IRQHandler                          0x0800029b   Thumb Code     0  startup_stm32f427xx.o(.text)
    SPI6_IRQHandler                          0x0800029b   Thumb Code     0  startup_stm32f427xx.o(.text)
    TAMP_STAMP_IRQHandler                    0x0800029b   Thumb Code     0  startup_stm32f427xx.o(.text)
    TIM1_BRK_TIM9_IRQHandler                 0x0800029b   Thumb Code     0  startup_stm32f427xx.o(.text)
    TIM1_CC_IRQHandler                       0x0800029b   Thumb Code     0  startup_stm32f427xx.o(.text)
    TIM1_TRG_COM_TIM11_IRQHandler            0x0800029b   Thumb Code     0  startup_stm32f427xx.o(.text)
    TIM1_UP_TIM10_IRQHandler                 0x0800029b   Thumb Code     0  startup_stm32f427xx.o(.text)
    TIM4_IRQHandler                          0x0800029b   Thumb Code     0  startup_stm32f427xx.o(.text)
    TIM5_IRQHandler                          0x0800029b   Thumb Code     0  startup_stm32f427xx.o(.text)
    TIM6_DAC_IRQHandler                      0x0800029b   Thumb Code     0  startup_stm32f427xx.o(.text)
    TIM7_IRQHandler                          0x0800029b   Thumb Code     0  startup_stm32f427xx.o(.text)
    TIM8_BRK_TIM12_IRQHandler                0x0800029b   Thumb Code     0  startup_stm32f427xx.o(.text)
    TIM8_CC_IRQHandler                       0x0800029b   Thumb Code     0  startup_stm32f427xx.o(.text)
    TIM8_UP_TIM13_IRQHandler                 0x0800029b   Thumb Code     0  startup_stm32f427xx.o(.text)
    UART4_IRQHandler                         0x0800029b   Thumb Code     0  startup_stm32f427xx.o(.text)
    UART5_IRQHandler                         0x0800029b   Thumb Code     0  startup_stm32f427xx.o(.text)
    UART8_IRQHandler                         0x0800029b   Thumb Code     0  startup_stm32f427xx.o(.text)
    USART3_IRQHandler                        0x0800029b   Thumb Code     0  startup_stm32f427xx.o(.text)
    WWDG_IRQHandler                          0x0800029b   Thumb Code     0  startup_stm32f427xx.o(.text)
    __aeabi_uldivmod                         0x080002a5   Thumb Code    98  uldiv.o(.text)
    __aeabi_memcpy                           0x08000307   Thumb Code    36  memcpya.o(.text)
    __aeabi_memcpy4                          0x08000307   Thumb Code     0  memcpya.o(.text)
    __aeabi_memcpy8                          0x08000307   Thumb Code     0  memcpya.o(.text)
    __aeabi_memset                           0x0800032b   Thumb Code    14  memseta.o(.text)
    __aeabi_memset4                          0x0800032b   Thumb Code     0  memseta.o(.text)
    __aeabi_memset8                          0x0800032b   Thumb Code     0  memseta.o(.text)
    __aeabi_memclr                           0x08000339   Thumb Code     4  memseta.o(.text)
    __aeabi_memclr4                          0x08000339   Thumb Code     0  memseta.o(.text)
    __aeabi_memclr8                          0x08000339   Thumb Code     0  memseta.o(.text)
    memset                                   0x0800033d   Thumb Code    18  memseta.o(.text)
    __aeabi_dadd                             0x0800034f   Thumb Code   322  dadd.o(.text)
    __aeabi_dsub                             0x08000491   Thumb Code     6  dadd.o(.text)
    __aeabi_drsub                            0x08000497   Thumb Code     6  dadd.o(.text)
    __aeabi_dmul                             0x0800049d   Thumb Code   228  dmul.o(.text)
    __aeabi_ddiv                             0x08000581   Thumb Code   222  ddiv.o(.text)
    __aeabi_i2d                              0x0800065f   Thumb Code    34  dflti.o(.text)
    __aeabi_ui2d                             0x08000681   Thumb Code    26  dfltui.o(.text)
    __aeabi_f2d                              0x0800069b   Thumb Code    38  f2d.o(.text)
    __aeabi_d2f                              0x080006c1   Thumb Code    56  d2f.o(.text)
    __aeabi_uidiv                            0x080006f9   Thumb Code     0  uidiv.o(.text)
    __aeabi_uidivmod                         0x080006f9   Thumb Code    44  uidiv.o(.text)
    __aeabi_llsl                             0x08000725   Thumb Code    30  llshl.o(.text)
    _ll_shift_l                              0x08000725   Thumb Code     0  llshl.o(.text)
    __aeabi_llsr                             0x08000743   Thumb Code    32  llushr.o(.text)
    _ll_ushift_r                             0x08000743   Thumb Code     0  llushr.o(.text)
    __aeabi_lasr                             0x08000763   Thumb Code    36  llsshr.o(.text)
    _ll_sshift_r                             0x08000763   Thumb Code     0  llsshr.o(.text)
    __I$use$fp                               0x08000787   Thumb Code     0  iusefp.o(.text)
    _float_round                             0x08000787   Thumb Code    18  fepilogue.o(.text)
    _float_epilogue                          0x08000799   Thumb Code    92  fepilogue.o(.text)
    _double_round                            0x080007f5   Thumb Code    30  depilogue.o(.text)
    _double_epilogue                         0x08000813   Thumb Code   156  depilogue.o(.text)
    __ARM_scalbn                             0x080008af   Thumb Code    46  dscalb.o(.text)
    scalbn                                   0x080008af   Thumb Code     0  dscalb.o(.text)
    _dsqrt                                   0x080008dd   Thumb Code   162  dsqrt.o(.text)
    __aeabi_d2ulz                            0x0800097f   Thumb Code    48  dfixul.o(.text)
    __aeabi_cdrcmple                         0x080009b1   Thumb Code    48  cdrcmple.o(.text)
    __scatterload                            0x080009e1   Thumb Code    28  init.o(.text)
    __scatterload_rt2                        0x080009e1   Thumb Code     0  init.o(.text)
    __aeabi_d2iz                             0x08000a05   Thumb Code    62  dfixi.o(.text)
    BusFault_Handler                         0x08000a43   Thumb Code     2  stm32f4xx_it.o(i.BusFault_Handler)
    CAN1_RX0_IRQHandler                      0x08000a45   Thumb Code     6  stm32f4xx_it.o(i.CAN1_RX0_IRQHandler)
    CAN1_TX_IRQHandler                       0x08000a51   Thumb Code     6  stm32f4xx_it.o(i.CAN1_TX_IRQHandler)
    CAN2_RX0_IRQHandler                      0x08000a5d   Thumb Code     6  stm32f4xx_it.o(i.CAN2_RX0_IRQHandler)
    CAN2_TX_IRQHandler                       0x08000a69   Thumb Code     6  stm32f4xx_it.o(i.CAN2_TX_IRQHandler)
    Can_TxMessage                            0x08000a75   Thumb Code    80  bsp_can.o(i.Can_TxMessage)
    DMA1_Stream3_IRQHandler                  0x08000ac5   Thumb Code     6  stm32f4xx_it.o(i.DMA1_Stream3_IRQHandler)
    DMA1_Stream5_IRQHandler                  0x08000ad1   Thumb Code     6  stm32f4xx_it.o(i.DMA1_Stream5_IRQHandler)
    DMA2_Stream1_IRQHandler                  0x08000add   Thumb Code     6  stm32f4xx_it.o(i.DMA2_Stream1_IRQHandler)
    DMA2_Stream2_IRQHandler                  0x08000ae9   Thumb Code     6  stm32f4xx_it.o(i.DMA2_Stream2_IRQHandler)
    DebugMon_Handler                         0x08000b99   Thumb Code     2  stm32f4xx_it.o(i.DebugMon_Handler)
    Error_Handler                            0x08000b9b   Thumb Code     4  main.o(i.Error_Handler)
    HAL_CAN_ActivateNotification             0x08000b9f   Thumb Code    36  stm32f4xx_hal_can.o(i.HAL_CAN_ActivateNotification)
    HAL_CAN_AddTxMessage                     0x08000bc3   Thumb Code   200  stm32f4xx_hal_can.o(i.HAL_CAN_AddTxMessage)
    HAL_CAN_ConfigFilter                     0x08000c8d   Thumb Code   262  stm32f4xx_hal_can.o(i.HAL_CAN_ConfigFilter)
    HAL_CAN_ErrorCallback                    0x08000d99   Thumb Code     2  stm32f4xx_hal_can.o(i.HAL_CAN_ErrorCallback)
    HAL_CAN_GetRxMessage                     0x08000d9b   Thumb Code   232  stm32f4xx_hal_can.o(i.HAL_CAN_GetRxMessage)
    HAL_CAN_GetTxMailboxesFreeLevel          0x08000e83   Thumb Code    44  stm32f4xx_hal_can.o(i.HAL_CAN_GetTxMailboxesFreeLevel)
    HAL_CAN_IRQHandler                       0x08000eaf   Thumb Code   508  stm32f4xx_hal_can.o(i.HAL_CAN_IRQHandler)
    HAL_CAN_Init                             0x080010ab   Thumb Code   282  stm32f4xx_hal_can.o(i.HAL_CAN_Init)
    HAL_CAN_MspInit                          0x080011c5   Thumb Code   260  can.o(i.HAL_CAN_MspInit)
    HAL_CAN_RxFifo0FullCallback              0x080012e1   Thumb Code     2  stm32f4xx_hal_can.o(i.HAL_CAN_RxFifo0FullCallback)
    HAL_CAN_RxFifo0MsgPendingCallback        0x080012e5   Thumb Code    98  bsp_can.o(i.HAL_CAN_RxFifo0MsgPendingCallback)
    HAL_CAN_RxFifo1FullCallback              0x08001355   Thumb Code     2  stm32f4xx_hal_can.o(i.HAL_CAN_RxFifo1FullCallback)
    HAL_CAN_RxFifo1MsgPendingCallback        0x08001357   Thumb Code     2  stm32f4xx_hal_can.o(i.HAL_CAN_RxFifo1MsgPendingCallback)
    HAL_CAN_SleepCallback                    0x08001359   Thumb Code     2  stm32f4xx_hal_can.o(i.HAL_CAN_SleepCallback)
    HAL_CAN_Start                            0x0800135d   Thumb Code    88  stm32f4xx_hal_can.o(i.HAL_CAN_Start)
    HAL_CAN_TxMailbox0AbortCallback          0x080013b5   Thumb Code     2  stm32f4xx_hal_can.o(i.HAL_CAN_TxMailbox0AbortCallback)
    HAL_CAN_TxMailbox0CompleteCallback       0x080013b7   Thumb Code     2  stm32f4xx_hal_can.o(i.HAL_CAN_TxMailbox0CompleteCallback)
    HAL_CAN_TxMailbox1AbortCallback          0x080013b9   Thumb Code     2  stm32f4xx_hal_can.o(i.HAL_CAN_TxMailbox1AbortCallback)
    HAL_CAN_TxMailbox1CompleteCallback       0x080013bb   Thumb Code     2  stm32f4xx_hal_can.o(i.HAL_CAN_TxMailbox1CompleteCallback)
    HAL_CAN_TxMailbox2AbortCallback          0x080013bd   Thumb Code     2  stm32f4xx_hal_can.o(i.HAL_CAN_TxMailbox2AbortCallback)
    HAL_CAN_TxMailbox2CompleteCallback       0x080013bf   Thumb Code     2  stm32f4xx_hal_can.o(i.HAL_CAN_TxMailbox2CompleteCallback)
    HAL_CAN_WakeUpFromRxMsgCallback          0x080013c1   Thumb Code     2  stm32f4xx_hal_can.o(i.HAL_CAN_WakeUpFromRxMsgCallback)
    HAL_DMA_Abort                            0x080013c3   Thumb Code   146  stm32f4xx_hal_dma.o(i.HAL_DMA_Abort)
    HAL_DMA_Abort_IT                         0x08001455   Thumb Code    36  stm32f4xx_hal_dma.o(i.HAL_DMA_Abort_IT)
    HAL_DMA_IRQHandler                       0x08001479   Thumb Code   412  stm32f4xx_hal_dma.o(i.HAL_DMA_IRQHandler)
    HAL_DMA_Init                             0x08001619   Thumb Code   206  stm32f4xx_hal_dma.o(i.HAL_DMA_Init)
    HAL_DMA_Start                            0x080016ed   Thumb Code    70  stm32f4xx_hal_dma.o(i.HAL_DMA_Start)
    HAL_DMA_Start_IT                         0x08001733   Thumb Code   110  stm32f4xx_hal_dma.o(i.HAL_DMA_Start_IT)
    HAL_GPIO_Init                            0x080017a1   Thumb Code   510  stm32f4xx_hal_gpio.o(i.HAL_GPIO_Init)
    HAL_GPIO_ReadPin                         0x080019d5   Thumb Code    10  stm32f4xx_hal_gpio.o(i.HAL_GPIO_ReadPin)
    HAL_GPIO_WritePin                        0x080019df   Thumb Code    10  stm32f4xx_hal_gpio.o(i.HAL_GPIO_WritePin)
    HAL_GetTick                              0x080019e9   Thumb Code     6  stm32f4xx_hal.o(i.HAL_GetTick)
    HAL_IncTick                              0x080019f5   Thumb Code    12  stm32f4xx_hal.o(i.HAL_IncTick)
    HAL_Init                                 0x08001a05   Thumb Code    48  stm32f4xx_hal.o(i.HAL_Init)
    HAL_InitTick                             0x08001a39   Thumb Code   132  stm32f4xx_hal_timebase_tim.o(i.HAL_InitTick)
    HAL_MspInit                              0x08001ad1   Thumb Code    52  stm32f4xx_hal_msp.o(i.HAL_MspInit)
    HAL_NVIC_EnableIRQ                       0x08001b09   Thumb Code    26  stm32f4xx_hal_cortex.o(i.HAL_NVIC_EnableIRQ)
    HAL_NVIC_SetPriority                     0x08001b25   Thumb Code    60  stm32f4xx_hal_cortex.o(i.HAL_NVIC_SetPriority)
    HAL_NVIC_SetPriorityGrouping             0x08001b65   Thumb Code    26  stm32f4xx_hal_cortex.o(i.HAL_NVIC_SetPriorityGrouping)
    HAL_PWREx_EnableOverDrive                0x08001b89   Thumb Code    98  stm32f4xx_hal_pwr_ex.o(i.HAL_PWREx_EnableOverDrive)
    HAL_RCC_ClockConfig                      0x08001bf9   Thumb Code   288  stm32f4xx_hal_rcc.o(i.HAL_RCC_ClockConfig)
    HAL_RCC_GetClockConfig                   0x08001d2d   Thumb Code    54  stm32f4xx_hal_rcc.o(i.HAL_RCC_GetClockConfig)
    HAL_RCC_GetPCLK1Freq                     0x08001d6d   Thumb Code    20  stm32f4xx_hal_rcc.o(i.HAL_RCC_GetPCLK1Freq)
    HAL_RCC_GetPCLK2Freq                     0x08001d8d   Thumb Code    20  stm32f4xx_hal_rcc.o(i.HAL_RCC_GetPCLK2Freq)
    HAL_RCC_GetSysClockFreq                  0x08001dad   Thumb Code    88  stm32f4xx_hal_rcc.o(i.HAL_RCC_GetSysClockFreq)
    HAL_RCC_OscConfig                        0x08001e11   Thumb Code   856  stm32f4xx_hal_rcc.o(i.HAL_RCC_OscConfig)
    HAL_SPI_Init                             0x0800217d   Thumb Code   188  stm32f4xx_hal_spi.o(i.HAL_SPI_Init)
    HAL_SPI_MspInit                          0x08002239   Thumb Code    94  spi.o(i.HAL_SPI_MspInit)
    HAL_TIMEx_BreakCallback                  0x080022a5   Thumb Code     2  stm32f4xx_hal_tim_ex.o(i.HAL_TIMEx_BreakCallback)
    HAL_TIMEx_CommutCallback                 0x080022a7   Thumb Code     2  stm32f4xx_hal_tim_ex.o(i.HAL_TIMEx_CommutCallback)
    HAL_TIMEx_MasterConfigSynchronization    0x080022a9   Thumb Code   116  stm32f4xx_hal_tim_ex.o(i.HAL_TIMEx_MasterConfigSynchronization)
    HAL_TIM_Base_Init                        0x08002339   Thumb Code    90  stm32f4xx_hal_tim.o(i.HAL_TIM_Base_Init)
    HAL_TIM_Base_MspInit                     0x08002395   Thumb Code    86  tim.o(i.HAL_TIM_Base_MspInit)
    HAL_TIM_Base_Start_IT                    0x080023f5   Thumb Code   100  stm32f4xx_hal_tim.o(i.HAL_TIM_Base_Start_IT)
    HAL_TIM_ConfigClockSource                0x08002475   Thumb Code   220  stm32f4xx_hal_tim.o(i.HAL_TIM_ConfigClockSource)
    HAL_TIM_IC_CaptureCallback               0x08002551   Thumb Code     2  stm32f4xx_hal_tim.o(i.HAL_TIM_IC_CaptureCallback)
    HAL_TIM_IRQHandler                       0x08002553   Thumb Code   358  stm32f4xx_hal_tim.o(i.HAL_TIM_IRQHandler)
    HAL_TIM_OC_DelayElapsedCallback          0x080026b9   Thumb Code     2  stm32f4xx_hal_tim.o(i.HAL_TIM_OC_DelayElapsedCallback)
    HAL_TIM_PWM_PulseFinishedCallback        0x080026bb   Thumb Code     2  stm32f4xx_hal_tim.o(i.HAL_TIM_PWM_PulseFinishedCallback)
    HAL_TIM_PeriodElapsedCallback            0x080026bd   Thumb Code    34  main.o(i.HAL_TIM_PeriodElapsedCallback)
    HAL_TIM_TriggerCallback                  0x080026e9   Thumb Code     2  stm32f4xx_hal_tim.o(i.HAL_TIM_TriggerCallback)
    HAL_UARTEx_RxEventCallback               0x080026eb   Thumb Code     2  stm32f4xx_hal_uart.o(i.HAL_UARTEx_RxEventCallback)
    HAL_UART_DMAStop                         0x080026ed   Thumb Code   112  stm32f4xx_hal_uart.o(i.HAL_UART_DMAStop)
    HAL_UART_ErrorCallback                   0x0800275d   Thumb Code     2  stm32f4xx_hal_uart.o(i.HAL_UART_ErrorCallback)
    HAL_UART_IRQHandler                      0x08002761   Thumb Code   610  stm32f4xx_hal_uart.o(i.HAL_UART_IRQHandler)
    HAL_UART_Init                            0x080029c9   Thumb Code    98  stm32f4xx_hal_uart.o(i.HAL_UART_Init)
    HAL_UART_MspInit                         0x08002a2d   Thumb Code   660  usart.o(i.HAL_UART_MspInit)
    HAL_UART_Receive_DMA                     0x08002cfd   Thumb Code    42  stm32f4xx_hal_uart.o(i.HAL_UART_Receive_DMA)
    HAL_UART_RxCpltCallback                  0x08002d27   Thumb Code     2  stm32f4xx_hal_uart.o(i.HAL_UART_RxCpltCallback)
    HAL_UART_RxHalfCpltCallback              0x08002d29   Thumb Code     2  stm32f4xx_hal_uart.o(i.HAL_UART_RxHalfCpltCallback)
    HAL_UART_Transmit                        0x08002d2d   Thumb Code   178  stm32f4xx_hal_uart.o(i.HAL_UART_Transmit)
    HAL_UART_TxCpltCallback                  0x08002ddf   Thumb Code     2  stm32f4xx_hal_uart.o(i.HAL_UART_TxCpltCallback)
    HardFault_Handler                        0x08002de1   Thumb Code     2  stm32f4xx_it.o(i.HardFault_Handler)
    LED_ALL_OFF                              0x08002de5   Thumb Code    88  led_task.o(i.LED_ALL_OFF)
    MX_CAN1_Init                             0x08002e41   Thumb Code    60  can.o(i.MX_CAN1_Init)
    MX_CAN2_Init                             0x08002e85   Thumb Code    60  can.o(i.MX_CAN2_Init)
    MX_DMA_Init                              0x08002ec9   Thumb Code   104  dma.o(i.MX_DMA_Init)
    MX_FREERTOS_Init                         0x08002f35   Thumb Code    96  freertos.o(i.MX_FREERTOS_Init)
    MX_GPIO_Init                             0x08002f9d   Thumb Code   412  gpio.o(i.MX_GPIO_Init)
    MX_SPI4_Init                             0x08003159   Thumb Code    66  spi.o(i.MX_SPI4_Init)
    MX_TIM2_Init                             0x080031a5   Thumb Code    96  tim.o(i.MX_TIM2_Init)
    MX_TIM3_Init                             0x0800320d   Thumb Code    94  tim.o(i.MX_TIM3_Init)
    MX_UART7_Init                            0x08003275   Thumb Code    48  usart.o(i.MX_UART7_Init)
    MX_USART1_UART_Init                      0x080032ad   Thumb Code    46  usart.o(i.MX_USART1_UART_Init)
    MX_USART2_UART_Init                      0x080032e9   Thumb Code    48  usart.o(i.MX_USART2_UART_Init)
    MX_USART3_UART_Init                      0x08003321   Thumb Code    48  usart.o(i.MX_USART3_UART_Init)
    MX_USART6_UART_Init                      0x08003359   Thumb Code    48  usart.o(i.MX_USART6_UART_Init)
    MemManage_Handler                        0x08003391   Thumb Code     2  stm32f4xx_it.o(i.MemManage_Handler)
    NMI_Handler                              0x08003393   Thumb Code     2  stm32f4xx_it.o(i.NMI_Handler)
    PID_struct_init                          0x08003395   Thumb Code    48  pid.o(i.PID_struct_init)
    RUN_LED                                  0x080033d1   Thumb Code   168  led_task.o(i.RUN_LED)
    Set_SolenoidValve                        0x0800347d   Thumb Code    66  upper_behaviour.o(i.Set_SolenoidValve)
    SysTick_Handler                          0x080035d9   Thumb Code    38  port.o(i.SysTick_Handler)
    SystemClock_Config                       0x08003605   Thumb Code   150  main.o(i.SystemClock_Config)
    SystemInit                               0x080036a5   Thumb Code    12  system_stm32f4xx.o(i.SystemInit)
    TIM2_IRQHandler                          0x080036b5   Thumb Code     6  stm32f4xx_it.o(i.TIM2_IRQHandler)
    TIM3_IRQHandler                          0x080036c1   Thumb Code     6  stm32f4xx_it.o(i.TIM3_IRQHandler)
    TIM8_TRG_COM_TIM14_IRQHandler            0x080036cd   Thumb Code     6  stm32f4xx_it.o(i.TIM8_TRG_COM_TIM14_IRQHandler)
    TIM_Base_SetConfig                       0x080036d9   Thumb Code   156  stm32f4xx_hal_tim.o(i.TIM_Base_SetConfig)
    TIM_ETR_SetConfig                        0x080037a1   Thumb Code    20  stm32f4xx_hal_tim.o(i.TIM_ETR_SetConfig)
    UART7_IRQHandler                         0x0800380d   Thumb Code   160  stm32f4xx_it.o(i.UART7_IRQHandler)
    UART_Start_Receive_DMA                   0x08003c09   Thumb Code   134  stm32f4xx_hal_uart.o(i.UART_Start_Receive_DMA)
    USART1_IRQHandler                        0x08003d15   Thumb Code    18  stm32f4xx_it.o(i.USART1_IRQHandler)
    USART2_IRQHandler                        0x08003d2d   Thumb Code   296  stm32f4xx_it.o(i.USART2_IRQHandler)
    USART6_IRQHandler                        0x08003edd   Thumb Code     6  stm32f4xx_it.o(i.USART6_IRQHandler)
    UsageFault_Handler                       0x08003ee9   Thumb Code     2  stm32f4xx_it.o(i.UsageFault_Handler)
    Usart2Printf                             0x08003eed   Thumb Code    36  action_usart.o(i.Usart2Printf)
    __0printf                                0x08003f15   Thumb Code    22  printfa.o(i.__0printf)
    __1printf                                0x08003f15   Thumb Code     0  printfa.o(i.__0printf)
    __2printf                                0x08003f15   Thumb Code     0  printfa.o(i.__0printf)
    __c89printf                              0x08003f15   Thumb Code     0  printfa.o(i.__0printf)
    printf                                   0x08003f15   Thumb Code     0  printfa.o(i.__0printf)
    __0vsnprintf                             0x08003f35   Thumb Code    40  printfa.o(i.__0vsnprintf)
    __1vsnprintf                             0x08003f35   Thumb Code     0  printfa.o(i.__0vsnprintf)
    __2vsnprintf                             0x08003f35   Thumb Code     0  printfa.o(i.__0vsnprintf)
    __c89vsnprintf                           0x08003f35   Thumb Code     0  printfa.o(i.__0vsnprintf)
    vsnprintf                                0x08003f35   Thumb Code     0  printfa.o(i.__0vsnprintf)
    __ARM_fpclassify                         0x08003f61   Thumb Code    48  fpclassify.o(i.__ARM_fpclassify)
    __hardfp_atan                            0x08003fb1   Thumb Code   622  atan.o(i.__hardfp_atan)
    __hardfp_atan2                           0x08004289   Thumb Code   432  atan2.o(i.__hardfp_atan2)
    __hardfp_cos                             0x08004479   Thumb Code   180  cos.o(i.__hardfp_cos)
    __hardfp_pow                             0x08004541   Thumb Code  3072  pow.o(i.__hardfp_pow)
    __hardfp_sin                             0x08005191   Thumb Code   180  sin.o(i.__hardfp_sin)
    __hardfp_sqrt                            0x08005259   Thumb Code   122  sqrt.o(i.__hardfp_sqrt)
    __ieee754_rem_pio2                       0x080052d9   Thumb Code   938  rred.o(i.__ieee754_rem_pio2)
    __kernel_cos                             0x08005711   Thumb Code   322  cos_i.o(i.__kernel_cos)
    __kernel_poly                            0x08005881   Thumb Code   248  poly.o(i.__kernel_poly)
    __kernel_sin                             0x08005979   Thumb Code   280  sin_i.o(i.__kernel_sin)
    __mathlib_dbl_divzero                    0x08005aa9   Thumb Code    28  dunder.o(i.__mathlib_dbl_divzero)
    __mathlib_dbl_infnan                     0x08005ad9   Thumb Code    20  dunder.o(i.__mathlib_dbl_infnan)
    __mathlib_dbl_infnan2                    0x08005aed   Thumb Code    20  dunder.o(i.__mathlib_dbl_infnan2)
    __mathlib_dbl_invalid                    0x08005b01   Thumb Code    24  dunder.o(i.__mathlib_dbl_invalid)
    __mathlib_dbl_overflow                   0x08005b21   Thumb Code    24  dunder.o(i.__mathlib_dbl_overflow)
    __mathlib_dbl_underflow                  0x08005b41   Thumb Code    24  dunder.o(i.__mathlib_dbl_underflow)
    __scatterload_copy                       0x08005b61   Thumb Code    14  handlers.o(i.__scatterload_copy)
    __scatterload_null                       0x08005b6f   Thumb Code     2  handlers.o(i.__scatterload_null)
    __scatterload_zeroinit                   0x08005b71   Thumb Code    14  handlers.o(i.__scatterload_zeroinit)
    __set_errno                              0x08005b81   Thumb Code     6  errno.o(i.__set_errno)
    abs_limit                                0x08006455   Thumb Code    42  pid.o(i.abs_limit)
    atan                                     0x0800647f   Thumb Code    16  atan.o(i.atan)
    auto_action01_pushring                   0x08006491   Thumb Code    34  auto_task.o(i.auto_action01_pushring)
    auto_action02_risering                   0x080064b9   Thumb Code    48  auto_task.o(i.auto_action02_risering)
    auto_action03_hitring                    0x080064fd   Thumb Code    70  auto_task.o(i.auto_action03_hitring)
    auto_action04_allreset                   0x08006551   Thumb Code    84  auto_task.o(i.auto_action04_allreset)
    auto_task                                0x080065b1   Thumb Code    94  auto_task.o(i.auto_task)
    can_filter_recv_special                  0x0800661d   Thumb Code    76  bsp_can.o(i.can_filter_recv_special)
    chassis_behaviour_control_set            0x08006669   Thumb Code   220  chassis_behaviour.o(i.chassis_behaviour_control_set)
    chassis_behaviour_mode_set               0x0800675d   Thumb Code    82  chassis_behaviour.o(i.chassis_behaviour_mode_set)
    chassis_task                             0x08006f49   Thumb Code   102  chassis_task.o(i.chassis_task)
    dbus_uart_init                           0x08006fb9   Thumb Code    64  bsp_sbus.o(i.dbus_uart_init)
    fabs                                     0x08007001   Thumb Code    24  fabs.o(i.fabs)
    fputc                                    0x08007019   Thumb Code    20  main.o(i.fputc)
    get_chassis_motor_measure_point          0x08007031   Thumb Code    20  bsp_can.o(i.get_chassis_motor_measure_point)
    get_motor_measure                        0x08007049   Thumb Code    76  bsp_can.o(i.get_motor_measure)
    get_motor_offset                         0x08007095   Thumb Code    10  bsp_can.o(i.get_motor_offset)
    get_remote_control_point                 0x080070a1   Thumb Code     4  bsp_sbus.o(i.get_remote_control_point)
    get_upper_motor_measure_point            0x080070a9   Thumb Code    20  bsp_can.o(i.get_upper_motor_measure_point)
    led_task                                 0x080070c1   Thumb Code    12  led_task.o(i.led_task)
    main                                     0x080070cd   Thumb Code    88  main.o(i.main)
    my_can_filter_init_recv_all              0x0800713d   Thumb Code    86  bsp_can.o(i.my_can_filter_init_recv_all)
    osDelay                                  0x08007193   Thumb Code    14  cmsis_os.o(i.osDelay)
    osKernelStart                            0x080071a1   Thumb Code    10  cmsis_os.o(i.osKernelStart)
    osThreadCreate                           0x080071ab   Thumb Code    84  cmsis_os.o(i.osThreadCreate)
    pid_calc                                 0x08007201   Thumb Code   448  pid.o(i.pid_calc)
    pvPortMalloc                             0x08007725   Thumb Code   216  heap_4.o(i.pvPortMalloc)
    pxPortInitialiseStack                    0x08007801   Thumb Code    40  port.o(i.pxPortInitialiseStack)
    rc_callback_handler                      0x0800782d   Thumb Code   398  bsp_sbus.o(i.rc_callback_handler)
    set_C620moter                            0x080079bd   Thumb Code   138  upper_behaviour.o(i.set_C620moter)
    set_ch8                                  0x08007a51   Thumb Code   146  test_task.o(i.set_ch8)
    set_ch8_0                                0x08007af1   Thumb Code   112  test_task.o(i.set_ch8_0)
    set_condition_judge                      0x08007b71   Thumb Code    20  auto_task.o(i.set_condition_judge)
    set_condition_start                      0x08007b89   Thumb Code    18  auto_task.o(i.set_condition_start)
    set_motor                                0x08007ba1   Thumb Code    44  bsp_can.o(i.set_motor)
    set_motor_A                              0x08007bcd   Thumb Code    66  bsp_can.o(i.set_motor_A)
    set_motor_B                              0x08007c0f   Thumb Code    68  bsp_can.o(i.set_motor_B)
    sqrt                                     0x08007e99   Thumb Code   110  sqrt.o(i.sqrt)
    sw_judge                                 0x08007f07   Thumb Code   192  bsp_sbus.o(i.sw_judge)
    test_task                                0x08007fc9   Thumb Code   152  test_task.o(i.test_task)
    uart_receive_handler                     0x0800806d   Thumb Code    86  bsp_sbus.o(i.uart_receive_handler)
    upper_feedback_update                    0x080081c1   Thumb Code    82  upper_behaviour.o(i.upper_feedback_update)
    uxListRemove                             0x0800822d   Thumb Code    38  list.o(i.uxListRemove)
    vApplicationGetIdleTaskMemory            0x08008255   Thumb Code    16  freertos.o(i.vApplicationGetIdleTaskMemory)
    vListInitialise                          0x08008269   Thumb Code    22  list.o(i.vListInitialise)
    vListInitialiseItem                      0x0800827f   Thumb Code     6  list.o(i.vListInitialiseItem)
    vListInsert                              0x08008285   Thumb Code    48  list.o(i.vListInsert)
    vListInsertEnd                           0x080082b5   Thumb Code    24  list.o(i.vListInsertEnd)
    vPortEnterCritical                       0x080082cd   Thumb Code    54  port.o(i.vPortEnterCritical)
    vPortExitCritical                        0x0800830d   Thumb Code    34  port.o(i.vPortExitCritical)
    vPortFree                                0x08008335   Thumb Code    94  heap_4.o(i.vPortFree)
    vPortSetupTimerInterrupt                 0x08008399   Thumb Code    32  port.o(i.vPortSetupTimerInterrupt)
    vTaskDelay                               0x080083bd   Thumb Code    66  tasks.o(i.vTaskDelay)
    vTaskStartScheduler                      0x08008409   Thumb Code    90  tasks.o(i.vTaskStartScheduler)
    vTaskSuspendAll                          0x08008475   Thumb Code    10  tasks.o(i.vTaskSuspendAll)
    vTaskSwitchContext                       0x08008485   Thumb Code    82  tasks.o(i.vTaskSwitchContext)
    xPortStartScheduler                      0x080084e1   Thumb Code   222  port.o(i.xPortStartScheduler)
    xTaskCreate                              0x080085d5   Thumb Code    90  tasks.o(i.xTaskCreate)
    xTaskCreateStatic                        0x0800862f   Thumb Code    86  tasks.o(i.xTaskCreateStatic)
    xTaskIncrementTick                       0x08008685   Thumb Code   194  tasks.o(i.xTaskIncrementTick)
    xTaskResumeAll                           0x08008751   Thumb Code   182  tasks.o(i.xTaskResumeAll)
    AHBPrescTable                            0x0800888c   Data          16  system_stm32f4xx.o(.constdata)
    APBPrescTable                            0x0800889c   Data           8  system_stm32f4xx.o(.constdata)
    __mathlib_zero                           0x080089f8   Data           8  qnan.o(.constdata)
    Region$$Table$$Base                      0x08008b1c   Number         0  anon$$obj.o(Region$$Table)
    Region$$Table$$Limit                     0x08008b3c   Number         0  anon$$obj.o(Region$$Table)
    pos_x                                    0x20000000   Data           4  main.o(.data)
    pos_y                                    0x20000004   Data           4  main.o(.data)
    zangle                                   0x20000008   Data           4  main.o(.data)
    xangle                                   0x2000000c   Data           4  main.o(.data)
    yangle                                   0x20000010   Data           4  main.o(.data)
    w_z                                      0x20000014   Data           4  main.o(.data)
    shot_flag                                0x20000018   Data           1  main.o(.data)
    Rx_len_Huart7                            0x20000019   Data           1  main.o(.data)
    set_pos_x                                0x2000001c   Data           4  main.o(.data)
    set_pos_y                                0x20000020   Data           4  main.o(.data)
    set_zangle                               0x20000024   Data           4  main.o(.data)
    move_flag                                0x20000028   Data           4  main.o(.data)
    Rx_len_Huart2                            0x2000002c   Data           1  main.o(.data)
    testTaskHandle                           0x20000030   Data           4  freertos.o(.data)
    chassisTaskHandle                        0x20000034   Data           4  freertos.o(.data)
    ledTaskHandle                            0x20000038   Data           4  freertos.o(.data)
    autoTaskHandle                           0x2000003c   Data           4  freertos.o(.data)
    uwTickFreq                               0x20000044   Data           1  stm32f4xx_hal.o(.data)
    uwTickPrio                               0x20000048   Data           4  stm32f4xx_hal.o(.data)
    uwTick                                   0x2000004c   Data           4  stm32f4xx_hal.o(.data)
    SystemCoreClock                          0x20000050   Data           4  system_stm32f4xx.o(.data)
    pxCurrentTCB                             0x20000054   Data           4  tasks.o(.data)
    Chassis_Behaviour_Mode                   0x200000bc   Data           1  chassis_behaviour.o(.data)
    __stdout                                 0x200000c4   Data           4  stdout.o(.data)
    ReceiveBuff_Huart7                       0x200000cc   Data         255  main.o(.bss)
    ReceiveBuff_Huart2                       0x200001cb   Data         255  main.o(.bss)
    hcan1                                    0x20000520   Data          40  can.o(.bss)
    hcan2                                    0x20000548   Data          40  can.o(.bss)
    hspi4                                    0x20000570   Data          88  spi.o(.bss)
    htim2                                    0x200005c8   Data          72  tim.o(.bss)
    htim3                                    0x20000610   Data          72  tim.o(.bss)
    huart7                                   0x20000658   Data          68  usart.o(.bss)
    huart1                                   0x2000069c   Data          68  usart.o(.bss)
    huart2                                   0x200006e0   Data          68  usart.o(.bss)
    huart3                                   0x20000724   Data          68  usart.o(.bss)
    huart6                                   0x20000768   Data          68  usart.o(.bss)
    hdma_uart7_rx                            0x200007ac   Data          96  usart.o(.bss)
    hdma_usart1_rx                           0x2000080c   Data          96  usart.o(.bss)
    hdma_usart2_rx                           0x2000086c   Data          96  usart.o(.bss)
    hdma_usart6_rx                           0x200008cc   Data          96  usart.o(.bss)
    htim14                                   0x20000944   Data          72  stm32f4xx_hal_timebase_tim.o(.bss)
    motor_can1                               0x2000467c   Data         416  bsp_can.o(.bss)
    motor_can2                               0x2000481c   Data         416  bsp_can.o(.bss)
    dbus_buf                                 0x200049bc   Data          25  bsp_sbus.o(.bss)
    rc                                       0x200049d5   Data          34  bsp_sbus.o(.bss)
    Chassis_Move                             0x200049f8   Data        2132  chassis_task.o(.bss)
    upper_Move                               0x2000524c   Data        2132  test_task.o(.bss)
    __initial_sp                             0x20005ea0   Data           0  startup_stm32f427xx.o(STACK)



==============================================================================

Memory Map of the image

  Image Entry point : 0x080001ad

  Load Region LR_IROM1 (Base: 0x08000000, Size: 0x00008c08, Max: 0x00200000, ABSOLUTE)

    Execution Region ER_IROM1 (Base: 0x08000000, Size: 0x00008b3c, Max: 0x00200000, ABSOLUTE)

    Base Addr    Size         Type   Attr      Idx    E Section Name        Object

    0x08000000   0x000001ac   Data   RO            3    RESET               startup_stm32f427xx.o
    0x080001ac   0x00000000   Code   RO         6006  * .ARM.Collect$$$$00000000  mc_w.l(entry.o)
    0x080001ac   0x00000004   Code   RO         6333    .ARM.Collect$$$$00000001  mc_w.l(entry2.o)
    0x080001b0   0x00000004   Code   RO         6336    .ARM.Collect$$$$00000004  mc_w.l(entry5.o)
    0x080001b4   0x00000000   Code   RO         6338    .ARM.Collect$$$$00000008  mc_w.l(entry7b.o)
    0x080001b4   0x00000000   Code   RO         6340    .ARM.Collect$$$$0000000A  mc_w.l(entry8b.o)
    0x080001b4   0x00000008   Code   RO         6341    .ARM.Collect$$$$0000000B  mc_w.l(entry9a.o)
    0x080001bc   0x00000000   Code   RO         6343    .ARM.Collect$$$$0000000D  mc_w.l(entry10a.o)
    0x080001bc   0x00000000   Code   RO         6345    .ARM.Collect$$$$0000000F  mc_w.l(entry11a.o)
    0x080001bc   0x00000004   Code   RO         6334    .ARM.Collect$$$$00002712  mc_w.l(entry2.o)
    0x080001c0   0x000000be   Code   RO         5126    .emb_text           port.o
    0x0800027e   0x00000002   PAD
    0x08000280   0x00000024   Code   RO            4    .text               startup_stm32f427xx.o
    0x080002a4   0x00000062   Code   RO         6009    .text               mc_w.l(uldiv.o)
    0x08000306   0x00000024   Code   RO         6011    .text               mc_w.l(memcpya.o)
    0x0800032a   0x00000024   Code   RO         6015    .text               mc_w.l(memseta.o)
    0x0800034e   0x0000014e   Code   RO         6280    .text               mf_w.l(dadd.o)
    0x0800049c   0x000000e4   Code   RO         6282    .text               mf_w.l(dmul.o)
    0x08000580   0x000000de   Code   RO         6284    .text               mf_w.l(ddiv.o)
    0x0800065e   0x00000022   Code   RO         6286    .text               mf_w.l(dflti.o)
    0x08000680   0x0000001a   Code   RO         6288    .text               mf_w.l(dfltui.o)
    0x0800069a   0x00000026   Code   RO         6290    .text               mf_w.l(f2d.o)
    0x080006c0   0x00000038   Code   RO         6292    .text               mf_w.l(d2f.o)
    0x080006f8   0x0000002c   Code   RO         6348    .text               mc_w.l(uidiv.o)
    0x08000724   0x0000001e   Code   RO         6350    .text               mc_w.l(llshl.o)
    0x08000742   0x00000020   Code   RO         6352    .text               mc_w.l(llushr.o)
    0x08000762   0x00000024   Code   RO         6354    .text               mc_w.l(llsshr.o)
    0x08000786   0x00000000   Code   RO         6363    .text               mc_w.l(iusefp.o)
    0x08000786   0x0000006e   Code   RO         6364    .text               mf_w.l(fepilogue.o)
    0x080007f4   0x000000ba   Code   RO         6366    .text               mf_w.l(depilogue.o)
    0x080008ae   0x0000002e   Code   RO         6370    .text               mf_w.l(dscalb.o)
    0x080008dc   0x000000a2   Code   RO         6372    .text               mf_w.l(dsqrt.o)
    0x0800097e   0x00000030   Code   RO         6374    .text               mf_w.l(dfixul.o)
    0x080009ae   0x00000002   PAD
    0x080009b0   0x00000030   Code   RO         6378    .text               mf_w.l(cdrcmple.o)
    0x080009e0   0x00000024   Code   RO         6380    .text               mc_w.l(init.o)
    0x08000a04   0x0000003e   Code   RO         6382    .text               mf_w.l(dfixi.o)
    0x08000a42   0x00000002   Code   RO          559    i.BusFault_Handler  stm32f4xx_it.o
    0x08000a44   0x0000000c   Code   RO          560    i.CAN1_RX0_IRQHandler  stm32f4xx_it.o
    0x08000a50   0x0000000c   Code   RO          561    i.CAN1_TX_IRQHandler  stm32f4xx_it.o
    0x08000a5c   0x0000000c   Code   RO          562    i.CAN2_RX0_IRQHandler  stm32f4xx_it.o
    0x08000a68   0x0000000c   Code   RO          563    i.CAN2_TX_IRQHandler  stm32f4xx_it.o
    0x08000a74   0x00000050   Code   RO         5272    i.Can_TxMessage     bsp_can.o
    0x08000ac4   0x0000000c   Code   RO          564    i.DMA1_Stream3_IRQHandler  stm32f4xx_it.o
    0x08000ad0   0x0000000c   Code   RO          565    i.DMA1_Stream5_IRQHandler  stm32f4xx_it.o
    0x08000adc   0x0000000c   Code   RO          566    i.DMA2_Stream1_IRQHandler  stm32f4xx_it.o
    0x08000ae8   0x0000000c   Code   RO          567    i.DMA2_Stream2_IRQHandler  stm32f4xx_it.o
    0x08000af4   0x00000028   Code   RO         1516    i.DMA_CalcBaseAndBitshift  stm32f4xx_hal_dma.o
    0x08000b1c   0x00000054   Code   RO         1517    i.DMA_CheckFifoParam  stm32f4xx_hal_dma.o
    0x08000b70   0x00000028   Code   RO         1518    i.DMA_SetConfig     stm32f4xx_hal_dma.o
    0x08000b98   0x00000002   Code   RO          568    i.DebugMon_Handler  stm32f4xx_it.o
    0x08000b9a   0x00000004   Code   RO           13    i.Error_Handler     main.o
    0x08000b9e   0x00000024   Code   RO          772    i.HAL_CAN_ActivateNotification  stm32f4xx_hal_can.o
    0x08000bc2   0x000000c8   Code   RO          773    i.HAL_CAN_AddTxMessage  stm32f4xx_hal_can.o
    0x08000c8a   0x00000002   PAD
    0x08000c8c   0x0000010c   Code   RO          774    i.HAL_CAN_ConfigFilter  stm32f4xx_hal_can.o
    0x08000d98   0x00000002   Code   RO          777    i.HAL_CAN_ErrorCallback  stm32f4xx_hal_can.o
    0x08000d9a   0x000000e8   Code   RO          780    i.HAL_CAN_GetRxMessage  stm32f4xx_hal_can.o
    0x08000e82   0x0000002c   Code   RO          782    i.HAL_CAN_GetTxMailboxesFreeLevel  stm32f4xx_hal_can.o
    0x08000eae   0x000001fc   Code   RO          784    i.HAL_CAN_IRQHandler  stm32f4xx_hal_can.o
    0x080010aa   0x0000011a   Code   RO          785    i.HAL_CAN_Init      stm32f4xx_hal_can.o
    0x080011c4   0x0000011c   Code   RO          331    i.HAL_CAN_MspInit   can.o
    0x080012e0   0x00000002   Code   RO          792    i.HAL_CAN_RxFifo0FullCallback  stm32f4xx_hal_can.o
    0x080012e2   0x00000002   PAD
    0x080012e4   0x00000070   Code   RO         5273    i.HAL_CAN_RxFifo0MsgPendingCallback  bsp_can.o
    0x08001354   0x00000002   Code   RO          794    i.HAL_CAN_RxFifo1FullCallback  stm32f4xx_hal_can.o
    0x08001356   0x00000002   Code   RO          795    i.HAL_CAN_RxFifo1MsgPendingCallback  stm32f4xx_hal_can.o
    0x08001358   0x00000002   Code   RO          796    i.HAL_CAN_SleepCallback  stm32f4xx_hal_can.o
    0x0800135a   0x00000002   PAD
    0x0800135c   0x00000058   Code   RO          797    i.HAL_CAN_Start     stm32f4xx_hal_can.o
    0x080013b4   0x00000002   Code   RO          799    i.HAL_CAN_TxMailbox0AbortCallback  stm32f4xx_hal_can.o
    0x080013b6   0x00000002   Code   RO          800    i.HAL_CAN_TxMailbox0CompleteCallback  stm32f4xx_hal_can.o
    0x080013b8   0x00000002   Code   RO          801    i.HAL_CAN_TxMailbox1AbortCallback  stm32f4xx_hal_can.o
    0x080013ba   0x00000002   Code   RO          802    i.HAL_CAN_TxMailbox1CompleteCallback  stm32f4xx_hal_can.o
    0x080013bc   0x00000002   Code   RO          803    i.HAL_CAN_TxMailbox2AbortCallback  stm32f4xx_hal_can.o
    0x080013be   0x00000002   Code   RO          804    i.HAL_CAN_TxMailbox2CompleteCallback  stm32f4xx_hal_can.o
    0x080013c0   0x00000002   Code   RO          806    i.HAL_CAN_WakeUpFromRxMsgCallback  stm32f4xx_hal_can.o
    0x080013c2   0x00000092   Code   RO         1519    i.HAL_DMA_Abort     stm32f4xx_hal_dma.o
    0x08001454   0x00000024   Code   RO         1520    i.HAL_DMA_Abort_IT  stm32f4xx_hal_dma.o
    0x08001478   0x000001a0   Code   RO         1524    i.HAL_DMA_IRQHandler  stm32f4xx_hal_dma.o
    0x08001618   0x000000d4   Code   RO         1525    i.HAL_DMA_Init      stm32f4xx_hal_dma.o
    0x080016ec   0x00000046   Code   RO         1528    i.HAL_DMA_Start     stm32f4xx_hal_dma.o
    0x08001732   0x0000006e   Code   RO         1529    i.HAL_DMA_Start_IT  stm32f4xx_hal_dma.o
    0x080017a0   0x00000234   Code   RO         1412    i.HAL_GPIO_Init     stm32f4xx_hal_gpio.o
    0x080019d4   0x0000000a   Code   RO         1414    i.HAL_GPIO_ReadPin  stm32f4xx_hal_gpio.o
    0x080019de   0x0000000a   Code   RO         1416    i.HAL_GPIO_WritePin  stm32f4xx_hal_gpio.o
    0x080019e8   0x0000000c   Code   RO         1964    i.HAL_GetTick       stm32f4xx_hal.o
    0x080019f4   0x00000010   Code   RO         1970    i.HAL_IncTick       stm32f4xx_hal.o
    0x08001a04   0x00000034   Code   RO         1971    i.HAL_Init          stm32f4xx_hal.o
    0x08001a38   0x00000098   Code   RO          732    i.HAL_InitTick      stm32f4xx_hal_timebase_tim.o
    0x08001ad0   0x00000038   Code   RO          708    i.HAL_MspInit       stm32f4xx_hal_msp.o
    0x08001b08   0x0000001a   Code   RO         1819    i.HAL_NVIC_EnableIRQ  stm32f4xx_hal_cortex.o
    0x08001b22   0x00000002   PAD
    0x08001b24   0x00000040   Code   RO         1825    i.HAL_NVIC_SetPriority  stm32f4xx_hal_cortex.o
    0x08001b64   0x00000024   Code   RO         1826    i.HAL_NVIC_SetPriorityGrouping  stm32f4xx_hal_cortex.o
    0x08001b88   0x00000070   Code   RO         1748    i.HAL_PWREx_EnableOverDrive  stm32f4xx_hal_pwr_ex.o
    0x08001bf8   0x00000134   Code   RO         1006    i.HAL_RCC_ClockConfig  stm32f4xx_hal_rcc.o
    0x08001d2c   0x00000040   Code   RO         1010    i.HAL_RCC_GetClockConfig  stm32f4xx_hal_rcc.o
    0x08001d6c   0x00000020   Code   RO         1013    i.HAL_RCC_GetPCLK1Freq  stm32f4xx_hal_rcc.o
    0x08001d8c   0x00000020   Code   RO         1014    i.HAL_RCC_GetPCLK2Freq  stm32f4xx_hal_rcc.o
    0x08001dac   0x00000064   Code   RO         1015    i.HAL_RCC_GetSysClockFreq  stm32f4xx_hal_rcc.o
    0x08001e10   0x0000036c   Code   RO         1018    i.HAL_RCC_OscConfig  stm32f4xx_hal_rcc.o
    0x0800217c   0x000000bc   Code   RO         2230    i.HAL_SPI_Init      stm32f4xx_hal_spi.o
    0x08002238   0x0000006c   Code   RO          404    i.HAL_SPI_MspInit   spi.o
    0x080022a4   0x00000002   Code   RO         3247    i.HAL_TIMEx_BreakCallback  stm32f4xx_hal_tim_ex.o
    0x080022a6   0x00000002   Code   RO         3248    i.HAL_TIMEx_CommutCallback  stm32f4xx_hal_tim_ex.o
    0x080022a8   0x00000090   Code   RO         3266    i.HAL_TIMEx_MasterConfigSynchronization  stm32f4xx_hal_tim_ex.o
    0x08002338   0x0000005a   Code   RO         2543    i.HAL_TIM_Base_Init  stm32f4xx_hal_tim.o
    0x08002392   0x00000002   PAD
    0x08002394   0x00000060   Code   RO          446    i.HAL_TIM_Base_MspInit  tim.o
    0x080023f4   0x00000080   Code   RO         2548    i.HAL_TIM_Base_Start_IT  stm32f4xx_hal_tim.o
    0x08002474   0x000000dc   Code   RO         2552    i.HAL_TIM_ConfigClockSource  stm32f4xx_hal_tim.o
    0x08002550   0x00000002   Code   RO         2577    i.HAL_TIM_IC_CaptureCallback  stm32f4xx_hal_tim.o
    0x08002552   0x00000166   Code   RO         2591    i.HAL_TIM_IRQHandler  stm32f4xx_hal_tim.o
    0x080026b8   0x00000002   Code   RO         2594    i.HAL_TIM_OC_DelayElapsedCallback  stm32f4xx_hal_tim.o
    0x080026ba   0x00000002   Code   RO         2621    i.HAL_TIM_PWM_PulseFinishedCallback  stm32f4xx_hal_tim.o
    0x080026bc   0x0000002c   Code   RO           14    i.HAL_TIM_PeriodElapsedCallback  main.o
    0x080026e8   0x00000002   Code   RO         2634    i.HAL_TIM_TriggerCallback  stm32f4xx_hal_tim.o
    0x080026ea   0x00000002   Code   RO         3525    i.HAL_UARTEx_RxEventCallback  stm32f4xx_hal_uart.o
    0x080026ec   0x00000070   Code   RO         3537    i.HAL_UART_DMAStop  stm32f4xx_hal_uart.o
    0x0800275c   0x00000002   Code   RO         3539    i.HAL_UART_ErrorCallback  stm32f4xx_hal_uart.o
    0x0800275e   0x00000002   PAD
    0x08002760   0x00000268   Code   RO         3542    i.HAL_UART_IRQHandler  stm32f4xx_hal_uart.o
    0x080029c8   0x00000062   Code   RO         3543    i.HAL_UART_Init     stm32f4xx_hal_uart.o
    0x08002a2a   0x00000002   PAD
    0x08002a2c   0x000002d0   Code   RO          494    i.HAL_UART_MspInit  usart.o
    0x08002cfc   0x0000002a   Code   RO         3547    i.HAL_UART_Receive_DMA  stm32f4xx_hal_uart.o
    0x08002d26   0x00000002   Code   RO         3549    i.HAL_UART_RxCpltCallback  stm32f4xx_hal_uart.o
    0x08002d28   0x00000002   Code   RO         3550    i.HAL_UART_RxHalfCpltCallback  stm32f4xx_hal_uart.o
    0x08002d2a   0x00000002   PAD
    0x08002d2c   0x000000b2   Code   RO         3551    i.HAL_UART_Transmit  stm32f4xx_hal_uart.o
    0x08002dde   0x00000002   Code   RO         3554    i.HAL_UART_TxCpltCallback  stm32f4xx_hal_uart.o
    0x08002de0   0x00000002   Code   RO          569    i.HardFault_Handler  stm32f4xx_it.o
    0x08002de2   0x00000002   PAD
    0x08002de4   0x0000005c   Code   RO         5649    i.LED_ALL_OFF       led_task.o
    0x08002e40   0x00000044   Code   RO          332    i.MX_CAN1_Init      can.o
    0x08002e84   0x00000044   Code   RO          333    i.MX_CAN2_Init      can.o
    0x08002ec8   0x0000006c   Code   RO          379    i.MX_DMA_Init       dma.o
    0x08002f34   0x00000068   Code   RO          280    i.MX_FREERTOS_Init  freertos.o
    0x08002f9c   0x000001bc   Code   RO          256    i.MX_GPIO_Init      gpio.o
    0x08003158   0x0000004c   Code   RO          405    i.MX_SPI4_Init      spi.o
    0x080031a4   0x00000068   Code   RO          447    i.MX_TIM2_Init      tim.o
    0x0800320c   0x00000068   Code   RO          448    i.MX_TIM3_Init      tim.o
    0x08003274   0x00000038   Code   RO          495    i.MX_UART7_Init     usart.o
    0x080032ac   0x0000003c   Code   RO          496    i.MX_USART1_UART_Init  usart.o
    0x080032e8   0x00000038   Code   RO          497    i.MX_USART2_UART_Init  usart.o
    0x08003320   0x00000038   Code   RO          498    i.MX_USART3_UART_Init  usart.o
    0x08003358   0x00000038   Code   RO          499    i.MX_USART6_UART_Init  usart.o
    0x08003390   0x00000002   Code   RO          570    i.MemManage_Handler  stm32f4xx_it.o
    0x08003392   0x00000002   Code   RO          571    i.NMI_Handler       stm32f4xx_it.o
    0x08003394   0x0000003c   Code   RO         5872    i.PID_struct_init   pid.o
    0x080033d0   0x000000ac   Code   RO         5652    i.RUN_LED           led_task.o
    0x0800347c   0x00000050   Code   RO         5765    i.Set_SolenoidValve  upper_behaviour.o
    0x080034cc   0x0000010c   Code   RO         5514    i.Set_speed         chassis_task.o
    0x080035d8   0x0000002c   Code   RO         5127    i.SysTick_Handler   port.o
    0x08003604   0x000000a0   Code   RO           15    i.SystemClock_Config  main.o
    0x080036a4   0x00000010   Code   RO         3872    i.SystemInit        system_stm32f4xx.o
    0x080036b4   0x0000000c   Code   RO          572    i.TIM2_IRQHandler   stm32f4xx_it.o
    0x080036c0   0x0000000c   Code   RO          573    i.TIM3_IRQHandler   stm32f4xx_it.o
    0x080036cc   0x0000000c   Code   RO          574    i.TIM8_TRG_COM_TIM14_IRQHandler  stm32f4xx_it.o
    0x080036d8   0x000000c8   Code   RO         2636    i.TIM_Base_SetConfig  stm32f4xx_hal_tim.o
    0x080037a0   0x00000014   Code   RO         2647    i.TIM_ETR_SetConfig  stm32f4xx_hal_tim.o
    0x080037b4   0x00000010   Code   RO         2648    i.TIM_ITRx_SetConfig  stm32f4xx_hal_tim.o
    0x080037c4   0x00000022   Code   RO         2654    i.TIM_TI1_ConfigInputStage  stm32f4xx_hal_tim.o
    0x080037e6   0x00000024   Code   RO         2656    i.TIM_TI2_ConfigInputStage  stm32f4xx_hal_tim.o
    0x0800380a   0x00000002   PAD
    0x0800380c   0x000000d0   Code   RO          575    i.UART7_IRQHandler  stm32f4xx_it.o
    0x080038dc   0x00000010   Code   RO         3556    i.UART_DMAAbortOnError  stm32f4xx_hal_uart.o
    0x080038ec   0x0000004a   Code   RO         3557    i.UART_DMAError     stm32f4xx_hal_uart.o
    0x08003936   0x00000082   Code   RO         3558    i.UART_DMAReceiveCplt  stm32f4xx_hal_uart.o
    0x080039b8   0x0000001a   Code   RO         3560    i.UART_DMARxHalfCplt  stm32f4xx_hal_uart.o
    0x080039d2   0x0000004e   Code   RO         3566    i.UART_EndRxTransfer  stm32f4xx_hal_uart.o
    0x08003a20   0x0000001c   Code   RO         3567    i.UART_EndTxTransfer  stm32f4xx_hal_uart.o
    0x08003a3c   0x000000c0   Code   RO         3568    i.UART_Receive_IT   stm32f4xx_hal_uart.o
    0x08003afc   0x0000010c   Code   RO         3569    i.UART_SetConfig    stm32f4xx_hal_uart.o
    0x08003c08   0x00000094   Code   RO         3570    i.UART_Start_Receive_DMA  stm32f4xx_hal_uart.o
    0x08003c9c   0x00000078   Code   RO         3572    i.UART_WaitOnFlagUntilTimeout  stm32f4xx_hal_uart.o
    0x08003d14   0x00000018   Code   RO          576    i.USART1_IRQHandler  stm32f4xx_it.o
    0x08003d2c   0x000001b0   Code   RO          577    i.USART2_IRQHandler  stm32f4xx_it.o
    0x08003edc   0x0000000c   Code   RO          578    i.USART6_IRQHandler  stm32f4xx_it.o
    0x08003ee8   0x00000002   Code   RO          579    i.UsageFault_Handler  stm32f4xx_it.o
    0x08003eea   0x00000002   PAD
    0x08003eec   0x00000028   Code   RO         5438    i.Usart2Printf      action_usart.o
    0x08003f14   0x00000020   Code   RO         6252    i.__0printf         mc_w.l(printfa.o)
    0x08003f34   0x0000002c   Code   RO         6257    i.__0vsnprintf      mc_w.l(printfa.o)
    0x08003f60   0x00000030   Code   RO         6317    i.__ARM_fpclassify  m_wm.l(fpclassify.o)
    0x08003f90   0x00000020   Code   RO         1832    i.__NVIC_SetPriority  stm32f4xx_hal_cortex.o
    0x08003fb0   0x000002d8   Code   RO         5930    i.__hardfp_atan     m_wm.l(atan.o)
    0x08004288   0x000001f0   Code   RO         5944    i.__hardfp_atan2    m_wm.l(atan2.o)
    0x08004478   0x000000c8   Code   RO         5956    i.__hardfp_cos      m_wm.l(cos.o)
    0x08004540   0x00000c50   Code   RO         5968    i.__hardfp_pow      m_wm.l(pow.o)
    0x08005190   0x000000c8   Code   RO         5982    i.__hardfp_sin      m_wm.l(sin.o)
    0x08005258   0x0000007a   Code   RO         5994    i.__hardfp_sqrt     m_wm.l(sqrt.o)
    0x080052d2   0x00000006   PAD
    0x080052d8   0x00000438   Code   RO         6322    i.__ieee754_rem_pio2  m_wm.l(rred.o)
    0x08005710   0x00000170   Code   RO         6294    i.__kernel_cos      m_wm.l(cos_i.o)
    0x08005880   0x000000f8   Code   RO         6319    i.__kernel_poly     m_wm.l(poly.o)
    0x08005978   0x00000130   Code   RO         6327    i.__kernel_sin      m_wm.l(sin_i.o)
    0x08005aa8   0x00000030   Code   RO         6297    i.__mathlib_dbl_divzero  m_wm.l(dunder.o)
    0x08005ad8   0x00000014   Code   RO         6298    i.__mathlib_dbl_infnan  m_wm.l(dunder.o)
    0x08005aec   0x00000014   Code   RO         6299    i.__mathlib_dbl_infnan2  m_wm.l(dunder.o)
    0x08005b00   0x00000020   Code   RO         6300    i.__mathlib_dbl_invalid  m_wm.l(dunder.o)
    0x08005b20   0x00000020   Code   RO         6301    i.__mathlib_dbl_overflow  m_wm.l(dunder.o)
    0x08005b40   0x00000020   Code   RO         6303    i.__mathlib_dbl_underflow  m_wm.l(dunder.o)
    0x08005b60   0x0000000e   Code   RO         6386    i.__scatterload_copy  mc_w.l(handlers.o)
    0x08005b6e   0x00000002   Code   RO         6387    i.__scatterload_null  mc_w.l(handlers.o)
    0x08005b70   0x0000000e   Code   RO         6388    i.__scatterload_zeroinit  mc_w.l(handlers.o)
    0x08005b7e   0x00000002   PAD
    0x08005b80   0x0000000c   Code   RO         6358    i.__set_errno       mc_w.l(errno.o)
    0x08005b8c   0x00000184   Code   RO         6259    i._fp_digits        mc_w.l(printfa.o)
    0x08005d10   0x000006dc   Code   RO         6260    i._printf_core      mc_w.l(printfa.o)
    0x080063ec   0x00000024   Code   RO         6261    i._printf_post_padding  mc_w.l(printfa.o)
    0x08006410   0x0000002e   Code   RO         6262    i._printf_pre_padding  mc_w.l(printfa.o)
    0x0800643e   0x00000016   Code   RO         6263    i._snputc           mc_w.l(printfa.o)
    0x08006454   0x0000002a   Code   RO         5873    i.abs_limit         pid.o
    0x0800647e   0x00000010   Code   RO         5932    i.atan              m_wm.l(atan.o)
    0x0800648e   0x00000002   PAD
    0x08006490   0x00000028   Code   RO         5808    i.auto_action01_pushring  auto_task.o
    0x080064b8   0x00000044   Code   RO         5809    i.auto_action02_risering  auto_task.o
    0x080064fc   0x00000054   Code   RO         5810    i.auto_action03_hitring  auto_task.o
    0x08006550   0x00000060   Code   RO         5811    i.auto_action04_allreset  auto_task.o
    0x080065b0   0x0000006c   Code   RO         5812    i.auto_task         auto_task.o
    0x0800661c   0x0000004c   Code   RO         5274    i.can_filter_recv_special  bsp_can.o
    0x08006668   0x000000f4   Code   RO         5472    i.chassis_behaviour_control_set  chassis_behaviour.o
    0x0800675c   0x00000058   Code   RO         5473    i.chassis_behaviour_mode_set  chassis_behaviour.o
    0x080067b4   0x00000154   Code   RO         5515    i.chassis_control_loop  chassis_task.o
    0x08006908   0x000000bc   Code   RO         5516    i.chassis_feedback_update  chassis_task.o
    0x080069c4   0x00000118   Code   RO         5517    i.chassis_init      chassis_task.o
    0x08006adc   0x00000354   Code   RO         5518    i.chassis_kinematics_wheel4_speed  chassis_task.o
    0x08006e30   0x00000118   Code   RO         5519    i.chassis_set_kinematics  chassis_task.o
    0x08006f48   0x00000070   Code   RO         5520    i.chassis_task      chassis_task.o
    0x08006fb8   0x00000048   Code   RO         5368    i.dbus_uart_init    bsp_sbus.o
    0x08007000   0x00000018   Code   RO         6313    i.fabs              m_wm.l(fabs.o)
    0x08007018   0x00000018   Code   RO           16    i.fputc             main.o
    0x08007030   0x00000018   Code   RO         5275    i.get_chassis_motor_measure_point  bsp_can.o
    0x08007048   0x0000004c   Code   RO         5276    i.get_motor_measure  bsp_can.o
    0x08007094   0x0000000a   Code   RO         5277    i.get_motor_offset  bsp_can.o
    0x0800709e   0x00000002   PAD
    0x080070a0   0x00000008   Code   RO         5370    i.get_remote_control_point  bsp_sbus.o
    0x080070a8   0x00000018   Code   RO         5279    i.get_upper_motor_measure_point  bsp_can.o
    0x080070c0   0x0000000c   Code   RO         5653    i.led_task          led_task.o
    0x080070cc   0x00000064   Code   RO           17    i.main              main.o
    0x08007130   0x0000000c   Code   RO         4692    i.makeFreeRtosPriority  cmsis_os.o
    0x0800713c   0x00000056   Code   RO         5280    i.my_can_filter_init_recv_all  bsp_can.o
    0x08007192   0x0000000e   Code   RO         4694    i.osDelay           cmsis_os.o
    0x080071a0   0x0000000a   Code   RO         4697    i.osKernelStart     cmsis_os.o
    0x080071aa   0x00000054   Code   RO         4731    i.osThreadCreate    cmsis_os.o
    0x080071fe   0x00000002   PAD
    0x08007200   0x000001c4   Code   RO         5874    i.pid_calc          pid.o
    0x080073c4   0x0000000e   Code   RO         5876    i.pid_param_init    pid.o
    0x080073d2   0x00000006   Code   RO         5877    i.pid_reset         pid.o
    0x080073d8   0x00000070   Code   RO         4374    i.prvAddCurrentTaskToDelayedList  tasks.o
    0x08007448   0x000000d0   Code   RO         4375    i.prvAddNewTaskToReadyList  tasks.o
    0x08007518   0x00000034   Code   RO         4376    i.prvDeleteTCB      tasks.o
    0x0800754c   0x0000004c   Code   RO         5059    i.prvHeapInit       heap_4.o
    0x08007598   0x00000060   Code   RO         4377    i.prvIdleTask       tasks.o
    0x080075f8   0x00000098   Code   RO         4378    i.prvInitialiseNewTask  tasks.o
    0x08007690   0x0000004c   Code   RO         5060    i.prvInsertBlockIntoFreeList  heap_4.o
    0x080076dc   0x00000020   Code   RO         4379    i.prvResetNextTaskUnblockTime  tasks.o
    0x080076fc   0x00000028   Code   RO         5128    i.prvTaskExitError  port.o
    0x08007724   0x000000dc   Code   RO         5061    i.pvPortMalloc      heap_4.o
    0x08007800   0x0000002c   Code   RO         5129    i.pxPortInitialiseStack  port.o
    0x0800782c   0x0000018e   Code   RO         5371    i.rc_callback_handler  bsp_sbus.o
    0x080079ba   0x00000002   PAD
    0x080079bc   0x00000094   Code   RO         5767    i.set_C620moter     upper_behaviour.o
    0x08007a50   0x000000a0   Code   RO         5720    i.set_ch8           test_task.o
    0x08007af0   0x00000080   Code   RO         5721    i.set_ch8_0         test_task.o
    0x08007b70   0x00000018   Code   RO         5813    i.set_condition_judge  auto_task.o
    0x08007b88   0x00000018   Code   RO         5814    i.set_condition_start  auto_task.o
    0x08007ba0   0x0000002c   Code   RO         5281    i.set_motor         bsp_can.o
    0x08007bcc   0x00000042   Code   RO         5282    i.set_motor_A       bsp_can.o
    0x08007c0e   0x00000044   Code   RO         5283    i.set_motor_B       bsp_can.o
    0x08007c52   0x00000002   PAD
    0x08007c54   0x00000244   Code   RO         5521    i.set_pos           chassis_task.o
    0x08007e98   0x0000006e   Code   RO         5996    i.sqrt              m_wm.l(sqrt.o)
    0x08007f06   0x000000c0   Code   RO         5372    i.sw_judge          bsp_sbus.o
    0x08007fc6   0x00000002   PAD
    0x08007fc8   0x000000a4   Code   RO         5722    i.test_task         test_task.o
    0x0800806c   0x00000060   Code   RO         5373    i.uart_receive_handler  bsp_sbus.o
    0x080080cc   0x000000f4   Code   RO         5723    i.upper_Init        test_task.o
    0x080081c0   0x0000006c   Code   RO         5768    i.upper_feedback_update  upper_behaviour.o
    0x0800822c   0x00000026   Code   RO         4010    i.uxListRemove      list.o
    0x08008252   0x00000002   PAD
    0x08008254   0x00000014   Code   RO          282    i.vApplicationGetIdleTaskMemory  freertos.o
    0x08008268   0x00000016   Code   RO         4011    i.vListInitialise   list.o
    0x0800827e   0x00000006   Code   RO         4012    i.vListInitialiseItem  list.o
    0x08008284   0x00000030   Code   RO         4013    i.vListInsert       list.o
    0x080082b4   0x00000018   Code   RO         4014    i.vListInsertEnd    list.o
    0x080082cc   0x00000040   Code   RO         5131    i.vPortEnterCritical  port.o
    0x0800830c   0x00000028   Code   RO         5132    i.vPortExitCritical  port.o
    0x08008334   0x00000064   Code   RO         5062    i.vPortFree         heap_4.o
    0x08008398   0x00000024   Code   RO         5133    i.vPortSetupTimerInterrupt  port.o
    0x080083bc   0x0000004c   Code   RO         4388    i.vTaskDelay        tasks.o
    0x08008408   0x0000006c   Code   RO         4401    i.vTaskStartScheduler  tasks.o
    0x08008474   0x00000010   Code   RO         4403    i.vTaskSuspendAll   tasks.o
    0x08008484   0x0000005c   Code   RO         4404    i.vTaskSwitchContext  tasks.o
    0x080084e0   0x000000f4   Code   RO         5135    i.xPortStartScheduler  port.o
    0x080085d4   0x0000005a   Code   RO         4407    i.xTaskCreate       tasks.o
    0x0800862e   0x00000056   Code   RO         4408    i.xTaskCreateStatic  tasks.o
    0x08008684   0x000000cc   Code   RO         4415    i.xTaskIncrementTick  tasks.o
    0x08008750   0x000000c4   Code   RO         4421    i.xTaskResumeAll    tasks.o
    0x08008814   0x00000070   Data   RO          284    .constdata          freertos.o
    0x08008884   0x00000008   Data   RO         1531    .constdata          stm32f4xx_hal_dma.o
    0x0800888c   0x00000010   Data   RO         3873    .constdata          system_stm32f4xx.o
    0x0800889c   0x00000008   Data   RO         3874    .constdata          system_stm32f4xx.o
    0x080088a4   0x00000004   PAD
    0x080088a8   0x00000098   Data   RO         5933    .constdata          m_wm.l(atan.o)
    0x08008940   0x00000088   Data   RO         5971    .constdata          m_wm.l(pow.o)
    0x080089c8   0x00000030   Data   RO         6295    .constdata          m_wm.l(cos_i.o)
    0x080089f8   0x00000008   Data   RO         6321    .constdata          m_wm.l(qnan.o)
    0x08008a00   0x000000c8   Data   RO         6324    .constdata          m_wm.l(rred.o)
    0x08008ac8   0x00000028   Data   RO         6328    .constdata          m_wm.l(sin_i.o)
    0x08008af0   0x00000029   Data   RO          285    .conststring        freertos.o
    0x08008b19   0x00000003   PAD
    0x08008b1c   0x00000020   Data   RO         6384    Region$$Table       anon$$obj.o


    Execution Region RW_IRAM2 (Base: 0x10000000, Size: 0x00000000, Max: 0x00010000, ABSOLUTE)

    **** No section assigned to this execution region ****


    Execution Region RW_IRAM1 (Base: 0x20000000, Size: 0x00005ea0, Max: 0x00030000, ABSOLUTE)

    Base Addr    Size         Type   Attr      Idx    E Section Name        Object

    0x20000000   0x00000004   Data   RW           20    .data               main.o
    0x20000004   0x00000004   Data   RW           21    .data               main.o
    0x20000008   0x00000004   Data   RW           22    .data               main.o
    0x2000000c   0x00000004   Data   RW           23    .data               main.o
    0x20000010   0x00000004   Data   RW           24    .data               main.o
    0x20000014   0x00000004   Data   RW           25    .data               main.o
    0x20000018   0x00000001   Data   RW           26    .data               main.o
    0x20000019   0x00000001   Data   RW           27    .data               main.o
    0x2000001a   0x00000002   PAD
    0x2000001c   0x00000004   Data   RW           28    .data               main.o
    0x20000020   0x00000004   Data   RW           29    .data               main.o
    0x20000024   0x00000004   Data   RW           30    .data               main.o
    0x20000028   0x00000004   Data   RW           31    .data               main.o
    0x2000002c   0x00000001   Data   RW           32    .data               main.o
    0x2000002d   0x00000003   PAD
    0x20000030   0x00000010   Data   RW          286    .data               freertos.o
    0x20000040   0x00000004   Data   RW          335    .data               can.o
    0x20000044   0x0000000c   Data   RW         1978    .data               stm32f4xx_hal.o
    0x20000050   0x00000004   Data   RW         3875    .data               system_stm32f4xx.o
    0x20000054   0x0000003c   Data   RW         4424    .data               tasks.o
    0x20000090   0x00000020   Data   RW         5068    .data               heap_4.o
    0x200000b0   0x0000000c   Data   RW         5136    .data               port.o
    0x200000bc   0x00000001   Data   RW         5474    .data               chassis_behaviour.o
    0x200000bd   0x00000003   PAD
    0x200000c0   0x00000004   Data   RW         5523    .data               chassis_task.o
    0x200000c4   0x00000004   Data   RW         6347    .data               mc_w.l(stdout.o)
    0x200000c8   0x00000004   Data   RW         6359    .data               mc_w.l(errno.o)
    0x200000cc   0x000000ff   Zero   RW           18    .bss                main.o
    0x200001cb   0x000000ff   Zero   RW           19    .bss                main.o
    0x200002ca   0x00000002   PAD
    0x200002cc   0x00000254   Zero   RW          283    .bss                freertos.o
    0x20000520   0x00000050   Zero   RW          334    .bss                can.o
    0x20000570   0x00000058   Zero   RW          406    .bss                spi.o
    0x200005c8   0x00000090   Zero   RW          449    .bss                tim.o
    0x20000658   0x000002d4   Zero   RW          500    .bss                usart.o
    0x2000092c   0x00000018   Zero   RW          580    .bss                stm32f4xx_it.o
    0x20000944   0x00000048   Zero   RW          735    .bss                stm32f4xx_hal_timebase_tim.o
    0x2000098c   0x000000f0   Zero   RW         4423    .bss                tasks.o
    0x20000a7c   0x00003c00   Zero   RW         5067    .bss                heap_4.o
    0x2000467c   0x00000340   Zero   RW         5284    .bss                bsp_can.o
    0x200049bc   0x0000003b   Zero   RW         5374    .bss                bsp_sbus.o
    0x200049f7   0x00000001   PAD
    0x200049f8   0x00000854   Zero   RW         5522    .bss                chassis_task.o
    0x2000524c   0x00000854   Zero   RW         5724    .bss                test_task.o
    0x20005aa0   0x00000400   Zero   RW            1    STACK               startup_stm32f427xx.o


==============================================================================

Image component sizes


      Code (inc. data)   RO Data    RW Data    ZI Data      Debug   Object Name

        40          4          0          0          0       1287   action_usart.o
       444         76          0          0          0       4896   auto_task.o
       666         22          0          0        832       9257   bsp_can.o
       766         22          0          0         59       5265   bsp_sbus.o
       420         40          0          4         80       2670   can.o
       332         30          0          1          0       6626   chassis_behaviour.o
      2900        214          0          4       2132      10841   chassis_task.o
       120          0          0          0          0      23593   cmsis_os.o
       108          4          0          0          0        902   dma.o
         0          0          0          0          0      17020   event_groups.o
       124         12        153         16        596       2371   freertos.o
       444         32          0          0          0       1307   gpio.o
       472         24          0         32      15360       7651   heap_4.o
       276          8          0          0          0       2480   led_task.o
       138          0          0          0          0       3750   list.o
       332         36          0         43        510     798048   main.o
       574         16          0          0          0       4829   pid.o
       702         72          0         12          0      11364   port.o
       184         24          0          0         88       1829   spi.o
        36          8        428          0       1024        868   startup_stm32f427xx.o
        80         14          0         12          0       8430   stm32f4xx_hal.o
      1682          6          0          0          0      15725   stm32f4xx_hal_can.o
       158         14          0          0          0      33326   stm32f4xx_hal_cortex.o
      1154         16          8          0          0       8550   stm32f4xx_hal_dma.o
       584         54          0          0          0       3007   stm32f4xx_hal_gpio.o
        56          4          0          0          0        934   stm32f4xx_hal_msp.o
       112         14          0          0          0       1356   stm32f4xx_hal_pwr_ex.o
      1412         86          0          0          0       6137   stm32f4xx_hal_rcc.o
       188          0          0          0          0       1263   stm32f4xx_hal_spi.o
      1110         72          0          0          0      10649   stm32f4xx_hal_tim.o
       148         28          0          0          0       2593   stm32f4xx_hal_tim_ex.o
       152         20          0          0         72       1584   stm32f4xx_hal_timebase_tim.o
      2136         30          0          0          0      16717   stm32f4xx_hal_uart.o
       820        262          0          0         24      12472   stm32f4xx_it.o
         0          0          0          0          0        392   stream_buffer.o
        16          4         24          4          0       1231   system_stm32f4xx.o
      1520        112          0         60        240      20054   tasks.o
       696         66          0          0       2132       3816   test_task.o
       304         28          0          0        144       2587   tim.o
       336         50          0          0          0       1984   upper_behaviour.o
      1004        106          0          0        724       5167   usart.o

    ----------------------------------------------------------------------
     22782       1630        652        196      24020    1074828   Object Totals
         0          0         32          0          0          0   (incl. Generated)
        36          0          7          8          3          0   (incl. Padding)

    ----------------------------------------------------------------------

      Code (inc. data)   RO Data    RW Data    ZI Data      Debug   Library Member Name

       744        106        152          0          0        352   atan.o
       496         64          0          0          0        192   atan2.o
       200         20          0          0          0        164   cos.o
       368         46         48          0          0        200   cos_i.o
       184         44          0          0          0        744   dunder.o
        24          0          0          0          0        124   fabs.o
        48          0          0          0          0        124   fpclassify.o
       248          0          0          0          0        152   poly.o
      3152        296        136          0          0        352   pow.o
         0          0          8          0          0          0   qnan.o
      1080        142        200          0          0        188   rred.o
       200         20          0          0          0        164   sin.o
       304         24         40          0          0        208   sin_i.o
       232          0          0          0          0        296   sqrt.o
         0          0          0          0          0          0   entry.o
         0          0          0          0          0          0   entry10a.o
         0          0          0          0          0          0   entry11a.o
         8          4          0          0          0          0   entry2.o
         4          0          0          0          0          0   entry5.o
         0          0          0          0          0          0   entry7b.o
         0          0          0          0          0          0   entry8b.o
         8          4          0          0          0          0   entry9a.o
        12          6          0          4          0         68   errno.o
        30          0          0          0          0          0   handlers.o
        36          8          0          0          0         68   init.o
         0          0          0          0          0          0   iusefp.o
        30          0          0          0          0         68   llshl.o
        36          0          0          0          0         68   llsshr.o
        32          0          0          0          0         68   llushr.o
        36          0          0          0          0         68   memcpya.o
        36          0          0          0          0        108   memseta.o
      2324         94          0          0          0        600   printfa.o
         0          0          0          4          0          0   stdout.o
        44          0          0          0          0         80   uidiv.o
        98          0          0          0          0         92   uldiv.o
        48          0          0          0          0         68   cdrcmple.o
        56          0          0          0          0         88   d2f.o
       334          0          0          0          0        148   dadd.o
       222          0          0          0          0        100   ddiv.o
       186          0          0          0          0        176   depilogue.o
        62          0          0          0          0         80   dfixi.o
        48          0          0          0          0         68   dfixul.o
        34          0          0          0          0         76   dflti.o
        26          0          0          0          0         76   dfltui.o
       228          0          0          0          0         96   dmul.o
        46          0          0          0          0         80   dscalb.o
       162          0          0          0          0        100   dsqrt.o
        38          0          0          0          0         68   f2d.o
       110          0          0          0          0        168   fepilogue.o

    ----------------------------------------------------------------------
     11626        878        584          8          0       5940   Library Totals
        12          0          0          0          0          0   (incl. Padding)

    ----------------------------------------------------------------------

      Code (inc. data)   RO Data    RW Data    ZI Data      Debug   Library Name

      7280        762        584          0          0       3260   m_wm.l
      2734        116          0          8          0       1288   mc_w.l
      1600          0          0          0          0       1392   mf_w.l

    ----------------------------------------------------------------------
     11626        878        584          8          0       5940   Library Totals

    ----------------------------------------------------------------------

==============================================================================


      Code (inc. data)   RO Data    RW Data    ZI Data      Debug   

     34408       2508       1236        204      24020    1057168   Grand Totals
     34408       2508       1236        204      24020    1057168   ELF Image Totals
     34408       2508       1236        204          0          0   ROM Totals

==============================================================================

    Total RO  Size (Code + RO Data)                35644 (  34.81kB)
    Total RW  Size (RW Data + ZI Data)             24224 (  23.66kB)
    Total ROM Size (Code + RO Data + RW Data)      35848 (  35.01kB)

==============================================================================

