<html>
<body>
<pre>
<h1>µVision Build Log</h1>
<h2>Tool Versions:</h2>
IDE-Version: ¦ÌVision V5.36.0.0
Copyright (C) 2021 ARM Ltd and ARM Germany GmbH. All rights reserved.
License Information: a a, a, LIC=QF82M-XBPRY-2ZTW4-FJYIU-EMB3M-7599R
 
Tool Versions:
Toolchain:       MDK-ARM Plus  Version: 5.36.0.0
Toolchain Path:  C:\Keil_v5\ARM\ARMCC\Bin
C Compiler:      Armcc.exe V5.06 update 7 (build 960)
Assembler:       Armasm.exe V5.06 update 7 (build 960)
Linker/Locator:  ArmLink.exe V5.06 update 7 (build 960)
Library Manager: ArmAr.exe V5.06 update 7 (build 960)
Hex Converter:   FromElf.exe V5.06 update 7 (build 960)
CPU DLL:         SARMCM3.DLL V5.36.0.0
Dialog DLL:      DCM.DLL V1.17.3.0
Target DLL:      CMSIS_AGDI.dll V1.33.0.0
Dialog DLL:      TCM.DLL V1.53.0.0
 
<h2>Project:</h2>
C:\Users\dell\Documents\GitHub\RBC_CQUPT_HXC_RR\MDK-ARM\ROBOCON2023_CQUPT.uvprojx
Project File Date:  06/27/2023

<h2>Output:</h2>
*** Using Compiler 'V5.06 update 7 (build 960)', folder: 'C:\Keil_v5\ARM\ARMCC\Bin'
Build target 'ROBOCON2023_CQUPT'
assembling startup_stm32f427xx.s...
compiling stm32f4xx_it.c...
../Core/Src/stm32f4xx_it.c(283): warning:  #223-D: function "printf" declared implicitly
                      printf("Y=%d    X=%d    yaw=%d  flag=%d\r\n", (int)set_pos_y,(int) set_pos_x, (int)set_zangle, move_flag);
../Core/Src/stm32f4xx_it.c(284): warning:  #223-D: function "Usart2Printf" declared implicitly
                      Usart2Printf("n20.val=%d\xff\xff\xff",(int)set_pos_y);
../Core/Src/stm32f4xx_it.c: 2 warnings, 0 errors
compiling stm32f4xx_hal_msp.c...
compiling gpio.c...
compiling dma.c...
compiling stm32f4xx_hal_timebase_tim.c...
compiling spi.c...
compiling stm32f4xx_hal_can.c...
compiling can.c...
compiling stm32f4xx_hal_rcc.c...
compiling usart.c...
compiling stm32f4xx_hal_rcc_ex.c...
compiling freertos.c...
compiling main.c...
../Core/Src/main.c(38): warning:  #940-D: missing return statement at end of non-void function "fputc" 
  }
../Core/Src/main.c: 1 warning, 0 errors
compiling stm32f4xx_hal_pwr.c...
compiling stm32f4xx_hal.c...
compiling stm32f4xx_hal_cortex.c...
compiling stm32f4xx_hal_flash_ramfunc.c...
compiling croutine.c...
compiling stm32f4xx_hal_exti.c...
compiling stm32f4xx_hal_gpio.c...
compiling event_groups.c...
compiling stm32f4xx_hal_dma_ex.c...
compiling list.c...
compiling stm32f4xx_hal_pwr_ex.c...
compiling stm32f4xx_hal_flash.c...
compiling stm32f4xx_hal_dma.c...
compiling timers.c...
compiling stream_buffer.c...
compiling heap_4.c...
compiling queue.c...
compiling port.c...
compiling stm32f4xx_hal_flash_ex.c...
compiling stm32f4xx_hal_spi.c...
compiling tasks.c...
compiling cmsis_os.c...
compiling task.c...
..\Task\task.c(142): warning:  #940-D: missing return statement at end of non-void function "robot_stop" 
  }
..\Task\task.c(110): warning:  #550-D: variable "nextBehaviours"  was set but never used
      robot_behaviour_e nextBehaviours = ROBOT_STOP;
..\Task\task.c: 2 warnings, 0 errors
compiling stm32f4xx_hal_tim.c...
compiling action_usart.c...
..\Hardware\action_usart\action_usart.c(34): warning:  #1-D: last line of file ends without a newline
  //}
..\Hardware\action_usart\action_usart.c: 1 warning, 0 errors
compiling chassis_behaviour.c...
compiling bsp_as5048.c...
compiling bsp_sbus.c...
compiling pid.c...
compiling system_stm32f4xx.c...
compiling bsp_can.c...
compiling upper_behaviour.c...
compiling led_task.c...
compiling chassis_task.c...
..\Task\chassis_task.c(110): warning:  #177-D: variable "i"  was declared but never referenced
      int i=0;
..\Task\chassis_task.c(253): warning:  #177-D: function "chassis_set_mode"  was declared but never referenced
  static void chassis_set_mode(chassis_move_t *Chassis_Move_Mode)
..\Task\chassis_task.c: 2 warnings, 0 errors
compiling stm32f4xx_hal_tim_ex.c...
compiling stm32f4xx_hal_uart.c...
compiling test_task.c...
linking...
Program Size: Code=28728 RO-data=904 RW-data=196 ZI-data=23708  
FromELF: creating hex file...
"ROBOCON2023_CQUPT\ROBOCON2023_CQUPT.axf" - 0 Error(s), 8 Warning(s).

<h2>Software Packages used:</h2>

Package Vendor: ARM
                http://www.keil.com/pack/ARM.CMSIS.5.8.0.pack
                ARM.CMSIS.5.8.0
                CMSIS (Common Microcontroller Software Interface Standard)
   * Component: CORE Version: 5.5.0

Package Vendor: Keil
                http://www.keil.com/pack/Keil.STM32F4xx_DFP.2.16.0.pack
                Keil.STM32F4xx_DFP.2.16.0
                STMicroelectronics STM32F4 Series Device Support, Drivers and Examples

<h2>Collection of Component include folders:</h2>
  .\RTE\_ROBOCON2023_CQUPT
  C:\Keil_v5\ARM\PACK\ARM\CMSIS\5.8.0\CMSIS\Core\Include
  C:\Keil_v5\ARM\PACK\Keil\STM32F4xx_DFP\2.16.0\Drivers\CMSIS\Device\ST\STM32F4xx\Include

<h2>Collection of Component Files used:</h2>

   * Component: ARM::CMSIS:CORE:5.5.0
      Include file:  CMSIS\Core\Include\tz_context.h
Build Time Elapsed:  00:00:14
</pre>
</body>
</html>
