Component: ARM Compiler 5.06 update 4 (build 422) Tool: armlink [4d35d2]

==============================================================================

Section Cross References

    startup_stm32f427xx.o(RESET) refers to startup_stm32f427xx.o(STACK) for __initial_sp
    startup_stm32f427xx.o(RESET) refers to startup_stm32f427xx.o(.text) for Reset_Handler
    startup_stm32f427xx.o(RESET) refers to stm32f4xx_it.o(i.NMI_Handler) for NMI_Handler
    startup_stm32f427xx.o(RESET) refers to stm32f4xx_it.o(i.HardFault_Handler) for HardFault_Handler
    startup_stm32f427xx.o(RESET) refers to stm32f4xx_it.o(i.MemManage_Handler) for MemManage_Handler
    startup_stm32f427xx.o(RESET) refers to stm32f4xx_it.o(i.BusFault_Handler) for BusFault_Handler
    startup_stm32f427xx.o(RESET) refers to stm32f4xx_it.o(i.UsageFault_Handler) for UsageFault_Handler
    startup_stm32f427xx.o(RESET) refers to port.o(.emb_text) for SVC_Handler
    startup_stm32f427xx.o(RESET) refers to stm32f4xx_it.o(i.DebugMon_Handler) for DebugMon_Handler
    startup_stm32f427xx.o(RESET) refers to port.o(i.SysTick_Handler) for SysTick_Handler
    startup_stm32f427xx.o(RESET) refers to stm32f4xx_it.o(i.DMA1_Stream5_IRQHandler) for DMA1_Stream5_IRQHandler
    startup_stm32f427xx.o(RESET) refers to stm32f4xx_it.o(i.CAN1_TX_IRQHandler) for CAN1_TX_IRQHandler
    startup_stm32f427xx.o(RESET) refers to stm32f4xx_it.o(i.CAN1_RX0_IRQHandler) for CAN1_RX0_IRQHandler
    startup_stm32f427xx.o(RESET) refers to stm32f4xx_it.o(i.USART1_IRQHandler) for USART1_IRQHandler
    startup_stm32f427xx.o(RESET) refers to stm32f4xx_it.o(i.USART2_IRQHandler) for USART2_IRQHandler
    startup_stm32f427xx.o(RESET) refers to stm32f4xx_it.o(i.TIM8_TRG_COM_TIM14_IRQHandler) for TIM8_TRG_COM_TIM14_IRQHandler
    startup_stm32f427xx.o(RESET) refers to stm32f4xx_it.o(i.DMA2_Stream1_IRQHandler) for DMA2_Stream1_IRQHandler
    startup_stm32f427xx.o(RESET) refers to stm32f4xx_it.o(i.DMA2_Stream2_IRQHandler) for DMA2_Stream2_IRQHandler
    startup_stm32f427xx.o(RESET) refers to stm32f4xx_it.o(i.CAN2_TX_IRQHandler) for CAN2_TX_IRQHandler
    startup_stm32f427xx.o(RESET) refers to stm32f4xx_it.o(i.CAN2_RX0_IRQHandler) for CAN2_RX0_IRQHandler
    startup_stm32f427xx.o(RESET) refers to stm32f4xx_it.o(i.USART6_IRQHandler) for USART6_IRQHandler
    startup_stm32f427xx.o(.text) refers to system_stm32f4xx.o(i.SystemInit) for SystemInit
    startup_stm32f427xx.o(.text) refers to entry.o(.ARM.Collect$$$$00000000) for __main
    main.o(i.HAL_TIM_PeriodElapsedCallback) refers to stm32f4xx_hal.o(i.HAL_IncTick) for HAL_IncTick
    main.o(i.SystemClock_Config) refers to memseta.o(.text) for __aeabi_memclr4
    main.o(i.SystemClock_Config) refers to stm32f4xx_hal_rcc.o(i.HAL_RCC_OscConfig) for HAL_RCC_OscConfig
    main.o(i.SystemClock_Config) refers to stm32f4xx_hal_pwr_ex.o(i.HAL_PWREx_EnableOverDrive) for HAL_PWREx_EnableOverDrive
    main.o(i.SystemClock_Config) refers to stm32f4xx_hal_rcc.o(i.HAL_RCC_ClockConfig) for HAL_RCC_ClockConfig
    main.o(i.fputc) refers to stm32f4xx_hal_uart.o(i.HAL_UART_Transmit) for HAL_UART_Transmit
    main.o(i.fputc) refers to usart.o(.bss) for huart6
    main.o(i.main) refers to stm32f4xx_hal.o(i.HAL_Init) for HAL_Init
    main.o(i.main) refers to main.o(i.SystemClock_Config) for SystemClock_Config
    main.o(i.main) refers to gpio.o(i.MX_GPIO_Init) for MX_GPIO_Init
    main.o(i.main) refers to dma.o(i.MX_DMA_Init) for MX_DMA_Init
    main.o(i.main) refers to can.o(i.MX_CAN1_Init) for MX_CAN1_Init
    main.o(i.main) refers to can.o(i.MX_CAN2_Init) for MX_CAN2_Init
    main.o(i.main) refers to spi.o(i.MX_SPI4_Init) for MX_SPI4_Init
    main.o(i.main) refers to usart.o(i.MX_USART1_UART_Init) for MX_USART1_UART_Init
    main.o(i.main) refers to usart.o(i.MX_USART2_UART_Init) for MX_USART2_UART_Init
    main.o(i.main) refers to usart.o(i.MX_USART3_UART_Init) for MX_USART3_UART_Init
    main.o(i.main) refers to usart.o(i.MX_USART6_UART_Init) for MX_USART6_UART_Init
    main.o(i.main) refers to bsp_sbus.o(i.dbus_uart_init) for dbus_uart_init
    main.o(i.main) refers to bsp_can.o(i.my_can_filter_init_recv_all) for my_can_filter_init_recv_all
    main.o(i.main) refers to bsp_can.o(i.can_filter_recv_special) for can_filter_recv_special
    main.o(i.main) refers to freertos.o(i.MX_FREERTOS_Init) for MX_FREERTOS_Init
    main.o(i.main) refers to cmsis_os.o(i.osKernelStart) for osKernelStart
    main.o(i.main) refers to can.o(.bss) for hcan1
    gpio.o(i.MX_GPIO_Init) refers to memseta.o(.text) for __aeabi_memclr4
    gpio.o(i.MX_GPIO_Init) refers to stm32f4xx_hal_gpio.o(i.HAL_GPIO_WritePin) for HAL_GPIO_WritePin
    gpio.o(i.MX_GPIO_Init) refers to stm32f4xx_hal_gpio.o(i.HAL_GPIO_Init) for HAL_GPIO_Init
    freertos.o(i.MX_FREERTOS_Init) refers to memcpya.o(.text) for __aeabi_memcpy4
    freertos.o(i.MX_FREERTOS_Init) refers to cmsis_os.o(i.osThreadCreate) for osThreadCreate
[...]
    prvAddNewTaskToReadyList                 0x08006319   Thumb Code   194  tasks.o(i.prvAddNewTaskToReadyList)
    i.prvDeleteTCB                           0x080063e8   Section        0  tasks.o(i.prvDeleteTCB)
    prvDeleteTCB                             0x080063e9   Thumb Code    52  tasks.o(i.prvDeleteTCB)
    i.prvHeapInit                            0x0800641c   Section        0  heap_4.o(i.prvHeapInit)
    prvHeapInit                              0x0800641d   Thumb Code    66  heap_4.o(i.prvHeapInit)
    i.prvIdleTask                            0x08006468   Section        0  tasks.o(i.prvIdleTask)
    prvIdleTask                              0x08006469   Thumb Code    82  tasks.o(i.prvIdleTask)
    i.prvInitialiseNewTask                   0x080064c8   Section        0  tasks.o(i.prvInitialiseNewTask)
    prvInitialiseNewTask                     0x080064c9   Thumb Code   152  tasks.o(i.prvInitialiseNewTask)
    i.prvInsertBlockIntoFreeList             0x08006560   Section        0  heap_4.o(i.prvInsertBlockIntoFreeList)
    prvInsertBlockIntoFreeList               0x08006561   Thumb Code    72  heap_4.o(i.prvInsertBlockIntoFreeList)
    i.prvResetNextTaskUnblockTime            0x080065ac   Section        0  tasks.o(i.prvResetNextTaskUnblockTime)
    prvResetNextTaskUnblockTime              0x080065ad   Thumb Code    26  tasks.o(i.prvResetNextTaskUnblockTime)
    i.prvTaskExitError                       0x080065cc   Section        0  port.o(i.prvTaskExitError)
    prvTaskExitError                         0x080065cd   Thumb Code    36  port.o(i.prvTaskExitError)
    i.pvPortMalloc                           0x080065f4   Section        0  heap_4.o(i.pvPortMalloc)
    i.pxPortInitialiseStack                  0x080066d0   Section        0  port.o(i.pxPortInitialiseStack)
    i.rc_callback_handler                    0x080066fc   Section        0  bsp_sbus.o(i.rc_callback_handler)
    i.set_C620moter                          0x0800678c   Section        0  upper_behaviour.o(i.set_C620moter)
    i.set_motor                              0x08006820   Section        0  bsp_can.o(i.set_motor)
    i.set_motor_A                            0x0800684c   Section        0  bsp_can.o(i.set_motor_A)
    i.set_motor_B                            0x0800688e   Section        0  bsp_can.o(i.set_motor_B)
    i.sqrt                                   0x080068d2   Section        0  sqrt.o(i.sqrt)
    i.test_task                              0x08006940   Section        0  test_task.o(i.test_task)
    i.uart_receive_handler                   0x08006ad0   Section        0  bsp_sbus.o(i.uart_receive_handler)
    i.upper_Init                             0x08006b30   Section        0  test_task.o(i.upper_Init)
    upper_Init                               0x08006b31   Thumb Code   220  test_task.o(i.upper_Init)
    i.upper_feedback_update                  0x08006c24   Section        0  upper_behaviour.o(i.upper_feedback_update)
    i.uxListRemove                           0x08006c90   Section        0  list.o(i.uxListRemove)
    i.vApplicationGetIdleTaskMemory          0x08006cb8   Section        0  freertos.o(i.vApplicationGetIdleTaskMemory)
    i.vListInitialise                        0x08006ccc   Section        0  list.o(i.vListInitialise)
    i.vListInitialiseItem                    0x08006ce2   Section        0  list.o(i.vListInitialiseItem)
    i.vListInsert                            0x08006ce8   Section        0  list.o(i.vListInsert)
    i.vListInsertEnd                         0x08006d18   Section        0  list.o(i.vListInsertEnd)
    i.vPortEnterCritical                     0x08006d30   Section        0  port.o(i.vPortEnterCritical)
    i.vPortExitCritical                      0x08006d70   Section        0  port.o(i.vPortExitCritical)
    i.vPortFree                              0x08006d98   Section        0  heap_4.o(i.vPortFree)
    i.vPortSetupTimerInterrupt               0x08006dfc   Section        0  port.o(i.vPortSetupTimerInterrupt)
    i.vTaskDelay                             0x08006e20   Section        0  tasks.o(i.vTaskDelay)
    i.vTaskStartScheduler                    0x08006e6c   Section        0  tasks.o(i.vTaskStartScheduler)
    i.vTaskSuspendAll                        0x08006ed8   Section        0  tasks.o(i.vTaskSuspendAll)
    i.vTaskSwitchContext                     0x08006ee8   Section        0  tasks.o(i.vTaskSwitchContext)
    i.xPortStartScheduler                    0x08006f44   Section        0  port.o(i.xPortStartScheduler)
    i.xTaskCreate                            0x08007038   Section        0  tasks.o(i.xTaskCreate)
    i.xTaskCreateStatic                      0x08007092   Section        0  tasks.o(i.xTaskCreateStatic)
    i.xTaskIncrementTick                     0x080070e8   Section        0  tasks.o(i.xTaskIncrementTick)
    i.xTaskResumeAll                         0x080071b4   Section        0  tasks.o(i.xTaskResumeAll)
    .constdata                               0x08007278   Section       84  freertos.o(.constdata)
    .constdata                               0x080072cc   Section        8  stm32f4xx_hal_dma.o(.constdata)
    flagBitshiftOffset                       0x080072cc   Data           8  stm32f4xx_hal_dma.o(.constdata)
    .constdata                               0x080072d4   Section       16  system_stm32f4xx.o(.constdata)
    .constdata                               0x080072e4   Section        8  system_stm32f4xx.o(.constdata)
    .constdata                               0x080072f0   Section      136  pow.o(.constdata)
    bp                                       0x080072f0   Data          16  pow.o(.constdata)
    dp_h                                     0x08007300   Data          16  pow.o(.constdata)
    dp_l                                     0x08007310   Data          16  pow.o(.constdata)
    L                                        0x08007320   Data          48  pow.o(.constdata)
    P                                        0x08007350   Data          40  pow.o(.constdata)
    .constdata                               0x08007378   Section      152  atan.o(.constdata)
    atanhi                                   0x08007378   Data          32  atan.o(.constdata)
    atanlo                                   0x08007398   Data          32  atan.o(.constdata)
    aTodd                                    0x080073b8   Data          40  atan.o(.constdata)
    aTeven                                   0x080073e0   Data          48  atan.o(.constdata)
    .constdata                               0x08007410   Section        8  qnan.o(.constdata)
    .conststring                             0x08007418   Section       29  freertos.o(.conststring)
    .data                                    0x20000000   Section        4  main.o(.data)
    .data                                    0x20000004   Section        4  main.o(.data)
    .data                                    0x20000008   Section        4  main.o(.data)
    .data                                    0x2000000c   Section        4  main.o(.data)
    .data                                    0x20000010   Section        4  main.o(.data)
    .data                                    0x20000014   Section        4  main.o(.data)
    .data                                    0x20000018   Section        1  main.o(.data)
    .data                                    0x2000001c   Section        4  main.o(.data)
    .data                                    0x20000020   Section        4  main.o(.data)
    .data                                    0x20000024   Section        4  main.o(.data)
    .data                                    0x20000028   Section        4  main.o(.data)
    .data                                    0x2000002c   Section        1  main.o(.data)
    .data                                    0x20000030   Section       12  freertos.o(.data)
    .data                                    0x2000003c   Section        4  can.o(.data)
    HAL_RCC_CAN1_CLK_ENABLED                 0x2000003c   Data           4  can.o(.data)
    .data                                    0x20000040   Section       12  stm32f4xx_hal.o(.data)
    .data                                    0x2000004c   Section        4  system_stm32f4xx.o(.data)
    .data                                    0x20000050   Section       60  tasks.o(.data)
    uxDeletedTasksWaitingCleanUp             0x20000054   Data           4  tasks.o(.data)
    uxCurrentNumberOfTasks                   0x20000058   Data           4  tasks.o(.data)
    xTickCount                               0x2000005c   Data           4  tasks.o(.data)
    uxTopReadyPriority                       0x20000060   Data           4  tasks.o(.data)
    xSchedulerRunning                        0x20000064   Data           4  tasks.o(.data)
    xPendedTicks                             0x20000068   Data           4  tasks.o(.data)
    xYieldPending                            0x2000006c   Data           4  tasks.o(.data)
    xNumOfOverflows                          0x20000070   Data           4  tasks.o(.data)
    uxTaskNumber                             0x20000074   Data           4  tasks.o(.data)
    xNextTaskUnblockTime                     0x20000078   Data           4  tasks.o(.data)
    xIdleTaskHandle                          0x2000007c   Data           4  tasks.o(.data)
    uxSchedulerSuspended                     0x20000080   Data           4  tasks.o(.data)
    pxDelayedTaskList                        0x20000084   Data           4  tasks.o(.data)
    pxOverflowDelayedTaskList                0x20000088   Data           4  tasks.o(.data)
    .data                                    0x2000008c   Section       32  heap_4.o(.data)
    pxEnd                                    0x2000008c   Data           4  heap_4.o(.data)
    xFreeBytesRemaining                      0x20000090   Data           4  heap_4.o(.data)
    xMinimumEverFreeBytesRemaining           0x20000094   Data           4  heap_4.o(.data)
    xNumberOfSuccessfulAllocations           0x20000098   Data           4  heap_4.o(.data)
    xNumberOfSuccessfulFrees                 0x2000009c   Data           4  heap_4.o(.data)
    xBlockAllocatedBit                       0x200000a0   Data           4  heap_4.o(.data)
    xStart                                   0x200000a4   Data           8  heap_4.o(.data)
    .data                                    0x200000ac   Section       12  port.o(.data)
    ucMaxSysCallPriority                     0x200000ac   Data           1  port.o(.data)
    uxCriticalNesting                        0x200000b0   Data           4  port.o(.data)
    ulMaxPRIGROUPValue                       0x200000b4   Data           4  port.o(.data)
    .data                                    0x200000b8   Section        1  chassis_behaviour.o(.data)
    .data                                    0x200000bc   Section        4  stdout.o(.data)
    .data                                    0x200000c0   Section        4  errno.o(.data)
    _errno                                   0x200000c0   Data           4  errno.o(.data)
    .bss                                     0x200000c4   Section      255  main.o(.bss)
    .bss                                     0x200001c3   Section      255  main.o(.bss)
    .bss                                     0x200002c4   Section      596  freertos.o(.bss)
    xIdleTaskTCBBuffer                       0x200002c4   Data          84  freertos.o(.bss)
    xIdleStack                               0x20000318   Data         512  freertos.o(.bss)
    .bss                                     0x20000518   Section       80  can.o(.bss)
    .bss                                     0x20000568   Section       88  spi.o(.bss)
    .bss                                     0x200005c0   Section      560  usart.o(.bss)
    .bss                                     0x200007f0   Section       24  stm32f4xx_it.o(.bss)
    posture                                  0x200007f0   Data          24  stm32f4xx_it.o(.bss)
    .bss                                     0x20000808   Section       72  stm32f4xx_hal_timebase_tim.o(.bss)
    .bss                                     0x20000850   Section      240  tasks.o(.bss)
    pxReadyTasksLists                        0x20000850   Data         140  tasks.o(.bss)
    xDelayedTaskList1                        0x200008dc   Data          20  tasks.o(.bss)
    xDelayedTaskList2                        0x200008f0   Data          20  tasks.o(.bss)
    xPendingReadyList                        0x20000904   Data          20  tasks.o(.bss)
    xTasksWaitingTermination                 0x20000918   Data          20  tasks.o(.bss)
    xSuspendedTaskList                       0x2000092c   Data          20  tasks.o(.bss)
    .bss                                     0x20000940   Section    15360  heap_4.o(.bss)
    ucHeap                                   0x20000940   Data       15360  heap_4.o(.bss)
    .bss                                     0x20004540   Section      832  bsp_can.o(.bss)
    .bss                                     0x20004880   Section       52  bsp_sbus.o(.bss)
    .bss                                     0x200048b4   Section     2132  chassis_task.o(.bss)
    .bss                                     0x20005108   Section     2132  test_task.o(.bss)
    STACK                                    0x20005960   Section     1024  startup_stm32f427xx.o(STACK)

    Global Symbols

    Symbol Name                              Value     Ov Type        Size  Object(Section)

    BuildAttributes$$THM_ISAv4$E$P$D$K$B$S$7EM$VFPi3$EXTD16$VFPS$VFMA$PE$A:L22UL41UL21$X:L11$S22US41US21$IEEE1$IW$USESV6$~STKCKD$USESV7$~SHL$OTIME$ROPI$IEEEX$EBA8$MICROLIB$REQ8$PRES8$EABIv2 0x00000000   Number         0  anon$$obj.o ABSOLUTE
    __ARM_use_no_argv                        0x00000000   Number         0  main.o ABSOLUTE
    _printf_a                                0x00000000   Number         0  stubs.o ABSOLUTE
    _printf_c                                0x00000000   Number         0  stubs.o ABSOLUTE
    _printf_charcount                        0x00000000   Number         0  stubs.o ABSOLUTE
    _printf_d                                0x00000000   Number         0  stubs.o ABSOLUTE
    _printf_e                                0x00000000   Number         0  stubs.o ABSOLUTE
    _printf_f                                0x00000000   Number         0  stubs.o ABSOLUTE
    _printf_flags                            0x00000000   Number         0  stubs.o ABSOLUTE
    _printf_fp_dec                           0x00000000   Number         0  stubs.o ABSOLUTE
    _printf_fp_hex                           0x00000000   Number         0  stubs.o ABSOLUTE
    _printf_g                                0x00000000   Number         0  stubs.o ABSOLUTE
    _printf_i                                0x00000000   Number         0  stubs.o ABSOLUTE
    _printf_int_dec                          0x00000000   Number         0  stubs.o ABSOLUTE
    _printf_l                                0x00000000   Number         0  stubs.o ABSOLUTE
    _printf_lc                               0x00000000   Number         0  stubs.o ABSOLUTE
    _printf_ll                               0x00000000   Number         0  stubs.o ABSOLUTE
    _printf_lld                              0x00000000   Number         0  stubs.o ABSOLUTE
    _printf_lli                              0x00000000   Number         0  stubs.o ABSOLUTE
    _printf_llo                              0x00000000   Number         0  stubs.o ABSOLUTE
    _printf_llu                              0x00000000   Number         0  stubs.o ABSOLUTE
    _printf_llx                              0x00000000   Number         0  stubs.o ABSOLUTE
    _printf_longlong_dec                     0x00000000   Number         0  stubs.o ABSOLUTE
    _printf_longlong_hex                     0x00000000   Number         0  stubs.o ABSOLUTE
    _printf_longlong_oct                     0x00000000   Number         0  stubs.o ABSOLUTE
    _printf_ls                               0x00000000   Number         0  stubs.o ABSOLUTE
    _printf_mbtowc                           0x00000000   Number         0  stubs.o ABSOLUTE
    _printf_n                                0x00000000   Number         0  stubs.o ABSOLUTE
    _printf_o                                0x00000000   Number         0  stubs.o ABSOLUTE
    _printf_p                                0x00000000   Number         0  stubs.o ABSOLUTE
    _printf_percent                          0x00000000   Number         0  stubs.o ABSOLUTE
    _printf_pre_padding                      0x00000000   Number         0  stubs.o ABSOLUTE
    _printf_return_value                     0x00000000   Number         0  stubs.o ABSOLUTE
    _printf_s                                0x00000000   Number         0  stubs.o ABSOLUTE
    _printf_sizespec                         0x00000000   Number         0  stubs.o ABSOLUTE
    _printf_str                              0x00000000   Number         0  stubs.o ABSOLUTE
    _printf_truncate_signed                  0x00000000   Number         0  stubs.o ABSOLUTE
    _printf_truncate_unsigned                0x00000000   Number         0  stubs.o ABSOLUTE
    _printf_u                                0x00000000   Number         0  stubs.o ABSOLUTE
    _printf_wc                               0x00000000   Number         0  stubs.o ABSOLUTE
    _printf_wctomb                           0x00000000   Number         0  stubs.o ABSOLUTE
    _printf_widthprec                        0x00000000   Number         0  stubs.o ABSOLUTE
    _printf_x                                0x00000000   Number         0  stubs.o ABSOLUTE
    __cpp_initialize__aeabi_                  - Undefined Weak Reference
    __cxa_finalize                            - Undefined Weak Reference
    __decompress                              - Undefined Weak Reference
    _clock_init                               - Undefined Weak Reference
    _microlib_exit                            - Undefined Weak Reference
    __Vectors_Size                           0x000001ac   Number         0  startup_stm32f427xx.o ABSOLUTE
    __Vectors                                0x08000000   Data           4  startup_stm32f427xx.o(RESET)
    __Vectors_End                            0x080001ac   Data           0  startup_stm32f427xx.o(RESET)
    __main                                   0x080001ad   Thumb Code     0  entry.o(.ARM.Collect$$$$00000000)
    _main_stk                                0x080001ad   Thumb Code     0  entry2.o(.ARM.Collect$$$$00000001)
    _main_scatterload                        0x080001b1   Thumb Code     0  entry5.o(.ARM.Collect$$$$00000004)
    __main_after_scatterload                 0x080001b5   Thumb Code     0  entry5.o(.ARM.Collect$$$$00000004)
    _main_clock                              0x080001b5   Thumb Code     0  entry7b.o(.ARM.Collect$$$$00000008)
    _main_cpp_init                           0x080001b5   Thumb Code     0  entry8b.o(.ARM.Collect$$$$0000000A)
    _main_init                               0x080001b5   Thumb Code     0  entry9a.o(.ARM.Collect$$$$0000000B)
    __rt_final_cpp                           0x080001bd   Thumb Code     0  entry10a.o(.ARM.Collect$$$$0000000D)
    __rt_final_exit                          0x080001bd   Thumb Code     0  entry11a.o(.ARM.Collect$$$$0000000F)
    SVC_Handler                              0x080001c1   Thumb Code    28  port.o(.emb_text)
    __asm___6_port_c_39a90d8d__prvStartFirstTask 0x080001e1   Thumb Code    36  port.o(.emb_text)
    __asm___6_port_c_39a90d8d__prvEnableVFP  0x08000209   Thumb Code    16  port.o(.emb_text)
    PendSV_Handler                           0x0800021d   Thumb Code    88  port.o(.emb_text)
    vPortGetIPSR                             0x08000279   Thumb Code     6  port.o(.emb_text)
    Reset_Handler                            0x08000281   Thumb Code     8  startup_stm32f427xx.o(.text)
    ADC_IRQHandler                           0x0800029b   Thumb Code     0  startup_stm32f427xx.o(.text)
    CAN1_RX1_IRQHandler                      0x0800029b   Thumb Code     0  startup_stm32f427xx.o(.text)
    CAN1_SCE_IRQHandler                      0x0800029b   Thumb Code     0  startup_stm32f427xx.o(.text)
    CAN2_RX1_IRQHandler                      0x0800029b   Thumb Code     0  startup_stm32f427xx.o(.text)
    CAN2_SCE_IRQHandler                      0x0800029b   Thumb Code     0  startup_stm32f427xx.o(.text)
    DCMI_IRQHandler                          0x0800029b   Thumb Code     0  startup_stm32f427xx.o(.text)
    DMA1_Stream0_IRQHandler                  0x0800029b   Thumb Code     0  startup_stm32f427xx.o(.text)
    DMA1_Stream1_IRQHandler                  0x0800029b   Thumb Code     0  startup_stm32f427xx.o(.text)
    DMA1_Stream2_IRQHandler                  0x0800029b   Thumb Code     0  startup_stm32f427xx.o(.text)
    DMA1_Stream3_IRQHandler                  0x0800029b   Thumb Code     0  startup_stm32f427xx.o(.text)
    DMA1_Stream4_IRQHandler                  0x0800029b   Thumb Code     0  startup_stm32f427xx.o(.text)
    DMA1_Stream6_IRQHandler                  0x0800029b   Thumb Code     0  startup_stm32f427xx.o(.text)
    DMA1_Stream7_IRQHandler                  0x0800029b   Thumb Code     0  startup_stm32f427xx.o(.text)
    DMA2D_IRQHandler                         0x0800029b   Thumb Code     0  startup_stm32f427xx.o(.text)
    DMA2_Stream0_IRQHandler                  0x0800029b   Thumb Code     0  startup_stm32f427xx.o(.text)
    DMA2_Stream3_IRQHandler                  0x0800029b   Thumb Code     0  startup_stm32f427xx.o(.text)
    DMA2_Stream4_IRQHandler                  0x0800029b   Thumb Code     0  startup_stm32f427xx.o(.text)
    DMA2_Stream5_IRQHandler                  0x0800029b   Thumb Code     0  startup_stm32f427xx.o(.text)
    DMA2_Stream6_IRQHandler                  0x0800029b   Thumb Code     0  startup_stm32f427xx.o(.text)
    DMA2_Stream7_IRQHandler                  0x0800029b   Thumb Code     0  startup_stm32f427xx.o(.text)
    ETH_IRQHandler                           0x0800029b   Thumb Code     0  startup_stm32f427xx.o(.text)
    ETH_WKUP_IRQHandler                      0x0800029b   Thumb Code     0  startup_stm32f427xx.o(.text)
    EXTI0_IRQHandler                         0x0800029b   Thumb Code     0  startup_stm32f427xx.o(.text)
    EXTI15_10_IRQHandler                     0x0800029b   Thumb Code     0  startup_stm32f427xx.o(.text)
    EXTI1_IRQHandler                         0x0800029b   Thumb Code     0  startup_stm32f427xx.o(.text)
    EXTI2_IRQHandler                         0x0800029b   Thumb Code     0  startup_stm32f427xx.o(.text)
    EXTI3_IRQHandler                         0x0800029b   Thumb Code     0  startup_stm32f427xx.o(.text)
    EXTI4_IRQHandler                         0x0800029b   Thumb Code     0  startup_stm32f427xx.o(.text)
    EXTI9_5_IRQHandler                       0x0800029b   Thumb Code     0  startup_stm32f427xx.o(.text)
    FLASH_IRQHandler                         0x0800029b   Thumb Code     0  startup_stm32f427xx.o(.text)
    FMC_IRQHandler                           0x0800029b   Thumb Code     0  startup_stm32f427xx.o(.text)
    FPU_IRQHandler                           0x0800029b   Thumb Code     0  startup_stm32f427xx.o(.text)
    HASH_RNG_IRQHandler                      0x0800029b   Thumb Code     0  startup_stm32f427xx.o(.text)
    I2C1_ER_IRQHandler                       0x0800029b   Thumb Code     0  startup_stm32f427xx.o(.text)
    I2C1_EV_IRQHandler                       0x0800029b   Thumb Code     0  startup_stm32f427xx.o(.text)
    I2C2_ER_IRQHandler                       0x0800029b   Thumb Code     0  startup_stm32f427xx.o(.text)
    I2C2_EV_IRQHandler                       0x0800029b   Thumb Code     0  startup_stm32f427xx.o(.text)
    I2C3_ER_IRQHandler                       0x0800029b   Thumb Code     0  startup_stm32f427xx.o(.text)
    I2C3_EV_IRQHandler                       0x0800029b   Thumb Code     0  startup_stm32f427xx.o(.text)
    OTG_FS_IRQHandler                        0x0800029b   Thumb Code     0  startup_stm32f427xx.o(.text)
    OTG_FS_WKUP_IRQHandler                   0x0800029b   Thumb Code     0  startup_stm32f427xx.o(.text)
    OTG_HS_EP1_IN_IRQHandler                 0x0800029b   Thumb Code     0  startup_stm32f427xx.o(.text)
    OTG_HS_EP1_OUT_IRQHandler                0x0800029b   Thumb Code     0  startup_stm32f427xx.o(.text)
    OTG_HS_IRQHandler                        0x0800029b   Thumb Code     0  startup_stm32f427xx.o(.text)
    OTG_HS_WKUP_IRQHandler                   0x0800029b   Thumb Code     0  startup_stm32f427xx.o(.text)
    PVD_IRQHandler                           0x0800029b   Thumb Code     0  startup_stm32f427xx.o(.text)
    RCC_IRQHandler                           0x0800029b   Thumb Code     0  startup_stm32f427xx.o(.text)
    RTC_Alarm_IRQHandler                     0x0800029b   Thumb Code     0  startup_stm32f427xx.o(.text)
    RTC_WKUP_IRQHandler                      0x0800029b   Thumb Code     0  startup_stm32f427xx.o(.text)
    SAI1_IRQHandler                          0x0800029b   Thumb Code     0  startup_stm32f427xx.o(.text)
    SDIO_IRQHandler                          0x0800029b   Thumb Code     0  startup_stm32f427xx.o(.text)
    SPI1_IRQHandler                          0x0800029b   Thumb Code     0  startup_stm32f427xx.o(.text)
    SPI2_IRQHandler                          0x0800029b   Thumb Code     0  startup_stm32f427xx.o(.text)
    SPI3_IRQHandler                          0x0800029b   Thumb Code     0  startup_stm32f427xx.o(.text)
    SPI4_IRQHandler                          0x0800029b   Thumb Code     0  startup_stm32f427xx.o(.text)
    SPI5_IRQHandler                          0x0800029b   Thumb Code     0  startup_stm32f427xx.o(.text)
    SPI6_IRQHandler                          0x0800029b   Thumb Code     0  startup_stm32f427xx.o(.text)
    TAMP_STAMP_IRQHandler                    0x0800029b   Thumb Code     0  startup_stm32f427xx.o(.text)
    TIM1_BRK_TIM9_IRQHandler                 0x0800029b   Thumb Code     0  startup_stm32f427xx.o(.text)
    TIM1_CC_IRQHandler                       0x0800029b   Thumb Code     0  startup_stm32f427xx.o(.text)
    TIM1_TRG_COM_TIM11_IRQHandler            0x0800029b   Thumb Code     0  startup_stm32f427xx.o(.text)
    TIM1_UP_TIM10_IRQHandler                 0x0800029b   Thumb Code     0  startup_stm32f427xx.o(.text)
    TIM2_IRQHandler                          0x0800029b   Thumb Code     0  startup_stm32f427xx.o(.text)
    TIM3_IRQHandler                          0x0800029b   Thumb Code     0  startup_stm32f427xx.o(.text)
    TIM4_IRQHandler                          0x0800029b   Thumb Code     0  startup_stm32f427xx.o(.text)
    TIM5_IRQHandler                          0x0800029b   Thumb Code     0  startup_stm32f427xx.o(.text)
    TIM6_DAC_IRQHandler                      0x0800029b   Thumb Code     0  startup_stm32f427xx.o(.text)
    TIM7_IRQHandler                          0x0800029b   Thumb Code     0  startup_stm32f427xx.o(.text)
    TIM8_BRK_TIM12_IRQHandler                0x0800029b   Thumb Code     0  startup_stm32f427xx.o(.text)
    TIM8_CC_IRQHandler                       0x0800029b   Thumb Code     0  startup_stm32f427xx.o(.text)
    TIM8_UP_TIM13_IRQHandler                 0x0800029b   Thumb Code     0  startup_stm32f427xx.o(.text)
    UART4_IRQHandler                         0x0800029b   Thumb Code     0  startup_stm32f427xx.o(.text)
    UART5_IRQHandler                         0x0800029b   Thumb Code     0  startup_stm32f427xx.o(.text)
    UART7_IRQHandler                         0x0800029b   Thumb Code     0  startup_stm32f427xx.o(.text)
    UART8_IRQHandler                         0x0800029b   Thumb Code     0  startup_stm32f427xx.o(.text)
    USART3_IRQHandler                        0x0800029b   Thumb Code     0  startup_stm32f427xx.o(.text)
    WWDG_IRQHandler                          0x0800029b   Thumb Code     0  startup_stm32f427xx.o(.text)
    __aeabi_uldivmod                         0x080002a5   Thumb Code    98  uldiv.o(.text)
    __aeabi_memcpy                           0x08000307   Thumb Code    36  memcpya.o(.text)
    __aeabi_memcpy4                          0x08000307   Thumb Code     0  memcpya.o(.text)
    __aeabi_memcpy8                          0x08000307   Thumb Code     0  memcpya.o(.text)
    __aeabi_memset                           0x0800032b   Thumb Code    14  memseta.o(.text)
    __aeabi_memset4                          0x0800032b   Thumb Code     0  memseta.o(.text)
    __aeabi_memset8                          0x0800032b   Thumb Code     0  memseta.o(.text)
    __aeabi_memclr                           0x08000339   Thumb Code     4  memseta.o(.text)
    __aeabi_memclr4                          0x08000339   Thumb Code     0  memseta.o(.text)
    __aeabi_memclr8                          0x08000339   Thumb Code     0  memseta.o(.text)
    memset                                   0x0800033d   Thumb Code    18  memseta.o(.text)
    __aeabi_dadd                             0x0800034f   Thumb Code   322  dadd.o(.text)
    __aeabi_dsub                             0x08000491   Thumb Code     6  dadd.o(.text)
    __aeabi_drsub                            0x08000497   Thumb Code     6  dadd.o(.text)
    __aeabi_dmul                             0x0800049d   Thumb Code   228  dmul.o(.text)
    __aeabi_ddiv                             0x08000581   Thumb Code   222  ddiv.o(.text)
    __aeabi_i2d                              0x0800065f   Thumb Code    34  dflti.o(.text)
    __aeabi_f2d                              0x08000681   Thumb Code    38  f2d.o(.text)
    __aeabi_d2f                              0x080006a7   Thumb Code    56  d2f.o(.text)
    __aeabi_uidiv                            0x080006df   Thumb Code     0  uidiv.o(.text)
    __aeabi_uidivmod                         0x080006df   Thumb Code    44  uidiv.o(.text)
    __aeabi_llsl                             0x0800070b   Thumb Code    30  llshl.o(.text)
    _ll_shift_l                              0x0800070b   Thumb Code     0  llshl.o(.text)
    __aeabi_llsr                             0x08000729   Thumb Code    32  llushr.o(.text)
    _ll_ushift_r                             0x08000729   Thumb Code     0  llushr.o(.text)
    __aeabi_lasr                             0x08000749   Thumb Code    36  llsshr.o(.text)
    _ll_sshift_r                             0x08000749   Thumb Code     0  llsshr.o(.text)
    __I$use$fp                               0x0800076d   Thumb Code     0  iusefp.o(.text)
    _float_round                             0x0800076d   Thumb Code    18  fepilogue.o(.text)
    _float_epilogue                          0x0800077f   Thumb Code    92  fepilogue.o(.text)
    _double_round                            0x080007db   Thumb Code    30  depilogue.o(.text)
    _double_epilogue                         0x080007f9   Thumb Code   156  depilogue.o(.text)
    __ARM_scalbn                             0x08000895   Thumb Code    46  dscalb.o(.text)
    scalbn                                   0x08000895   Thumb Code     0  dscalb.o(.text)
    _dsqrt                                   0x080008c3   Thumb Code   162  dsqrt.o(.text)
    __aeabi_d2ulz                            0x08000965   Thumb Code    48  dfixul.o(.text)
    __aeabi_cdrcmple                         0x08000995   Thumb Code    48  cdrcmple.o(.text)
    __scatterload                            0x080009c5   Thumb Code    28  init.o(.text)
    __scatterload_rt2                        0x080009c5   Thumb Code     0  init.o(.text)
    BusFault_Handler                         0x080009e9   Thumb Code     2  stm32f4xx_it.o(i.BusFault_Handler)
    CAN1_RX0_IRQHandler                      0x080009ed   Thumb Code     6  stm32f4xx_it.o(i.CAN1_RX0_IRQHandler)
    CAN1_TX_IRQHandler                       0x080009f9   Thumb Code     6  stm32f4xx_it.o(i.CAN1_TX_IRQHandler)
    CAN2_RX0_IRQHandler                      0x08000a05   Thumb Code     6  stm32f4xx_it.o(i.CAN2_RX0_IRQHandler)
    CAN2_TX_IRQHandler                       0x08000a11   Thumb Code     6  stm32f4xx_it.o(i.CAN2_TX_IRQHandler)
    Can_TxMessage                            0x08000a1d   Thumb Code    80  bsp_can.o(i.Can_TxMessage)
    DMA1_Stream5_IRQHandler                  0x08000a6d   Thumb Code     6  stm32f4xx_it.o(i.DMA1_Stream5_IRQHandler)
    DMA2_Stream1_IRQHandler                  0x08000a79   Thumb Code     6  stm32f4xx_it.o(i.DMA2_Stream1_IRQHandler)
    DMA2_Stream2_IRQHandler                  0x08000a85   Thumb Code     6  stm32f4xx_it.o(i.DMA2_Stream2_IRQHandler)
    DebugMon_Handler                         0x08000b35   Thumb Code     2  stm32f4xx_it.o(i.DebugMon_Handler)
    Error_Handler                            0x08000b37   Thumb Code     4  main.o(i.Error_Handler)
    HAL_CAN_ActivateNotification             0x08000b3b   Thumb Code    36  stm32f4xx_hal_can.o(i.HAL_CAN_ActivateNotification)
    HAL_CAN_AddTxMessage                     0x08000b5f   Thumb Code   200  stm32f4xx_hal_can.o(i.HAL_CAN_AddTxMessage)
    HAL_CAN_ConfigFilter                     0x08000c29   Thumb Code   262  stm32f4xx_hal_can.o(i.HAL_CAN_ConfigFilter)
    HAL_CAN_ErrorCallback                    0x08000d35   Thumb Code     2  stm32f4xx_hal_can.o(i.HAL_CAN_ErrorCallback)
    HAL_CAN_GetRxMessage                     0x08000d37   Thumb Code   232  stm32f4xx_hal_can.o(i.HAL_CAN_GetRxMessage)
    HAL_CAN_GetTxMailboxesFreeLevel          0x08000e1f   Thumb Code    44  stm32f4xx_hal_can.o(i.HAL_CAN_GetTxMailboxesFreeLevel)
    HAL_CAN_IRQHandler                       0x08000e4b   Thumb Code   508  stm32f4xx_hal_can.o(i.HAL_CAN_IRQHandler)
    HAL_CAN_Init                             0x08001047   Thumb Code   282  stm32f4xx_hal_can.o(i.HAL_CAN_Init)
    HAL_CAN_MspInit                          0x08001161   Thumb Code   260  can.o(i.HAL_CAN_MspInit)
    HAL_CAN_RxFifo0FullCallback              0x0800127d   Thumb Code     2  stm32f4xx_hal_can.o(i.HAL_CAN_RxFifo0FullCallback)
    HAL_CAN_RxFifo0MsgPendingCallback        0x08001281   Thumb Code    98  bsp_can.o(i.HAL_CAN_RxFifo0MsgPendingCallback)
    HAL_CAN_RxFifo1FullCallback              0x080012f1   Thumb Code     2  stm32f4xx_hal_can.o(i.HAL_CAN_RxFifo1FullCallback)
    HAL_CAN_RxFifo1MsgPendingCallback        0x080012f3   Thumb Code     2  stm32f4xx_hal_can.o(i.HAL_CAN_RxFifo1MsgPendingCallback)
    HAL_CAN_SleepCallback                    0x080012f5   Thumb Code     2  stm32f4xx_hal_can.o(i.HAL_CAN_SleepCallback)
    HAL_CAN_Start                            0x080012f9   Thumb Code    88  stm32f4xx_hal_can.o(i.HAL_CAN_Start)
    HAL_CAN_TxMailbox0AbortCallback          0x08001351   Thumb Code     2  stm32f4xx_hal_can.o(i.HAL_CAN_TxMailbox0AbortCallback)
    HAL_CAN_TxMailbox0CompleteCallback       0x08001353   Thumb Code     2  stm32f4xx_hal_can.o(i.HAL_CAN_TxMailbox0CompleteCallback)
    HAL_CAN_TxMailbox1AbortCallback          0x08001355   Thumb Code     2  stm32f4xx_hal_can.o(i.HAL_CAN_TxMailbox1AbortCallback)
    HAL_CAN_TxMailbox1CompleteCallback       0x08001357   Thumb Code     2  stm32f4xx_hal_can.o(i.HAL_CAN_TxMailbox1CompleteCallback)
    HAL_CAN_TxMailbox2AbortCallback          0x08001359   Thumb Code     2  stm32f4xx_hal_can.o(i.HAL_CAN_TxMailbox2AbortCallback)
    HAL_CAN_TxMailbox2CompleteCallback       0x0800135b   Thumb Code     2  stm32f4xx_hal_can.o(i.HAL_CAN_TxMailbox2CompleteCallback)
    HAL_CAN_WakeUpFromRxMsgCallback          0x0800135d   Thumb Code     2  stm32f4xx_hal_can.o(i.HAL_CAN_WakeUpFromRxMsgCallback)
    HAL_DMA_Abort                            0x0800135f   Thumb Code   146  stm32f4xx_hal_dma.o(i.HAL_DMA_Abort)
    HAL_DMA_Abort_IT                         0x080013f1   Thumb Code    36  stm32f4xx_hal_dma.o(i.HAL_DMA_Abort_IT)
    HAL_DMA_IRQHandler                       0x08001415   Thumb Code   412  stm32f4xx_hal_dma.o(i.HAL_DMA_IRQHandler)
    HAL_DMA_Init                             0x080015b5   Thumb Code   206  stm32f4xx_hal_dma.o(i.HAL_DMA_Init)
    HAL_DMA_Start                            0x08001689   Thumb Code    70  stm32f4xx_hal_dma.o(i.HAL_DMA_Start)
    HAL_DMA_Start_IT                         0x080016cf   Thumb Code   110  stm32f4xx_hal_dma.o(i.HAL_DMA_Start_IT)
    HAL_GPIO_Init                            0x0800173d   Thumb Code   510  stm32f4xx_hal_gpio.o(i.HAL_GPIO_Init)
    HAL_GPIO_ReadPin                         0x08001971   Thumb Code    10  stm32f4xx_hal_gpio.o(i.HAL_GPIO_ReadPin)
    HAL_GPIO_WritePin                        0x0800197b   Thumb Code    10  stm32f4xx_hal_gpio.o(i.HAL_GPIO_WritePin)
    HAL_GetTick                              0x08001985   Thumb Code     6  stm32f4xx_hal.o(i.HAL_GetTick)
    HAL_IncTick                              0x08001991   Thumb Code    12  stm32f4xx_hal.o(i.HAL_IncTick)
    HAL_Init                                 0x080019a1   Thumb Code    48  stm32f4xx_hal.o(i.HAL_Init)
    HAL_InitTick                             0x080019d5   Thumb Code   100  stm32f4xx_hal_timebase_tim.o(i.HAL_InitTick)
    HAL_MspInit                              0x08001a49   Thumb Code    52  stm32f4xx_hal_msp.o(i.HAL_MspInit)
    HAL_NVIC_EnableIRQ                       0x08001a81   Thumb Code    26  stm32f4xx_hal_cortex.o(i.HAL_NVIC_EnableIRQ)
    HAL_NVIC_SetPriority                     0x08001a9d   Thumb Code    60  stm32f4xx_hal_cortex.o(i.HAL_NVIC_SetPriority)
    HAL_NVIC_SetPriorityGrouping             0x08001add   Thumb Code    26  stm32f4xx_hal_cortex.o(i.HAL_NVIC_SetPriorityGrouping)
    HAL_PWREx_EnableOverDrive                0x08001b01   Thumb Code    98  stm32f4xx_hal_pwr_ex.o(i.HAL_PWREx_EnableOverDrive)
    HAL_RCC_ClockConfig                      0x08001b71   Thumb Code   288  stm32f4xx_hal_rcc.o(i.HAL_RCC_ClockConfig)
    HAL_RCC_GetClockConfig                   0x08001ca5   Thumb Code    54  stm32f4xx_hal_rcc.o(i.HAL_RCC_GetClockConfig)
    HAL_RCC_GetPCLK1Freq                     0x08001ce5   Thumb Code    20  stm32f4xx_hal_rcc.o(i.HAL_RCC_GetPCLK1Freq)
    HAL_RCC_GetPCLK2Freq                     0x08001d05   Thumb Code    20  stm32f4xx_hal_rcc.o(i.HAL_RCC_GetPCLK2Freq)
    HAL_RCC_GetSysClockFreq                  0x08001d25   Thumb Code    88  stm32f4xx_hal_rcc.o(i.HAL_RCC_GetSysClockFreq)
    HAL_RCC_OscConfig                        0x08001d89   Thumb Code   856  stm32f4xx_hal_rcc.o(i.HAL_RCC_OscConfig)
    HAL_SPI_Init                             0x080020f5   Thumb Code   188  stm32f4xx_hal_spi.o(i.HAL_SPI_Init)
    HAL_SPI_MspInit                          0x080021b1   Thumb Code    94  spi.o(i.HAL_SPI_MspInit)
    HAL_TIMEx_BreakCallback                  0x0800221d   Thumb Code     2  stm32f4xx_hal_tim_ex.o(i.HAL_TIMEx_BreakCallback)
    HAL_TIMEx_CommutCallback                 0x0800221f   Thumb Code     2  stm32f4xx_hal_tim_ex.o(i.HAL_TIMEx_CommutCallback)
    HAL_TIM_Base_Init                        0x08002221   Thumb Code    90  stm32f4xx_hal_tim.o(i.HAL_TIM_Base_Init)
    HAL_TIM_Base_MspInit                     0x0800227b   Thumb Code     2  stm32f4xx_hal_tim.o(i.HAL_TIM_Base_MspInit)
    HAL_TIM_Base_Start_IT                    0x0800227d   Thumb Code   100  stm32f4xx_hal_tim.o(i.HAL_TIM_Base_Start_IT)
    HAL_TIM_IC_CaptureCallback               0x080022fd   Thumb Code     2  stm32f4xx_hal_tim.o(i.HAL_TIM_IC_CaptureCallback)
    HAL_TIM_IRQHandler                       0x080022ff   Thumb Code   358  stm32f4xx_hal_tim.o(i.HAL_TIM_IRQHandler)
    HAL_TIM_OC_DelayElapsedCallback          0x08002465   Thumb Code     2  stm32f4xx_hal_tim.o(i.HAL_TIM_OC_DelayElapsedCallback)
    HAL_TIM_PWM_PulseFinishedCallback        0x08002467   Thumb Code     2  stm32f4xx_hal_tim.o(i.HAL_TIM_PWM_PulseFinishedCallback)
    HAL_TIM_PeriodElapsedCallback            0x08002469   Thumb Code    14  main.o(i.HAL_TIM_PeriodElapsedCallback)
    HAL_TIM_TriggerCallback                  0x0800247d   Thumb Code     2  stm32f4xx_hal_tim.o(i.HAL_TIM_TriggerCallback)
    HAL_UARTEx_RxEventCallback               0x0800247f   Thumb Code     2  stm32f4xx_hal_uart.o(i.HAL_UARTEx_RxEventCallback)
    HAL_UART_DMAStop                         0x08002481   Thumb Code   112  stm32f4xx_hal_uart.o(i.HAL_UART_DMAStop)
    HAL_UART_ErrorCallback                   0x080024f1   Thumb Code     2  stm32f4xx_hal_uart.o(i.HAL_UART_ErrorCallback)
    HAL_UART_IRQHandler                      0x080024f5   Thumb Code   610  stm32f4xx_hal_uart.o(i.HAL_UART_IRQHandler)
    HAL_UART_Init                            0x0800275d   Thumb Code    98  stm32f4xx_hal_uart.o(i.HAL_UART_Init)
    HAL_UART_MspInit                         0x080027c1   Thumb Code   604  usart.o(i.HAL_UART_MspInit)
    HAL_UART_Receive_DMA                     0x08002a4d   Thumb Code    42  stm32f4xx_hal_uart.o(i.HAL_UART_Receive_DMA)
    HAL_UART_RxCpltCallback                  0x08002a77   Thumb Code     2  stm32f4xx_hal_uart.o(i.HAL_UART_RxCpltCallback)
    HAL_UART_RxHalfCpltCallback              0x08002a79   Thumb Code     2  stm32f4xx_hal_uart.o(i.HAL_UART_RxHalfCpltCallback)
    HAL_UART_Transmit                        0x08002a7d   Thumb Code   178  stm32f4xx_hal_uart.o(i.HAL_UART_Transmit)
    HAL_UART_TxCpltCallback                  0x08002b2f   Thumb Code     2  stm32f4xx_hal_uart.o(i.HAL_UART_TxCpltCallback)
    HardFault_Handler                        0x08002b31   Thumb Code     2  stm32f4xx_it.o(i.HardFault_Handler)
    MX_CAN1_Init                             0x08002b35   Thumb Code    60  can.o(i.MX_CAN1_Init)
    MX_CAN2_Init                             0x08002b79   Thumb Code    60  can.o(i.MX_CAN2_Init)
    MX_DMA_Init                              0x08002bbd   Thumb Code    88  dma.o(i.MX_DMA_Init)
    MX_FREERTOS_Init                         0x08002c19   Thumb Code    74  freertos.o(i.MX_FREERTOS_Init)
    MX_GPIO_Init                             0x08002c6d   Thumb Code   412  gpio.o(i.MX_GPIO_Init)
    MX_SPI4_Init                             0x08002e29   Thumb Code    66  spi.o(i.MX_SPI4_Init)
    MX_USART1_UART_Init                      0x08002e75   Thumb Code    46  usart.o(i.MX_USART1_UART_Init)
    MX_USART2_UART_Init                      0x08002eb1   Thumb Code    48  usart.o(i.MX_USART2_UART_Init)
    MX_USART3_UART_Init                      0x08002ee9   Thumb Code    48  usart.o(i.MX_USART3_UART_Init)
    MX_USART6_UART_Init                      0x08002f21   Thumb Code    48  usart.o(i.MX_USART6_UART_Init)
    MemManage_Handler                        0x08002f59   Thumb Code     2  stm32f4xx_it.o(i.MemManage_Handler)
    NMI_Handler                              0x08002f5b   Thumb Code     2  stm32f4xx_it.o(i.NMI_Handler)
    PID_struct_init                          0x08002f5d   Thumb Code    48  pid.o(i.PID_struct_init)
    Set_SolenoidValve                        0x08002f99   Thumb Code    66  upper_behaviour.o(i.Set_SolenoidValve)
    SysTick_Handler                          0x08002fe9   Thumb Code    38  port.o(i.SysTick_Handler)
    SystemClock_Config                       0x08003015   Thumb Code   150  main.o(i.SystemClock_Config)
    SystemInit                               0x080030b5   Thumb Code    12  system_stm32f4xx.o(i.SystemInit)
    TIM8_TRG_COM_TIM14_IRQHandler            0x080030c5   Thumb Code     6  stm32f4xx_it.o(i.TIM8_TRG_COM_TIM14_IRQHandler)
    TIM_Base_SetConfig                       0x080030d1   Thumb Code   156  stm32f4xx_hal_tim.o(i.TIM_Base_SetConfig)
    UART_Start_Receive_DMA                   0x080034c5   Thumb Code   134  stm32f4xx_hal_uart.o(i.UART_Start_Receive_DMA)
    USART1_IRQHandler                        0x080035d1   Thumb Code    18  stm32f4xx_it.o(i.USART1_IRQHandler)
    USART2_IRQHandler                        0x080035e9   Thumb Code   296  stm32f4xx_it.o(i.USART2_IRQHandler)
    USART6_IRQHandler                        0x08003799   Thumb Code   160  stm32f4xx_it.o(i.USART6_IRQHandler)
    UsageFault_Handler                       0x08003869   Thumb Code     2  stm32f4xx_it.o(i.UsageFault_Handler)
    Usart2Printf                             0x0800386d   Thumb Code    36  action_usart.o(i.Usart2Printf)
    __0printf                                0x08003895   Thumb Code    22  printfa.o(i.__0printf)
    __1printf                                0x08003895   Thumb Code     0  printfa.o(i.__0printf)
    __2printf                                0x08003895   Thumb Code     0  printfa.o(i.__0printf)
    __c89printf                              0x08003895   Thumb Code     0  printfa.o(i.__0printf)
    printf                                   0x08003895   Thumb Code     0  printfa.o(i.__0printf)
    __0vsnprintf                             0x080038b5   Thumb Code    40  printfa.o(i.__0vsnprintf)
    __1vsnprintf                             0x080038b5   Thumb Code     0  printfa.o(i.__0vsnprintf)
    __2vsnprintf                             0x080038b5   Thumb Code     0  printfa.o(i.__0vsnprintf)
    __c89vsnprintf                           0x080038b5   Thumb Code     0  printfa.o(i.__0vsnprintf)
    vsnprintf                                0x080038b5   Thumb Code     0  printfa.o(i.__0vsnprintf)
    __ARM_fpclassify                         0x080038e1   Thumb Code    48  fpclassify.o(i.__ARM_fpclassify)
    __hardfp_atan                            0x08003931   Thumb Code   622  atan.o(i.__hardfp_atan)
    __hardfp_atan2                           0x08003c09   Thumb Code   432  atan2.o(i.__hardfp_atan2)
    __hardfp_pow                             0x08003df9   Thumb Code  3072  pow.o(i.__hardfp_pow)
    __hardfp_sqrt                            0x08004a49   Thumb Code   122  sqrt.o(i.__hardfp_sqrt)
    __kernel_poly                            0x08004ac3   Thumb Code   248  poly.o(i.__kernel_poly)
    __mathlib_dbl_divzero                    0x08004bc1   Thumb Code    28  dunder.o(i.__mathlib_dbl_divzero)
    __mathlib_dbl_infnan                     0x08004bf1   Thumb Code    20  dunder.o(i.__mathlib_dbl_infnan)
    __mathlib_dbl_infnan2                    0x08004c05   Thumb Code    20  dunder.o(i.__mathlib_dbl_infnan2)
    __mathlib_dbl_invalid                    0x08004c19   Thumb Code    24  dunder.o(i.__mathlib_dbl_invalid)
    __mathlib_dbl_overflow                   0x08004c39   Thumb Code    24  dunder.o(i.__mathlib_dbl_overflow)
    __mathlib_dbl_underflow                  0x08004c59   Thumb Code    24  dunder.o(i.__mathlib_dbl_underflow)
    __scatterload_copy                       0x08004c79   Thumb Code    14  handlers.o(i.__scatterload_copy)
    __scatterload_null                       0x08004c87   Thumb Code     2  handlers.o(i.__scatterload_null)
    __scatterload_zeroinit                   0x08004c89   Thumb Code    14  handlers.o(i.__scatterload_zeroinit)
    __set_errno                              0x08004c99   Thumb Code     6  errno.o(i.__set_errno)
    abs_limit                                0x0800556d   Thumb Code    42  pid.o(i.abs_limit)
    atan                                     0x08005597   Thumb Code    16  atan.o(i.atan)
    can_filter_recv_special                  0x080055a7   Thumb Code    76  bsp_can.o(i.can_filter_recv_special)
    chassis_behaviour_control_set            0x080055f5   Thumb Code   178  chassis_behaviour.o(i.chassis_behaviour_control_set)
    chassis_task                             0x08005e05   Thumb Code    96  chassis_task.o(i.chassis_task)
    dbus_uart_init                           0x08005e6d   Thumb Code    64  bsp_sbus.o(i.dbus_uart_init)
    fabs                                     0x08005eb5   Thumb Code    24  fabs.o(i.fabs)
    fputc                                    0x08005ecd   Thumb Code    20  main.o(i.fputc)
    get_chassis_motor_measure_point          0x08005ee5   Thumb Code    20  bsp_can.o(i.get_chassis_motor_measure_point)
    get_motor_measure                        0x08005efd   Thumb Code    76  bsp_can.o(i.get_motor_measure)
    get_motor_offset                         0x08005f49   Thumb Code    10  bsp_can.o(i.get_motor_offset)
    get_remote_control_point                 0x08005f55   Thumb Code     4  bsp_sbus.o(i.get_remote_control_point)
    get_upper_motor_measure_point            0x08005f5d   Thumb Code    20  bsp_can.o(i.get_upper_motor_measure_point)
    led_task                                 0x08005f75   Thumb Code    56  led_task.o(i.led_task)
    main                                     0x08005fb1   Thumb Code    70  main.o(i.main)
    my_can_filter_init_recv_all              0x0800600d   Thumb Code    86  bsp_can.o(i.my_can_filter_init_recv_all)
    osDelay                                  0x08006063   Thumb Code    14  cmsis_os.o(i.osDelay)
    osKernelStart                            0x08006071   Thumb Code    10  cmsis_os.o(i.osKernelStart)
    osThreadCreate                           0x0800607b   Thumb Code    84  cmsis_os.o(i.osThreadCreate)
    pid_calc                                 0x080060d1   Thumb Code   448  pid.o(i.pid_calc)
    pvPortMalloc                             0x080065f5   Thumb Code   216  heap_4.o(i.pvPortMalloc)
    pxPortInitialiseStack                    0x080066d1   Thumb Code    40  port.o(i.pxPortInitialiseStack)
    rc_callback_handler                      0x080066fd   Thumb Code   142  bsp_sbus.o(i.rc_callback_handler)
    set_C620moter                            0x0800678d   Thumb Code   138  upper_behaviour.o(i.set_C620moter)
    set_motor                                0x08006821   Thumb Code    44  bsp_can.o(i.set_motor)
    set_motor_A                              0x0800684d   Thumb Code    66  bsp_can.o(i.set_motor_A)
    set_motor_B                              0x0800688f   Thumb Code    68  bsp_can.o(i.set_motor_B)
    sqrt                                     0x080068d3   Thumb Code   110  sqrt.o(i.sqrt)
    test_task                                0x08006941   Thumb Code   374  test_task.o(i.test_task)
    uart_receive_handler                     0x08006ad1   Thumb Code    86  bsp_sbus.o(i.uart_receive_handler)
    upper_feedback_update                    0x08006c25   Thumb Code    82  upper_behaviour.o(i.upper_feedback_update)
    uxListRemove                             0x08006c91   Thumb Code    38  list.o(i.uxListRemove)
    vApplicationGetIdleTaskMemory            0x08006cb9   Thumb Code    16  freertos.o(i.vApplicationGetIdleTaskMemory)
    vListInitialise                          0x08006ccd   Thumb Code    22  list.o(i.vListInitialise)
    vListInitialiseItem                      0x08006ce3   Thumb Code     6  list.o(i.vListInitialiseItem)
    vListInsert                              0x08006ce9   Thumb Code    48  list.o(i.vListInsert)
    vListInsertEnd                           0x08006d19   Thumb Code    24  list.o(i.vListInsertEnd)
    vPortEnterCritical                       0x08006d31   Thumb Code    54  port.o(i.vPortEnterCritical)
    vPortExitCritical                        0x08006d71   Thumb Code    34  port.o(i.vPortExitCritical)
    vPortFree                                0x08006d99   Thumb Code    94  heap_4.o(i.vPortFree)
    vPortSetupTimerInterrupt                 0x08006dfd   Thumb Code    32  port.o(i.vPortSetupTimerInterrupt)
    vTaskDelay                               0x08006e21   Thumb Code    66  tasks.o(i.vTaskDelay)
    vTaskStartScheduler                      0x08006e6d   Thumb Code    90  tasks.o(i.vTaskStartScheduler)
    vTaskSuspendAll                          0x08006ed9   Thumb Code    10  tasks.o(i.vTaskSuspendAll)
    vTaskSwitchContext                       0x08006ee9   Thumb Code    82  tasks.o(i.vTaskSwitchContext)
    xPortStartScheduler                      0x08006f45   Thumb Code   222  port.o(i.xPortStartScheduler)
    xTaskCreate                              0x08007039   Thumb Code    90  tasks.o(i.xTaskCreate)
    xTaskCreateStatic                        0x08007093   Thumb Code    86  tasks.o(i.xTaskCreateStatic)
    xTaskIncrementTick                       0x080070e9   Thumb Code   194  tasks.o(i.xTaskIncrementTick)
    xTaskResumeAll                           0x080071b5   Thumb Code   182  tasks.o(i.xTaskResumeAll)
    AHBPrescTable                            0x080072d4   Data          16  system_stm32f4xx.o(.constdata)
    APBPrescTable                            0x080072e4   Data           8  system_stm32f4xx.o(.constdata)
    __mathlib_zero                           0x08007410   Data           8  qnan.o(.constdata)
    Region$$Table$$Base                      0x08007438   Number         0  anon$$obj.o(Region$$Table)
    Region$$Table$$Limit                     0x08007458   Number         0  anon$$obj.o(Region$$Table)
    pos_x                                    0x20000000   Data           4  main.o(.data)
    pos_y                                    0x20000004   Data           4  main.o(.data)
    zangle                                   0x20000008   Data           4  main.o(.data)
    xangle                                   0x2000000c   Data           4  main.o(.data)
    yangle                                   0x20000010   Data           4  main.o(.data)
    w_z                                      0x20000014   Data           4  main.o(.data)
    Rx_len_Huart6                            0x20000018   Data           1  main.o(.data)
    set_pos_x                                0x2000001c   Data           4  main.o(.data)
    set_pos_y                                0x20000020   Data           4  main.o(.data)
    set_zangle                               0x20000024   Data           4  main.o(.data)
    move_flag                                0x20000028   Data           4  main.o(.data)
    Rx_len_Huart2                            0x2000002c   Data           1  main.o(.data)
    testTaskHandle                           0x20000030   Data           4  freertos.o(.data)
    chassisTaskHandle                        0x20000034   Data           4  freertos.o(.data)
    ledTaskHandle                            0x20000038   Data           4  freertos.o(.data)
    uwTickFreq                               0x20000040   Data           1  stm32f4xx_hal.o(.data)
    uwTickPrio                               0x20000044   Data           4  stm32f4xx_hal.o(.data)
    uwTick                                   0x20000048   Data           4  stm32f4xx_hal.o(.data)
    SystemCoreClock                          0x2000004c   Data           4  system_stm32f4xx.o(.data)
    pxCurrentTCB                             0x20000050   Data           4  tasks.o(.data)
    Chassis_Behaviour_Mode                   0x200000b8   Data           1  chassis_behaviour.o(.data)
    __stdout                                 0x200000bc   Data           4  stdout.o(.data)
    ReceiveBuff_Huart6                       0x200000c4   Data         255  main.o(.bss)
    ReceiveBuff_Huart2                       0x200001c3   Data         255  main.o(.bss)
    hcan1                                    0x20000518   Data          40  can.o(.bss)
    hcan2                                    0x20000540   Data          40  can.o(.bss)
    hspi4                                    0x20000568   Data          88  spi.o(.bss)
    huart1                                   0x200005c0   Data          68  usart.o(.bss)
    huart2                                   0x20000604   Data          68  usart.o(.bss)
    huart3                                   0x20000648   Data          68  usart.o(.bss)
    huart6                                   0x2000068c   Data          68  usart.o(.bss)
    hdma_usart1_rx                           0x200006d0   Data          96  usart.o(.bss)
    hdma_usart2_rx                           0x20000730   Data          96  usart.o(.bss)
    hdma_usart6_rx                           0x20000790   Data          96  usart.o(.bss)
    htim14                                   0x20000808   Data          72  stm32f4xx_hal_timebase_tim.o(.bss)
    motor_can1                               0x20004540   Data         416  bsp_can.o(.bss)
    motor_can2                               0x200046e0   Data         416  bsp_can.o(.bss)
    dbus_buf                                 0x20004880   Data          18  bsp_sbus.o(.bss)
    rc                                       0x20004892   Data          34  bsp_sbus.o(.bss)
    Chassis_Move                             0x200048b4   Data        2132  chassis_task.o(.bss)
    upper_Move                               0x20005108   Data        2132  test_task.o(.bss)
    __initial_sp                             0x20005d60   Data           0  startup_stm32f427xx.o(STACK)



==============================================================================

Memory Map of the image

  Image Entry point : 0x080001ad

  Load Region LR_IROM1 (Base: 0x08000000, Size: 0x0000751c, Max: 0x00200000, ABSOLUTE)

    Execution Region ER_IROM1 (Base: 0x08000000, Size: 0x00007458, Max: 0x00200000, ABSOLUTE)

    Base Addr    Size         Type   Attr      Idx    E Section Name        Object

    0x08000000   0x000001ac   Data   RO            3    RESET               startup_stm32f427xx.o
    0x080001ac   0x00000000   Code   RO         5797  * .ARM.Collect$$$$00000000  mc_w.l(entry.o)
    0x080001ac   0x00000004   Code   RO         6124    .ARM.Collect$$$$00000001  mc_w.l(entry2.o)
    0x080001b0   0x00000004   Code   RO         6127    .ARM.Collect$$$$00000004  mc_w.l(entry5.o)
    0x080001b4   0x00000000   Code   RO         6129    .ARM.Collect$$$$00000008  mc_w.l(entry7b.o)
    0x080001b4   0x00000000   Code   RO         6131    .ARM.Collect$$$$0000000A  mc_w.l(entry8b.o)
    0x080001b4   0x00000008   Code   RO         6132    .ARM.Collect$$$$0000000B  mc_w.l(entry9a.o)
    0x080001bc   0x00000000   Code   RO         6134    .ARM.Collect$$$$0000000D  mc_w.l(entry10a.o)
    0x080001bc   0x00000000   Code   RO         6136    .ARM.Collect$$$$0000000F  mc_w.l(entry11a.o)
    0x080001bc   0x00000004   Code   RO         6125    .ARM.Collect$$$$00002712  mc_w.l(entry2.o)
    0x080001c0   0x000000be   Code   RO         5043    .emb_text           port.o
    0x0800027e   0x00000002   PAD
    0x08000280   0x00000024   Code   RO            4    .text               startup_stm32f427xx.o
    0x080002a4   0x00000062   Code   RO         5800    .text               mc_w.l(uldiv.o)
    0x08000306   0x00000024   Code   RO         5802    .text               mc_w.l(memcpya.o)
    0x0800032a   0x00000024   Code   RO         5806    .text               mc_w.l(memseta.o)
    0x0800034e   0x0000014e   Code   RO         6071    .text               mf_w.l(dadd.o)
    0x0800049c   0x000000e4   Code   RO         6073    .text               mf_w.l(dmul.o)
    0x08000580   0x000000de   Code   RO         6075    .text               mf_w.l(ddiv.o)
    0x0800065e   0x00000022   Code   RO         6077    .text               mf_w.l(dflti.o)
    0x08000680   0x00000026   Code   RO         6081    .text               mf_w.l(f2d.o)
    0x080006a6   0x00000038   Code   RO         6083    .text               mf_w.l(d2f.o)
    0x080006de   0x0000002c   Code   RO         6139    .text               mc_w.l(uidiv.o)
    0x0800070a   0x0000001e   Code   RO         6141    .text               mc_w.l(llshl.o)
    0x08000728   0x00000020   Code   RO         6143    .text               mc_w.l(llushr.o)
    0x08000748   0x00000024   Code   RO         6145    .text               mc_w.l(llsshr.o)
    0x0800076c   0x00000000   Code   RO         6154    .text               mc_w.l(iusefp.o)
    0x0800076c   0x0000006e   Code   RO         6155    .text               mf_w.l(fepilogue.o)
    0x080007da   0x000000ba   Code   RO         6157    .text               mf_w.l(depilogue.o)
    0x08000894   0x0000002e   Code   RO         6161    .text               mf_w.l(dscalb.o)
    0x080008c2   0x000000a2   Code   RO         6163    .text               mf_w.l(dsqrt.o)
    0x08000964   0x00000030   Code   RO         6165    .text               mf_w.l(dfixul.o)
    0x08000994   0x00000030   Code   RO         6169    .text               mf_w.l(cdrcmple.o)
    0x080009c4   0x00000024   Code   RO         6171    .text               mc_w.l(init.o)
    0x080009e8   0x00000002   Code   RO          500    i.BusFault_Handler  stm32f4xx_it.o
    0x080009ea   0x00000002   PAD
    0x080009ec   0x0000000c   Code   RO          501    i.CAN1_RX0_IRQHandler  stm32f4xx_it.o
    0x080009f8   0x0000000c   Code   RO          502    i.CAN1_TX_IRQHandler  stm32f4xx_it.o
    0x08000a04   0x0000000c   Code   RO          503    i.CAN2_RX0_IRQHandler  stm32f4xx_it.o
    0x08000a10   0x0000000c   Code   RO          504    i.CAN2_TX_IRQHandler  stm32f4xx_it.o
    0x08000a1c   0x00000050   Code   RO         5189    i.Can_TxMessage     bsp_can.o
    0x08000a6c   0x0000000c   Code   RO          505    i.DMA1_Stream5_IRQHandler  stm32f4xx_it.o
    0x08000a78   0x0000000c   Code   RO          506    i.DMA2_Stream1_IRQHandler  stm32f4xx_it.o
    0x08000a84   0x0000000c   Code   RO          507    i.DMA2_Stream2_IRQHandler  stm32f4xx_it.o
    0x08000a90   0x00000028   Code   RO         1433    i.DMA_CalcBaseAndBitshift  stm32f4xx_hal_dma.o
    0x08000ab8   0x00000054   Code   RO         1434    i.DMA_CheckFifoParam  stm32f4xx_hal_dma.o
    0x08000b0c   0x00000028   Code   RO         1435    i.DMA_SetConfig     stm32f4xx_hal_dma.o
    0x08000b34   0x00000002   Code   RO          508    i.DebugMon_Handler  stm32f4xx_it.o
    0x08000b36   0x00000004   Code   RO           13    i.Error_Handler     main.o
    0x08000b3a   0x00000024   Code   RO          689    i.HAL_CAN_ActivateNotification  stm32f4xx_hal_can.o
    0x08000b5e   0x000000c8   Code   RO          690    i.HAL_CAN_AddTxMessage  stm32f4xx_hal_can.o
    0x08000c26   0x00000002   PAD
    0x08000c28   0x0000010c   Code   RO          691    i.HAL_CAN_ConfigFilter  stm32f4xx_hal_can.o
    0x08000d34   0x00000002   Code   RO          694    i.HAL_CAN_ErrorCallback  stm32f4xx_hal_can.o
    0x08000d36   0x000000e8   Code   RO          697    i.HAL_CAN_GetRxMessage  stm32f4xx_hal_can.o
    0x08000e1e   0x0000002c   Code   RO          699    i.HAL_CAN_GetTxMailboxesFreeLevel  stm32f4xx_hal_can.o
    0x08000e4a   0x000001fc   Code   RO          701    i.HAL_CAN_IRQHandler  stm32f4xx_hal_can.o
    0x08001046   0x0000011a   Code   RO          702    i.HAL_CAN_Init      stm32f4xx_hal_can.o
    0x08001160   0x0000011c   Code   RO          326    i.HAL_CAN_MspInit   can.o
    0x0800127c   0x00000002   Code   RO          709    i.HAL_CAN_RxFifo0FullCallback  stm32f4xx_hal_can.o
    0x0800127e   0x00000002   PAD
    0x08001280   0x00000070   Code   RO         5190    i.HAL_CAN_RxFifo0MsgPendingCallback  bsp_can.o
    0x080012f0   0x00000002   Code   RO          711    i.HAL_CAN_RxFifo1FullCallback  stm32f4xx_hal_can.o
    0x080012f2   0x00000002   Code   RO          712    i.HAL_CAN_RxFifo1MsgPendingCallback  stm32f4xx_hal_can.o
    0x080012f4   0x00000002   Code   RO          713    i.HAL_CAN_SleepCallback  stm32f4xx_hal_can.o
    0x080012f6   0x00000002   PAD
    0x080012f8   0x00000058   Code   RO          714    i.HAL_CAN_Start     stm32f4xx_hal_can.o
    0x08001350   0x00000002   Code   RO          716    i.HAL_CAN_TxMailbox0AbortCallback  stm32f4xx_hal_can.o
    0x08001352   0x00000002   Code   RO          717    i.HAL_CAN_TxMailbox0CompleteCallback  stm32f4xx_hal_can.o
    0x08001354   0x00000002   Code   RO          718    i.HAL_CAN_TxMailbox1AbortCallback  stm32f4xx_hal_can.o
    0x08001356   0x00000002   Code   RO          719    i.HAL_CAN_TxMailbox1CompleteCallback  stm32f4xx_hal_can.o
    0x08001358   0x00000002   Code   RO          720    i.HAL_CAN_TxMailbox2AbortCallback  stm32f4xx_hal_can.o
    0x0800135a   0x00000002   Code   RO          721    i.HAL_CAN_TxMailbox2CompleteCallback  stm32f4xx_hal_can.o
    0x0800135c   0x00000002   Code   RO          723    i.HAL_CAN_WakeUpFromRxMsgCallback  stm32f4xx_hal_can.o
    0x0800135e   0x00000092   Code   RO         1436    i.HAL_DMA_Abort     stm32f4xx_hal_dma.o
    0x080013f0   0x00000024   Code   RO         1437    i.HAL_DMA_Abort_IT  stm32f4xx_hal_dma.o
    0x08001414   0x000001a0   Code   RO         1441    i.HAL_DMA_IRQHandler  stm32f4xx_hal_dma.o
    0x080015b4   0x000000d4   Code   RO         1442    i.HAL_DMA_Init      stm32f4xx_hal_dma.o
    0x08001688   0x00000046   Code   RO         1445    i.HAL_DMA_Start     stm32f4xx_hal_dma.o
    0x080016ce   0x0000006e   Code   RO         1446    i.HAL_DMA_Start_IT  stm32f4xx_hal_dma.o
    0x0800173c   0x00000234   Code   RO         1329    i.HAL_GPIO_Init     stm32f4xx_hal_gpio.o
    0x08001970   0x0000000a   Code   RO         1331    i.HAL_GPIO_ReadPin  stm32f4xx_hal_gpio.o
    0x0800197a   0x0000000a   Code   RO         1333    i.HAL_GPIO_WritePin  stm32f4xx_hal_gpio.o
    0x08001984   0x0000000c   Code   RO         1881    i.HAL_GetTick       stm32f4xx_hal.o
    0x08001990   0x00000010   Code   RO         1887    i.HAL_IncTick       stm32f4xx_hal.o
    0x080019a0   0x00000034   Code   RO         1888    i.HAL_Init          stm32f4xx_hal.o
    0x080019d4   0x00000074   Code   RO          649    i.HAL_InitTick      stm32f4xx_hal_timebase_tim.o
    0x08001a48   0x00000038   Code   RO          625    i.HAL_MspInit       stm32f4xx_hal_msp.o
    0x08001a80   0x0000001a   Code   RO         1736    i.HAL_NVIC_EnableIRQ  stm32f4xx_hal_cortex.o
    0x08001a9a   0x00000002   PAD
    0x08001a9c   0x00000040   Code   RO         1742    i.HAL_NVIC_SetPriority  stm32f4xx_hal_cortex.o
    0x08001adc   0x00000024   Code   RO         1743    i.HAL_NVIC_SetPriorityGrouping  stm32f4xx_hal_cortex.o
    0x08001b00   0x00000070   Code   RO         1665    i.HAL_PWREx_EnableOverDrive  stm32f4xx_hal_pwr_ex.o
    0x08001b70   0x00000134   Code   RO          923    i.HAL_RCC_ClockConfig  stm32f4xx_hal_rcc.o
    0x08001ca4   0x00000040   Code   RO          927    i.HAL_RCC_GetClockConfig  stm32f4xx_hal_rcc.o
    0x08001ce4   0x00000020   Code   RO          930    i.HAL_RCC_GetPCLK1Freq  stm32f4xx_hal_rcc.o
    0x08001d04   0x00000020   Code   RO          931    i.HAL_RCC_GetPCLK2Freq  stm32f4xx_hal_rcc.o
    0x08001d24   0x00000064   Code   RO          932    i.HAL_RCC_GetSysClockFreq  stm32f4xx_hal_rcc.o
    0x08001d88   0x0000036c   Code   RO          935    i.HAL_RCC_OscConfig  stm32f4xx_hal_rcc.o
    0x080020f4   0x000000bc   Code   RO         2147    i.HAL_SPI_Init      stm32f4xx_hal_spi.o
    0x080021b0   0x0000006c   Code   RO          399    i.HAL_SPI_MspInit   spi.o
    0x0800221c   0x00000002   Code   RO         3164    i.HAL_TIMEx_BreakCallback  stm32f4xx_hal_tim_ex.o
    0x0800221e   0x00000002   Code   RO         3165    i.HAL_TIMEx_CommutCallback  stm32f4xx_hal_tim_ex.o
    0x08002220   0x0000005a   Code   RO         2460    i.HAL_TIM_Base_Init  stm32f4xx_hal_tim.o
    0x0800227a   0x00000002   Code   RO         2462    i.HAL_TIM_Base_MspInit  stm32f4xx_hal_tim.o
    0x0800227c   0x00000080   Code   RO         2465    i.HAL_TIM_Base_Start_IT  stm32f4xx_hal_tim.o
    0x080022fc   0x00000002   Code   RO         2494    i.HAL_TIM_IC_CaptureCallback  stm32f4xx_hal_tim.o
    0x080022fe   0x00000166   Code   RO         2508    i.HAL_TIM_IRQHandler  stm32f4xx_hal_tim.o
    0x08002464   0x00000002   Code   RO         2511    i.HAL_TIM_OC_DelayElapsedCallback  stm32f4xx_hal_tim.o
    0x08002466   0x00000002   Code   RO         2538    i.HAL_TIM_PWM_PulseFinishedCallback  stm32f4xx_hal_tim.o
    0x08002468   0x00000014   Code   RO           14    i.HAL_TIM_PeriodElapsedCallback  main.o
    0x0800247c   0x00000002   Code   RO         2551    i.HAL_TIM_TriggerCallback  stm32f4xx_hal_tim.o
    0x0800247e   0x00000002   Code   RO         3442    i.HAL_UARTEx_RxEventCallback  stm32f4xx_hal_uart.o
    0x08002480   0x00000070   Code   RO         3454    i.HAL_UART_DMAStop  stm32f4xx_hal_uart.o
    0x080024f0   0x00000002   Code   RO         3456    i.HAL_UART_ErrorCallback  stm32f4xx_hal_uart.o
    0x080024f2   0x00000002   PAD
    0x080024f4   0x00000268   Code   RO         3459    i.HAL_UART_IRQHandler  stm32f4xx_hal_uart.o
    0x0800275c   0x00000062   Code   RO         3460    i.HAL_UART_Init     stm32f4xx_hal_uart.o
    0x080027be   0x00000002   PAD
    0x080027c0   0x0000028c   Code   RO          441    i.HAL_UART_MspInit  usart.o
    0x08002a4c   0x0000002a   Code   RO         3464    i.HAL_UART_Receive_DMA  stm32f4xx_hal_uart.o
    0x08002a76   0x00000002   Code   RO         3466    i.HAL_UART_RxCpltCallback  stm32f4xx_hal_uart.o
    0x08002a78   0x00000002   Code   RO         3467    i.HAL_UART_RxHalfCpltCallback  stm32f4xx_hal_uart.o
    0x08002a7a   0x00000002   PAD
    0x08002a7c   0x000000b2   Code   RO         3468    i.HAL_UART_Transmit  stm32f4xx_hal_uart.o
    0x08002b2e   0x00000002   Code   RO         3471    i.HAL_UART_TxCpltCallback  stm32f4xx_hal_uart.o
    0x08002b30   0x00000002   Code   RO          509    i.HardFault_Handler  stm32f4xx_it.o
    0x08002b32   0x00000002   PAD
    0x08002b34   0x00000044   Code   RO          327    i.MX_CAN1_Init      can.o
    0x08002b78   0x00000044   Code   RO          328    i.MX_CAN2_Init      can.o
    0x08002bbc   0x0000005c   Code   RO          374    i.MX_DMA_Init       dma.o
    0x08002c18   0x00000054   Code   RO          275    i.MX_FREERTOS_Init  freertos.o
    0x08002c6c   0x000001bc   Code   RO          251    i.MX_GPIO_Init      gpio.o
    0x08002e28   0x0000004c   Code   RO          400    i.MX_SPI4_Init      spi.o
    0x08002e74   0x0000003c   Code   RO          442    i.MX_USART1_UART_Init  usart.o
    0x08002eb0   0x00000038   Code   RO          443    i.MX_USART2_UART_Init  usart.o
    0x08002ee8   0x00000038   Code   RO          444    i.MX_USART3_UART_Init  usart.o
    0x08002f20   0x00000038   Code   RO          445    i.MX_USART6_UART_Init  usart.o
    0x08002f58   0x00000002   Code   RO          510    i.MemManage_Handler  stm32f4xx_it.o
    0x08002f5a   0x00000002   Code   RO          511    i.NMI_Handler       stm32f4xx_it.o
    0x08002f5c   0x0000003c   Code   RO         5701    i.PID_struct_init   pid.o
    0x08002f98   0x00000050   Code   RO         5658    i.Set_SolenoidValve  upper_behaviour.o
    0x08002fe8   0x0000002c   Code   RO         5044    i.SysTick_Handler   port.o
    0x08003014   0x000000a0   Code   RO           15    i.SystemClock_Config  main.o
    0x080030b4   0x00000010   Code   RO         3789    i.SystemInit        system_stm32f4xx.o
    0x080030c4   0x0000000c   Code   RO          512    i.TIM8_TRG_COM_TIM14_IRQHandler  stm32f4xx_it.o
    0x080030d0   0x000000c8   Code   RO         2553    i.TIM_Base_SetConfig  stm32f4xx_hal_tim.o
    0x08003198   0x00000010   Code   RO         3473    i.UART_DMAAbortOnError  stm32f4xx_hal_uart.o
    0x080031a8   0x0000004a   Code   RO         3474    i.UART_DMAError     stm32f4xx_hal_uart.o
    0x080031f2   0x00000082   Code   RO         3475    i.UART_DMAReceiveCplt  stm32f4xx_hal_uart.o
    0x08003274   0x0000001a   Code   RO         3477    i.UART_DMARxHalfCplt  stm32f4xx_hal_uart.o
    0x0800328e   0x0000004e   Code   RO         3483    i.UART_EndRxTransfer  stm32f4xx_hal_uart.o
    0x080032dc   0x0000001c   Code   RO         3484    i.UART_EndTxTransfer  stm32f4xx_hal_uart.o
    0x080032f8   0x000000c0   Code   RO         3485    i.UART_Receive_IT   stm32f4xx_hal_uart.o
    0x080033b8   0x0000010c   Code   RO         3486    i.UART_SetConfig    stm32f4xx_hal_uart.o
    0x080034c4   0x00000094   Code   RO         3487    i.UART_Start_Receive_DMA  stm32f4xx_hal_uart.o
    0x08003558   0x00000078   Code   RO         3489    i.UART_WaitOnFlagUntilTimeout  stm32f4xx_hal_uart.o
    0x080035d0   0x00000018   Code   RO          513    i.USART1_IRQHandler  stm32f4xx_it.o
    0x080035e8   0x000001b0   Code   RO          514    i.USART2_IRQHandler  stm32f4xx_it.o
    0x08003798   0x000000d0   Code   RO          515    i.USART6_IRQHandler  stm32f4xx_it.o
    0x08003868   0x00000002   Code   RO          516    i.UsageFault_Handler  stm32f4xx_it.o
    0x0800386a   0x00000002   PAD
    0x0800386c   0x00000028   Code   RO         5355    i.Usart2Printf      action_usart.o
    0x08003894   0x00000020   Code   RO         6043    i.__0printf         mc_w.l(printfa.o)
    0x080038b4   0x0000002c   Code   RO         6048    i.__0vsnprintf      mc_w.l(printfa.o)
    0x080038e0   0x00000030   Code   RO         6119    i.__ARM_fpclassify  m_wm.l(fpclassify.o)
    0x08003910   0x00000020   Code   RO         1749    i.__NVIC_SetPriority  stm32f4xx_hal_cortex.o
    0x08003930   0x000002d8   Code   RO         6085    i.__hardfp_atan     m_wm.l(atan.o)
    0x08003c08   0x000001f0   Code   RO         5759    i.__hardfp_atan2    m_wm.l(atan2.o)
    0x08003df8   0x00000c50   Code   RO         5771    i.__hardfp_pow      m_wm.l(pow.o)
    0x08004a48   0x0000007a   Code   RO         5785    i.__hardfp_sqrt     m_wm.l(sqrt.o)
    0x08004ac2   0x000000f8   Code   RO         6121    i.__kernel_poly     m_wm.l(poly.o)
    0x08004bba   0x00000006   PAD
    0x08004bc0   0x00000030   Code   RO         6099    i.__mathlib_dbl_divzero  m_wm.l(dunder.o)
    0x08004bf0   0x00000014   Code   RO         6100    i.__mathlib_dbl_infnan  m_wm.l(dunder.o)
    0x08004c04   0x00000014   Code   RO         6101    i.__mathlib_dbl_infnan2  m_wm.l(dunder.o)
    0x08004c18   0x00000020   Code   RO         6102    i.__mathlib_dbl_invalid  m_wm.l(dunder.o)
    0x08004c38   0x00000020   Code   RO         6103    i.__mathlib_dbl_overflow  m_wm.l(dunder.o)
    0x08004c58   0x00000020   Code   RO         6105    i.__mathlib_dbl_underflow  m_wm.l(dunder.o)
    0x08004c78   0x0000000e   Code   RO         6175    i.__scatterload_copy  mc_w.l(handlers.o)
    0x08004c86   0x00000002   Code   RO         6176    i.__scatterload_null  mc_w.l(handlers.o)
    0x08004c88   0x0000000e   Code   RO         6177    i.__scatterload_zeroinit  mc_w.l(handlers.o)
    0x08004c96   0x00000002   PAD
    0x08004c98   0x0000000c   Code   RO         6149    i.__set_errno       mc_w.l(errno.o)
    0x08004ca4   0x00000184   Code   RO         6050    i._fp_digits        mc_w.l(printfa.o)
    0x08004e28   0x000006dc   Code   RO         6051    i._printf_core      mc_w.l(printfa.o)
    0x08005504   0x00000024   Code   RO         6052    i._printf_post_padding  mc_w.l(printfa.o)
    0x08005528   0x0000002e   Code   RO         6053    i._printf_pre_padding  mc_w.l(printfa.o)
    0x08005556   0x00000016   Code   RO         6054    i._snputc           mc_w.l(printfa.o)
    0x0800556c   0x0000002a   Code   RO         5702    i.abs_limit         pid.o
    0x08005596   0x00000010   Code   RO         6087    i.atan              m_wm.l(atan.o)
    0x080055a6   0x0000004c   Code   RO         5191    i.can_filter_recv_special  bsp_can.o
    0x080055f2   0x00000002   PAD
    0x080055f4   0x000000c4   Code   RO         5389    i.chassis_behaviour_control_set  chassis_behaviour.o
    0x080056b8   0x0000010c   Code   RO         5431    i.chassis_control_loop  chassis_task.o
    0x080057c4   0x000000bc   Code   RO         5432    i.chassis_feedback_update  chassis_task.o
    0x08005880   0x00000118   Code   RO         5433    i.chassis_init      chassis_task.o
    0x08005998   0x00000354   Code   RO         5434    i.chassis_kinematics_wheel4_speed  chassis_task.o
    0x08005cec   0x00000118   Code   RO         5435    i.chassis_set_kinematics  chassis_task.o
    0x08005e04   0x00000068   Code   RO         5436    i.chassis_task      chassis_task.o
    0x08005e6c   0x00000048   Code   RO         5285    i.dbus_uart_init    bsp_sbus.o
    0x08005eb4   0x00000018   Code   RO         6115    i.fabs              m_wm.l(fabs.o)
    0x08005ecc   0x00000018   Code   RO           16    i.fputc             main.o
    0x08005ee4   0x00000018   Code   RO         5192    i.get_chassis_motor_measure_point  bsp_can.o
    0x08005efc   0x0000004c   Code   RO         5193    i.get_motor_measure  bsp_can.o
    0x08005f48   0x0000000a   Code   RO         5194    i.get_motor_offset  bsp_can.o
    0x08005f52   0x00000002   PAD
    0x08005f54   0x00000008   Code   RO         5287    i.get_remote_control_point  bsp_sbus.o
    0x08005f5c   0x00000018   Code   RO         5196    i.get_upper_motor_measure_point  bsp_can.o
    0x08005f74   0x0000003c   Code   RO         5558    i.led_task          led_task.o
    0x08005fb0   0x00000050   Code   RO           17    i.main              main.o
    0x08006000   0x0000000c   Code   RO         4609    i.makeFreeRtosPriority  cmsis_os.o
    0x0800600c   0x00000056   Code   RO         5197    i.my_can_filter_init_recv_all  bsp_can.o
    0x08006062   0x0000000e   Code   RO         4611    i.osDelay           cmsis_os.o
    0x08006070   0x0000000a   Code   RO         4614    i.osKernelStart     cmsis_os.o
    0x0800607a   0x00000054   Code   RO         4648    i.osThreadCreate    cmsis_os.o
    0x080060ce   0x00000002   PAD
    0x080060d0   0x000001c4   Code   RO         5703    i.pid_calc          pid.o
    0x08006294   0x0000000e   Code   RO         5705    i.pid_param_init    pid.o
    0x080062a2   0x00000006   Code   RO         5706    i.pid_reset         pid.o
    0x080062a8   0x00000070   Code   RO         4291    i.prvAddCurrentTaskToDelayedList  tasks.o
    0x08006318   0x000000d0   Code   RO         4292    i.prvAddNewTaskToReadyList  tasks.o
    0x080063e8   0x00000034   Code   RO         4293    i.prvDeleteTCB      tasks.o
    0x0800641c   0x0000004c   Code   RO         4976    i.prvHeapInit       heap_4.o
    0x08006468   0x00000060   Code   RO         4294    i.prvIdleTask       tasks.o
    0x080064c8   0x00000098   Code   RO         4295    i.prvInitialiseNewTask  tasks.o
    0x08006560   0x0000004c   Code   RO         4977    i.prvInsertBlockIntoFreeList  heap_4.o
    0x080065ac   0x00000020   Code   RO         4296    i.prvResetNextTaskUnblockTime  tasks.o
    0x080065cc   0x00000028   Code   RO         5045    i.prvTaskExitError  port.o
    0x080065f4   0x000000dc   Code   RO         4978    i.pvPortMalloc      heap_4.o
    0x080066d0   0x0000002c   Code   RO         5046    i.pxPortInitialiseStack  port.o
    0x080066fc   0x0000008e   Code   RO         5288    i.rc_callback_handler  bsp_sbus.o
    0x0800678a   0x00000002   PAD
    0x0800678c   0x00000094   Code   RO         5660    i.set_C620moter     upper_behaviour.o
    0x08006820   0x0000002c   Code   RO         5198    i.set_motor         bsp_can.o
    0x0800684c   0x00000042   Code   RO         5199    i.set_motor_A       bsp_can.o
    0x0800688e   0x00000044   Code   RO         5200    i.set_motor_B       bsp_can.o
    0x080068d2   0x0000006e   Code   RO         5787    i.sqrt              m_wm.l(sqrt.o)
    0x08006940   0x00000190   Code   RO         5625    i.test_task         test_task.o
    0x08006ad0   0x00000060   Code   RO         5290    i.uart_receive_handler  bsp_sbus.o
    0x08006b30   0x000000f4   Code   RO         5626    i.upper_Init        test_task.o
    0x08006c24   0x0000006c   Code   RO         5661    i.upper_feedback_update  upper_behaviour.o
    0x08006c90   0x00000026   Code   RO         3927    i.uxListRemove      list.o
    0x08006cb6   0x00000002   PAD
    0x08006cb8   0x00000014   Code   RO          277    i.vApplicationGetIdleTaskMemory  freertos.o
    0x08006ccc   0x00000016   Code   RO         3928    i.vListInitialise   list.o
    0x08006ce2   0x00000006   Code   RO         3929    i.vListInitialiseItem  list.o
    0x08006ce8   0x00000030   Code   RO         3930    i.vListInsert       list.o
    0x08006d18   0x00000018   Code   RO         3931    i.vListInsertEnd    list.o
    0x08006d30   0x00000040   Code   RO         5048    i.vPortEnterCritical  port.o
    0x08006d70   0x00000028   Code   RO         5049    i.vPortExitCritical  port.o
    0x08006d98   0x00000064   Code   RO         4979    i.vPortFree         heap_4.o
    0x08006dfc   0x00000024   Code   RO         5050    i.vPortSetupTimerInterrupt  port.o
    0x08006e20   0x0000004c   Code   RO         4305    i.vTaskDelay        tasks.o
    0x08006e6c   0x0000006c   Code   RO         4318    i.vTaskStartScheduler  tasks.o
    0x08006ed8   0x00000010   Code   RO         4320    i.vTaskSuspendAll   tasks.o
    0x08006ee8   0x0000005c   Code   RO         4321    i.vTaskSwitchContext  tasks.o
    0x08006f44   0x000000f4   Code   RO         5052    i.xPortStartScheduler  port.o
    0x08007038   0x0000005a   Code   RO         4324    i.xTaskCreate       tasks.o
    0x08007092   0x00000056   Code   RO         4325    i.xTaskCreateStatic  tasks.o
    0x080070e8   0x000000cc   Code   RO         4332    i.xTaskIncrementTick  tasks.o
    0x080071b4   0x000000c4   Code   RO         4338    i.xTaskResumeAll    tasks.o
    0x08007278   0x00000054   Data   RO          279    .constdata          freertos.o
    0x080072cc   0x00000008   Data   RO         1448    .constdata          stm32f4xx_hal_dma.o
    0x080072d4   0x00000010   Data   RO         3790    .constdata          system_stm32f4xx.o
    0x080072e4   0x00000008   Data   RO         3791    .constdata          system_stm32f4xx.o
    0x080072ec   0x00000004   PAD
    0x080072f0   0x00000088   Data   RO         5774    .constdata          m_wm.l(pow.o)
    0x08007378   0x00000098   Data   RO         6088    .constdata          m_wm.l(atan.o)
    0x08007410   0x00000008   Data   RO         6123    .constdata          m_wm.l(qnan.o)
    0x08007418   0x0000001d   Data   RO          280    .conststring        freertos.o
    0x08007435   0x00000003   PAD
    0x08007438   0x00000020   Data   RO         6173    Region$$Table       anon$$obj.o


    Execution Region RW_IRAM2 (Base: 0x10000000, Size: 0x00000000, Max: 0x00010000, ABSOLUTE)

    **** No section assigned to this execution region ****


    Execution Region RW_IRAM1 (Base: 0x20000000, Size: 0x00005d60, Max: 0x00030000, ABSOLUTE)

    Base Addr    Size         Type   Attr      Idx    E Section Name        Object

    0x20000000   0x00000004   Data   RW           20    .data               main.o
    0x20000004   0x00000004   Data   RW           21    .data               main.o
    0x20000008   0x00000004   Data   RW           22    .data               main.o
    0x2000000c   0x00000004   Data   RW           23    .data               main.o
    0x20000010   0x00000004   Data   RW           24    .data               main.o
    0x20000014   0x00000004   Data   RW           25    .data               main.o
    0x20000018   0x00000001   Data   RW           26    .data               main.o
    0x20000019   0x00000003   PAD
    0x2000001c   0x00000004   Data   RW           27    .data               main.o
    0x20000020   0x00000004   Data   RW           28    .data               main.o
    0x20000024   0x00000004   Data   RW           29    .data               main.o
    0x20000028   0x00000004   Data   RW           30    .data               main.o
    0x2000002c   0x00000001   Data   RW           31    .data               main.o
    0x2000002d   0x00000003   PAD
    0x20000030   0x0000000c   Data   RW          281    .data               freertos.o
    0x2000003c   0x00000004   Data   RW          330    .data               can.o
    0x20000040   0x0000000c   Data   RW         1895    .data               stm32f4xx_hal.o
    0x2000004c   0x00000004   Data   RW         3792    .data               system_stm32f4xx.o
    0x20000050   0x0000003c   Data   RW         4341    .data               tasks.o
    0x2000008c   0x00000020   Data   RW         4985    .data               heap_4.o
    0x200000ac   0x0000000c   Data   RW         5053    .data               port.o
    0x200000b8   0x00000001   Data   RW         5391    .data               chassis_behaviour.o
    0x200000b9   0x00000003   PAD
    0x200000bc   0x00000004   Data   RW         6138    .data               mc_w.l(stdout.o)
    0x200000c0   0x00000004   Data   RW         6150    .data               mc_w.l(errno.o)
    0x200000c4   0x000000ff   Zero   RW           18    .bss                main.o
    0x200001c3   0x000000ff   Zero   RW           19    .bss                main.o
    0x200002c2   0x00000002   PAD
    0x200002c4   0x00000254   Zero   RW          278    .bss                freertos.o
    0x20000518   0x00000050   Zero   RW          329    .bss                can.o
    0x20000568   0x00000058   Zero   RW          401    .bss                spi.o
    0x200005c0   0x00000230   Zero   RW          446    .bss                usart.o
    0x200007f0   0x00000018   Zero   RW          517    .bss                stm32f4xx_it.o
    0x20000808   0x00000048   Zero   RW          652    .bss                stm32f4xx_hal_timebase_tim.o
    0x20000850   0x000000f0   Zero   RW         4340    .bss                tasks.o
    0x20000940   0x00003c00   Zero   RW         4984    .bss                heap_4.o
    0x20004540   0x00000340   Zero   RW         5201    .bss                bsp_can.o
    0x20004880   0x00000034   Zero   RW         5291    .bss                bsp_sbus.o
    0x200048b4   0x00000854   Zero   RW         5437    .bss                chassis_task.o
    0x20005108   0x00000854   Zero   RW         5627    .bss                test_task.o
    0x2000595c   0x00000004   PAD
    0x20005960   0x00000400   Zero   RW            1    STACK               startup_stm32f427xx.o


==============================================================================

Image component sizes


      Code (inc. data)   RO Data    RW Data    ZI Data      Debug   Object Name

        40          4          0          0          0       1287   action_usart.o
       666         22          0          0        832       9257   bsp_can.o
       318         22          0          0         52       4390   bsp_sbus.o
       420         40          0          4         80       2670   can.o
       196         18          0          1          0       5601   chassis_behaviour.o
      1972        130          0          0       2132       8334   chassis_task.o
       120          0          0          0          0      23593   cmsis_os.o
        92          4          0          0          0        894   dma.o
         0          0          0          0          0      17020   event_groups.o
       104         14        113         12        596       2284   freertos.o
       444         32          0          0          0       1307   gpio.o
       472         24          0         32      15360       7651   heap_4.o
        60          4          0          0          0        543   led_task.o
       138          0          0          0          0       3750   list.o
       288         30          0         42        510     797922   main.o
       574         16          0          0          0       4829   pid.o
       702         72          0         12          0      11364   port.o
       184         24          0          0         88       1829   spi.o
        36          8        428          0       1024        868   startup_stm32f427xx.o
        80         14          0         12          0       8430   stm32f4xx_hal.o
      1682          6          0          0          0      15725   stm32f4xx_hal_can.o
       158         14          0          0          0      33326   stm32f4xx_hal_cortex.o
      1154         16          8          0          0       8550   stm32f4xx_hal_dma.o
       584         54          0          0          0       3007   stm32f4xx_hal_gpio.o
        56          4          0          0          0        934   stm32f4xx_hal_msp.o
       112         14          0          0          0       1356   stm32f4xx_hal_pwr_ex.o
      1412         86          0          0          0       6137   stm32f4xx_hal_rcc.o
       188          0          0          0          0       1263   stm32f4xx_hal_spi.o
       786         72          0          0          0       7696   stm32f4xx_hal_tim.o
         4          0          0          0          0       1705   stm32f4xx_hal_tim_ex.o
       116         16          0          0         72       1524   stm32f4xx_hal_timebase_tim.o
      2136         30          0          0          0      16717   stm32f4xx_hal_uart.o
       772        238          0          0         24      10377   stm32f4xx_it.o
         0          0          0          0          0        392   stream_buffer.o
        16          4         24          4          0       1231   system_stm32f4xx.o
      1520        112          0         60        240      20054   tasks.o
       644         50          0          0       2132       2542   test_task.o
       336         50          0          0          0       1984   upper_behaviour.o
       880         86          0          0        560       4402   usart.o

    ----------------------------------------------------------------------
     19494       1330        612        188      23708    1052745   Object Totals
         0          0         32          0          0          0   (incl. Generated)
        32          0          7          9          6          0   (incl. Padding)

    ----------------------------------------------------------------------

      Code (inc. data)   RO Data    RW Data    ZI Data      Debug   Library Member Name

       744        106        152          0          0        352   atan.o
       496         64          0          0          0        192   atan2.o
       184         44          0          0          0        744   dunder.o
        24          0          0          0          0        124   fabs.o
        48          0          0          0          0        124   fpclassify.o
       248          0          0          0          0        152   poly.o
      3152        296        136          0          0        352   pow.o
         0          0          8          0          0          0   qnan.o
       232          0          0          0          0        296   sqrt.o
         0          0          0          0          0          0   entry.o
         0          0          0          0          0          0   entry10a.o
         0          0          0          0          0          0   entry11a.o
         8          4          0          0          0          0   entry2.o
         4          0          0          0          0          0   entry5.o
         0          0          0          0          0          0   entry7b.o
         0          0          0          0          0          0   entry8b.o
         8          4          0          0          0          0   entry9a.o
        12          6          0          4          0         68   errno.o
        30          0          0          0          0          0   handlers.o
        36          8          0          0          0         68   init.o
         0          0          0          0          0          0   iusefp.o
        30          0          0          0          0         68   llshl.o
        36          0          0          0          0         68   llsshr.o
        32          0          0          0          0         68   llushr.o
        36          0          0          0          0         68   memcpya.o
        36          0          0          0          0        108   memseta.o
      2324         94          0          0          0        600   printfa.o
         0          0          0          4          0          0   stdout.o
        44          0          0          0          0         80   uidiv.o
        98          0          0          0          0         92   uldiv.o
        48          0          0          0          0         68   cdrcmple.o
        56          0          0          0          0         88   d2f.o
       334          0          0          0          0        148   dadd.o
       222          0          0          0          0        100   ddiv.o
       186          0          0          0          0        176   depilogue.o
        48          0          0          0          0         68   dfixul.o
        34          0          0          0          0         76   dflti.o
       228          0          0          0          0         96   dmul.o
        46          0          0          0          0         80   dscalb.o
       162          0          0          0          0        100   dsqrt.o
        38          0          0          0          0         68   f2d.o
       110          0          0          0          0        168   fepilogue.o

    ----------------------------------------------------------------------
      9382        626        296          8          0       4860   Library Totals
         8          0          0          0          0          0   (incl. Padding)

    ----------------------------------------------------------------------

      Code (inc. data)   RO Data    RW Data    ZI Data      Debug   Library Name

      5128        510        296          0          0       2336   m_wm.l
      2734        116          0          8          0       1288   mc_w.l
      1512          0          0          0          0       1236   mf_w.l

    ----------------------------------------------------------------------
      9382        626        296          8          0       4860   Library Totals

    ----------------------------------------------------------------------

==============================================================================


      Code (inc. data)   RO Data    RW Data    ZI Data      Debug   

     28876       1956        908        196      23708    1037409   Grand Totals
     28876       1956        908        196      23708    1037409   ELF Image Totals
     28876       1956        908        196          0          0   ROM Totals

==============================================================================

    Total RO  Size (Code + RO Data)                29784 (  29.09kB)
    Total RW  Size (RW Data + ZI Data)             23904 (  23.34kB)
    Total ROM Size (Code + RO Data + RW Data)      29980 (  29.28kB)

==============================================================================

